     VMA      LMA     Size Align Out     In      Symbol
42000000        0        8     1 .header
42000000        0        4     1         LONG ( 0xaedb041d )
42000004        4        4     1         LONG ( 0xaedb041d )
42000008        8        0     1 _stext = ORIGIN ( IROM ) + 8
42000008        8        0     1 PROVIDE ( _stack_start = ORIGIN ( REGION_STACK ) + LENGTH ( REGION_STACK ) )
42000008        8        0     1 PROVIDE ( _max_hart_id = 0 )
42000008        8        0     1 PROVIDE ( _hart_stack_size = 2K )
42000008        8        0     1 PROVIDE ( _heap_size = 0 )
42000008        8        0     1 PROVIDE ( UserSoft = DefaultHandler )
42000008        8        0     1 PROVIDE ( SupervisorSoft = DefaultHandler )
42000008        8        0     1 PROVIDE ( MachineSoft = DefaultHandler )
42000008        8        0     1 PROVIDE ( UserTimer = DefaultHandler )
42000008        8        0     1 PROVIDE ( SupervisorTimer = DefaultHandler )
42000008        8        0     1 PROVIDE ( MachineTimer = DefaultHandler )
42000008        8        0     1 PROVIDE ( UserExternal = DefaultHandler )
42000008        8        0     1 PROVIDE ( SupervisorExternal = DefaultHandler )
42000008        8        0     1 PROVIDE ( MachineExternal = DefaultHandler )
42000008        8        0     1 PROVIDE ( DefaultHandler = DefaultInterruptHandler )
42000008        8        0     1 PROVIDE ( __pre_init = default_pre_init )
42000008        8        0     1 PROVIDE ( _setup_interrupts = default_setup_interrupts )
42000008        8        0     1 PROVIDE ( _mp_hook = default_mp_hook )
42000008        8        0     1 .text.dummy
42000008        8        0     1         . = ABSOLUTE ( _stext )
42000008        8     5394     2 .text
42000008        8       82     1         /Users/mabez/Development/rust/embedded/experiments/esp32c3-experiments/target/riscv32imac-unknown-none-elf/debug/deps/libriscv_rt-792395b706c7e295.rlib(riscv-rt.o):(.init)
42000008        8        0     1                 .L0 
42000008        8        0     1                 .L0 
42000008        8        0     1                 .L0 
42000008        8        0     1                 _start
4200000c        c        0     1                 .L0 
42000010       10        0     1                 _abs_start
42000010       10        0     1                 .L0 
42000010       10        0     1                 .L0 
42000012       12        0     1                 .L0 
42000014       14        0     1                 .L0 
42000016       16        0     1                 .L0 
42000018       18        0     1                 .L0 
4200001a       1a        0     1                 .L0 
4200001c       1c        0     1                 .L0 
4200001e       1e        0     1                 .L0 
42000020       20        0     1                 .L0 
42000022       22        0     1                 .L0 
42000024       24        0     1                 .L0 
42000026       26        0     1                 .L0 
42000028       28        0     1                 .L0 
4200002a       2a        0     1                 .L0 
4200002c       2c        0     1                 .L0 
4200002e       2e        0     1                 .L0 
42000030       30        0     1                 .L0 
42000032       32        0     1                 .L0 
42000034       34        0     1                 .L0 
42000036       36        0     1                 .L0 
42000038       38        0     1                 .L0 
4200003a       3a        0     1                 .L0 
4200003c       3c        0     1                 .L0 
4200003e       3e        0     1                 .L0 
42000040       40        0     1                 .L0 
42000042       42        0     1                 .L0 
42000044       44        0     1                 .L0 
42000046       46        0     1                 .L0 
42000048       48        0     1                 .L0 
4200004a       4a        0     1                 .L0 
4200004c       4c        0     1                 .L0 
4200004e       4e        0     1                 .L0 
4200004e       4e        0     1                 .L0 
42000056       56        0     1                 .L0 
4200005a       5a        0     1                 .L0 
4200005e       5e        0     1                 .L0 
42000062       62        0     1                 .L0 
4200006a       6a        0     1                 .L0 
4200006a       6a        0     1                 .L0 
42000072       72        0     1                 .L0 
42000076       76        0     1                 .L0 
4200007a       7a        0     1                 .L0 
4200007e       7e        0     1                 .L0 
42000082       82        0     1                 .L0 
42000086       86        0     1                 .L0 
4200008a       8a        0     1                 .L0 
4200008a       8a        0     1                 .L0 
4200008a       8a        0     1                 .L0 
4200008a       8a       74     2         /Users/mabez/Development/rust/embedded/experiments/esp32c3-experiments/target/riscv32imac-unknown-none-elf/debug/deps/libriscv_rt-792395b706c7e295.rlib(riscv_rt-792395b706c7e295.n23zmh27zi56vj2.rcgu.o):(.init.rust)
4200008a       8a        0     1                 
4200008a       8a        0     1                 
4200008a       8a        0     1                 
4200008a       8a       74     1                 _start_rust
4200008c       8c        0     1                 
4200008c       8c        0     1                 
4200008e       8e        0     1                 
4200009a       9a        0     1                 
4200009e       9e        0     1                 
420000a4       a4        0     1                 
420000ae       ae        0     1                 
420000b8       b8        0     1                 
420000d2       d2        0     1                 
420000f4       f4        0     1                 
420000fe       fe        0     1                 
420000fe       fe        0     1                 
420000fe       fe        0     1                 
420000fe       fe        2     1         . = ALIGN ( 4 )
42000100      100       92     1         /Users/mabez/Development/rust/embedded/experiments/esp32c3-experiments/target/riscv32imac-unknown-none-elf/debug/deps/libriscv_atomic_emulation_trap-9111affe446510c3.rlib(riscv-atomic-emulation-trap.o):(.trap)
42000100      100        0     1                 .L0 
42000100      100        0     1                 .L0 
42000100      100        0     1                 _start_trap
42000102      102        0     1                 .L0 
42000104      104        0     1                 .L0 
42000106      106        0     1                 .L0 
42000108      108        0     1                 .L0 
4200010a      10a        0     1                 .L0 
4200010c      10c        0     1                 .L0 
4200010e      10e        0     1                 .L0 
42000110      110        0     1                 .L0 
42000112      112        0     1                 .L0 
42000114      114        0     1                 .L0 
42000116      116        0     1                 .L0 
42000118      118        0     1                 .L0 
4200011a      11a        0     1                 .L0 
4200011c      11c        0     1                 .L0 
4200011e      11e        0     1                 .L0 
42000120      120        0     1                 .L0 
42000122      122        0     1                 .L0 
42000124      124        0     1                 .L0 
42000126      126        0     1                 .L0 
42000128      128        0     1                 .L0 
4200012a      12a        0     1                 .L0 
4200012c      12c        0     1                 .L0 
4200012e      12e        0     1                 .L0 
42000130      130        0     1                 .L0 
42000132      132        0     1                 .L0 
42000134      134        0     1                 .L0 
42000136      136        0     1                 .L0 
42000138      138        0     1                 .L0 
4200013a      13a        0     1                 .L0 
4200013c      13c        0     1                 .L0 
4200013e      13e        0     1                 .L0 
42000140      140        0     1                 .L0 
42000142      142        0     1                 .L0 
42000146      146        0     1                 .L0 
4200014a      14a        0     1                 .L0 
4200014e      14e        0     1                 .L0 
42000150      150        0     1                 .L0 
42000152      152        0     1                 .L0 
42000154      154        0     1                 .L0 
42000156      156        0     1                 .L0 
42000158      158        0     1                 .L0 
4200015a      15a        0     1                 .L0 
4200015c      15c        0     1                 .L0 
4200015e      15e        0     1                 .L0 
42000160      160        0     1                 .L0 
42000162      162        0     1                 .L0 
42000164      164        0     1                 .L0 
42000166      166        0     1                 .L0 
42000168      168        0     1                 .L0 
4200016a      16a        0     1                 .L0 
4200016c      16c        0     1                 .L0 
4200016e      16e        0     1                 .L0 
42000170      170        0     1                 .L0 
42000172      172        0     1                 .L0 
42000174      174        0     1                 .L0 
42000176      176        0     1                 .L0 
42000178      178        0     1                 .L0 
4200017a      17a        0     1                 .L0 
4200017c      17c        0     1                 .L0 
4200017e      17e        0     1                 .L0 
42000180      180        0     1                 .L0 
42000182      182        0     1                 .L0 
42000184      184        0     1                 .L0 
42000186      186        0     1                 .L0 
42000188      188        0     1                 .L0 
4200018a      18a        0     1                 .L0 
4200018c      18c        0     1                 .L0 
4200018e      18e        0     1                 .L0 
42000192      192        0     1                 .L0 
42000192      192        0     1                 .L0 
42000192      192       b2     2         /Users/mabez/Development/rust/embedded/experiments/esp32c3-experiments/target/riscv32imac-unknown-none-elf/debug/deps/libriscv_rt-792395b706c7e295.rlib(riscv_rt-792395b706c7e295.n23zmh27zi56vj2.rcgu.o):(.trap.rust)
42000192      192        0     1                 
42000192      192        0     1                 
42000192      192        0     1                 
42000192      192       b2     1                 _start_trap_rust
42000194      194        0     1                 
42000196      196        0     1                 
4200019a      19a        0     1                 
420001a6      1a6        0     1                 
420001a8      1a8        0     1                 
420001a8      1a8        0     1                 
420001b4      1b4        0     1                 
420001b8      1b8        0     1                 
420001be      1be        0     1                 
420001c0      1c0        0     1                 
420001d0      1d0        0     1                 
420001dc      1dc        0     1                 
420001dc      1dc        0     1                 
420001e2      1e2        0     1                 
420001e6      1e6        0     1                 
420001e6      1e6        0     1                 
420001ec      1ec        0     1                 
420001f6      1f6        0     1                 
420001fa      1fa        0     1                 
42000200      200        0     1                 
42000212      212        0     1                 
42000212      212        0     1                 
4200021c      21c        0     1                 
4200021c      21c        0     1                 
42000232      232        0     1                 
42000232      232        0     1                 
4200023c      23c        0     1                 
42000244      244        0     1                 
42000244      244        0     1                 
42000244      244        0     1                 
42000244      244        0     1                 
42000244      244      232     2         /Users/mabez/Development/rust/embedded/experiments/esp32c3-experiments/target/riscv32imac-unknown-none-elf/debug/deps/esp32c3-5c92695bd7d79a0b.1167rr2z31gresnb.rcgu.o:(.text._ZN4core4char7methods15encode_utf8_raw17h299a6d115de95946E)
42000244      244      232     1                 core::char::methods::encode_utf8_raw::h299a6d115de95946
42000244      244        0     1                 
42000244      244        0     1                 
42000244      244        0     1                 
42000246      246        0     1                 
42000248      248        0     1                 
42000252      252        0     1                 
4200025e      25e        0     1                 
4200025e      25e        0     1                 
42000264      264        0     1                 
4200027c      27c        0     1                 
42000288      288        0     1                 
42000294      294        0     1                 
42000298      298        0     1                 
4200029e      29e        0     1                 
420002a2      2a2        0     1                 
420002a8      2a8        0     1                 
420002ac      2ac        0     1                 
420002b2      2b2        0     1                 
420002b8      2b8        0     1                 
420002cc      2cc        0     1                 
420002cc      2cc        0     1                 
420002e2      2e2        0     1                 
420002e2      2e2        0     1                 
420002ec      2ec        0     1                 
420002f6      2f6        0     1                 
42000300      300        0     1                 
4200030a      30a        0     1                 
42000310      310        0     1                 
42000316      316        0     1                 
4200031c      31c        0     1                 
42000322      322        0     1                 
42000322      322        0     1                 
42000326      326        0     1                 
42000328      328        0     1                 
42000330      330        0     1                 
42000334      334        0     1                 
42000338      338        0     1                 
42000340      340        0     1                 
42000344      344        0     1                 
42000348      348        0     1                 
42000350      350        0     1                 
42000354      354        0     1                 
42000358      358        0     1                 
42000360      360        0     1                 
42000360      360        0     1                 
42000362      362        0     1                 
42000368      368        0     1                 
4200036a      36a        0     1                 
42000380      380        0     1                 
42000384      384        0     1                 
4200038a      38a        0     1                 
42000390      390        0     1                 
42000390      390        0     1                 
42000394      394        0     1                 
42000396      396        0     1                 
4200039e      39e        0     1                 
420003a2      3a2        0     1                 
420003a6      3a6        0     1                 
420003ae      3ae        0     1                 
420003b2      3b2        0     1                 
420003b6      3b6        0     1                 
420003be      3be        0     1                 
420003be      3be        0     1                 
420003c0      3c0        0     1                 
420003c4      3c4        0     1                 
420003ca      3ca        0     1                 
420003ca      3ca        0     1                 
420003ce      3ce        0     1                 
420003d0      3d0        0     1                 
420003d8      3d8        0     1                 
420003dc      3dc        0     1                 
420003e0      3e0        0     1                 
420003e8      3e8        0     1                 
420003e8      3e8        0     1                 
420003ea      3ea        0     1                 
420003ee      3ee        0     1                 
420003ee      3ee        0     1                 
420003f0      3f0        0     1                 
420003f4      3f4        0     1                 
420003f4      3f4        0     1                 
420003f6      3f6        0     1                 
420003f6      3f6        0     1                 
42000400      400        0     1                 
42000400      400        0     1                 
42000448      448        0     1                 
42000448      448        0     1                 
42000476      476        0     1                 
42000476      476        0     1                 
42000476      476        0     1                 
42000476      476        0     1                 
42000476      476       34     2         /Users/mabez/Development/rust/embedded/experiments/esp32c3-experiments/target/riscv32imac-unknown-none-elf/debug/deps/esp32c3-5c92695bd7d79a0b.1167rr2z31gresnb.rcgu.o:(.text._ZN4core4char7methods22_$LT$impl$u20$char$GT$11encode_utf817hb6ec394375e3e7d4E)
42000476      476        0     1                 
42000476      476        0     1                 
42000476      476        0     1                 
42000476      476       34     1                 core::char::methods::_$LT$impl$u20$char$GT$::encode_utf8::hb6ec394375e3e7d4
42000478      478        0     1                 
4200047a      47a        0     1                 
42000480      480        0     1                 
4200048e      48e        0     1                 
420004a0      4a0        0     1                 
420004aa      4aa        0     1                 
420004aa      4aa        0     1                 
420004aa      4aa        0     1                 
420004aa      4aa       4a     2         /Users/mabez/Development/rust/embedded/experiments/esp32c3-experiments/target/riscv32imac-unknown-none-elf/debug/deps/esp32c3-5c92695bd7d79a0b.1167rr2z31gresnb.rcgu.o:(.text._ZN4core4char7methods8len_utf817hbddc461b67dcad4eE)
420004aa      4aa       4a     1                 core::char::methods::len_utf8::hbddc461b67dcad4e
420004aa      4aa        0     1                 
420004aa      4aa        0     1                 
420004aa      4aa        0     1                 
420004ac      4ac        0     1                 
420004b4      4b4        0     1                 
420004ba      4ba        0     1                 
420004c6      4c6        0     1                 
420004c8      4c8        0     1                 
420004ca      4ca        0     1                 
420004cc      4cc        0     1                 
420004d2      4d2        0     1                 
420004de      4de        0     1                 
420004e0      4e0        0     1                 
420004e2      4e2        0     1                 
420004e4      4e4        0     1                 
420004e6      4e6        0     1                 
420004e8      4e8        0     1                 
420004ea      4ea        0     1                 
420004ec      4ec        0     1                 
420004ee      4ee        0     1                 
420004f0      4f0        0     1                 
420004f2      4f2        0     1                 
420004f4      4f4        0     1                 
420004f4      4f4        0     1                 
420004f4      4f4        0     1                 
420004f4      4f4       72     2         /Users/mabez/Development/rust/embedded/experiments/esp32c3-experiments/target/riscv32imac-unknown-none-elf/debug/deps/esp32c3-5c92695bd7d79a0b.17kfpczq76poenv8.rcgu.o:(.text.rust_begin_unwind)
420004f4      4f4        0     1                 
420004f4      4f4        0     1                 
420004f4      4f4        0     1                 
420004f4      4f4       72     1                 rust_begin_unwind
420004f6      4f6        0     1                 
420004f8      4f8        0     1                 
420004fc      4fc        0     1                 
42000500      500        0     1                 
42000500      500        0     1                 
42000520      520        0     1                 
42000520      520        0     1                 
42000548      548        0     1                 
4200054c      54c        0     1                 
42000564      564        0     1                 
42000566      566        0     1                 
42000566      566        0     1                 
42000566      566        0     1                 
42000566      566      210     2         /Users/mabez/Development/rust/embedded/experiments/esp32c3-experiments/target/riscv32imac-unknown-none-elf/debug/deps/esp32c3-5c92695bd7d79a0b.17kfpczq76poenv8.rcgu.o:(.text.ExceptionHandler)
42000566      566        0     1                 
42000566      566        0     1                 
42000566      566        0     1                 
42000566      566      210     1                 ExceptionHandler
42000568      568        0     1                 
4200056c      56c        0     1                 
4200056e      56e        0     1                 
4200057a      57a        0     1                 
4200057c      57c        0     1                 
42000582      582        0     1                 
42000582      582        0     1                 
420005a2      5a2        0     1                 
420005a2      5a2        0     1                 
420005ca      5ca        0     1                 
420005ce      5ce        0     1                 
420005e6      5e6        0     1                 
420005e8      5e8        0     1                 
420005ee      5ee        0     1                 
420005ee      5ee        0     1                 
4200060c      60c        0     1                 
4200060c      60c        0     1                 
42000626      626        0     1                 
4200062a      62a        0     1                 
42000642      642        0     1                 
42000644      644        0     1                 
42000650      650        0     1                 
42000654      654        0     1                 
4200065a      65a        0     1                 
42000668      668        0     1                 
4200066a      66a        0     1                 
42000670      670        0     1                 
42000670      670        0     1                 
4200068e      68e        0     1                 
4200068e      68e        0     1                 
420006a8      6a8        0     1                 
420006ac      6ac        0     1                 
420006c4      6c4        0     1                 
420006d0      6d0        0     1                 
420006d2      6d2        0     1                 
420006e0      6e0        0     1                 
420006ec      6ec        0     1                 
42000708      708        0     1                 
42000710      710        0     1                 
42000712      712        0     1                 
4200071a      71a        0     1                 
4200071a      71a        0     1                 
4200073a      73a        0     1                 
4200073a      73a        0     1                 
42000776      776        0     1                 
42000776      776        0     1                 
42000776      776        0     1                 
42000776      776      2de     2         /Users/mabez/Development/rust/embedded/experiments/esp32c3-experiments/target/riscv32imac-unknown-none-elf/debug/deps/esp32c3-5c92695bd7d79a0b.17kfpczq76poenv8.rcgu.o:(.text.main)
42000776      776        0     1                 
42000776      776        0     1                 
42000776      776        0     1                 
42000776      776      2de     1                 main
42000778      778        0     1                 
42000778      778        0     1                 
42000778      778        0     1                 
4200077c      77c        0     1                 
42000784      784        0     1                 
42000784      784        0     1                 
4200078e      78e        0     1                 
42000790      790        0     1                 
4200079c      79c        0     1                 
4200079c      79c        0     1                 
420007bc      7bc        0     1                 
420007c0      7c0        0     1                 
420007e0      7e0        0     1                 
420007ee      7ee        0     1                 
420007ee      7ee        0     1                 
4200080c      80c        0     1                 
4200080c      80c        0     1                 
42000826      826        0     1                 
4200082a      82a        0     1                 
4200084a      84a        0     1                 
42000852      852        0     1                 
4200085e      85e        0     1                 
42000860      860        0     1                 
42000860      860        0     1                 
42000870      870        0     1                 
42000872      872        0     1                 
42000872      872        0     1                 
42000878      878        0     1                 
42000880      880        0     1                 
420008a8      8a8        0     1                 
420008aa      8aa        0     1                 
420008aa      8aa        0     1                 
420008b0      8b0        0     1                 
420008b0      8b0        0     1                 
420008ce      8ce        0     1                 
420008ce      8ce        0     1                 
420008e8      8e8        0     1                 
420008ec      8ec        0     1                 
4200090c      90c        0     1                 
4200092c      92c        0     1                 
42000930      930        0     1                 
42000950      950        0     1                 
42000952      952        0     1                 
42000972      972        0     1                 
42000974      974        0     1                 
4200098a      98a        0     1                 
42000992      992        0     1                 
42000994      994        0     1                 
420009a6      9a6        0     1                 
420009aa      9aa        0     1                 
420009b0      9b0        0     1                 
420009d0      9d0        0     1                 
420009d4      9d4        0     1                 
420009f4      9f4        0     1                 
420009f6      9f6        0     1                 
42000a16      a16        0     1                 
42000a18      a18        0     1                 
42000a2e      a2e        0     1                 
42000a36      a36        0     1                 
42000a38      a38        0     1                 
42000a4a      a4a        0     1                 
42000a4e      a4e        0     1                 
42000a54      a54        0     1                 
42000a54      a54        0     1                 
42000a54      a54        0     1                 
42000a54      a54        0     1                 
42000a54      a54        8     2         /Users/mabez/Development/rust/embedded/experiments/esp32c3-experiments/target/riscv32imac-unknown-none-elf/debug/deps/esp32c3-5c92695bd7d79a0b.1iu2tfaecczf5k50.rcgu.o:(.text._ZN4core3ptr26drop_in_place$LT$usize$GT$17h32e729a0ddb73d14E)
42000a54      a54        0     1                 
42000a54      a54        0     1                 
42000a54      a54        0     1                 
42000a54      a54        8     1                 core::ptr::drop_in_place$LT$usize$GT$::h32e729a0ddb73d14
42000a56      a56        0     1                 
42000a58      a58        0     1                 
42000a5c      a5c        0     1                 
42000a5c      a5c        0     1                 
42000a5c      a5c        0     1                 
42000a5c      a5c        8     2         /Users/mabez/Development/rust/embedded/experiments/esp32c3-experiments/target/riscv32imac-unknown-none-elf/debug/deps/esp32c3-5c92695bd7d79a0b.1iu2tfaecczf5k50.rcgu.o:(.text._ZN4core3ptr29drop_in_place$LT$$LP$$RP$$GT$17h31aff3f478c3b7c9E)
42000a5c      a5c        0     1                 
42000a5c      a5c        0     1                 
42000a5c      a5c        0     1                 
42000a5c      a5c        8     1                 core::ptr::drop_in_place$LT$$LP$$RP$$GT$::h31aff3f478c3b7c9
42000a5e      a5e        0     1                 
42000a60      a60        0     1                 
42000a64      a64        0     1                 
42000a64      a64        0     1                 
42000a64      a64        0     1                 
42000a64      a64        8     2         /Users/mabez/Development/rust/embedded/experiments/esp32c3-experiments/target/riscv32imac-unknown-none-elf/debug/deps/esp32c3-5c92695bd7d79a0b.1iu2tfaecczf5k50.rcgu.o:(.text._ZN4core3ptr31drop_in_place$LT$void..Void$GT$17h4b7b505af4926185E)
42000a64      a64        0     1                 
42000a64      a64        0     1                 
42000a64      a64        0     1                 
42000a64      a64        8     1                 core::ptr::drop_in_place$LT$void..Void$GT$::h4b7b505af4926185
42000a66      a66        0     1                 
42000a68      a68        0     1                 
42000a6c      a6c        0     1                 
42000a6c      a6c        0     1                 
42000a6c      a6c        0     1                 
42000a6c      a6c        8     2         /Users/mabez/Development/rust/embedded/experiments/esp32c3-experiments/target/riscv32imac-unknown-none-elf/debug/deps/esp32c3-5c92695bd7d79a0b.1iu2tfaecczf5k50.rcgu.o:(.text._ZN4core3ptr37drop_in_place$LT$core..fmt..Error$GT$17h6a5ed378f1d0b83bE)
42000a6c      a6c        0     1                 
42000a6c      a6c        0     1                 
42000a6c      a6c        0     1                 
42000a6c      a6c        8     1                 core::ptr::drop_in_place$LT$core..fmt..Error$GT$::h6a5ed378f1d0b83b
42000a6e      a6e        0     1                 
42000a70      a70        0     1                 
42000a74      a74        0     1                 
42000a74      a74        0     1                 
42000a74      a74        0     1                 
42000a74      a74        8     2         /Users/mabez/Development/rust/embedded/experiments/esp32c3-experiments/target/riscv32imac-unknown-none-elf/debug/deps/esp32c3-5c92695bd7d79a0b.1iu2tfaecczf5k50.rcgu.o:(.text._ZN4core3ptr50drop_in_place$LT$$RF$mut$u20$esp32c3_lib..Uart$GT$17h602744736e9b1d18E)
42000a74      a74        0     1                 
42000a74      a74        0     1                 
42000a74      a74        0     1                 
42000a74      a74        8     1                 core::ptr::drop_in_place$LT$$RF$mut$u20$esp32c3_lib..Uart$GT$::h602744736e9b1d18
42000a76      a76        0     1                 
42000a78      a78        0     1                 
42000a7c      a7c        0     1                 
42000a7c      a7c        0     1                 
42000a7c      a7c        0     1                 
42000a7c      a7c       1e     2         /Users/mabez/Development/rust/embedded/experiments/esp32c3-experiments/target/riscv32imac-unknown-none-elf/debug/deps/esp32c3-5c92695bd7d79a0b.2146etiuaoyugpgb.rcgu.o:(.text._ZN42_$LT$$RF$T$u20$as$u20$core..fmt..Debug$GT$3fmt17ha4857ba1750e555cE)
42000a7c      a7c        0     1                 
42000a7c      a7c        0     1                 
42000a7c      a7c        0     1                 
42000a7c      a7c       1e     1                 _$LT$$RF$T$u20$as$u20$core..fmt..Debug$GT$::fmt::ha4857ba1750e555c
42000a7e      a7e        0     1                 
42000a80      a80        0     1                 
42000a84      a84        0     1                 
42000a86      a86        0     1                 
42000a92      a92        0     1                 
42000a9a      a9a        0     1                 
42000a9a      a9a        0     1                 
42000a9a      a9a        0     1                 
42000a9a      a9a       2c     2         /Users/mabez/Development/rust/embedded/experiments/esp32c3-experiments/target/riscv32imac-unknown-none-elf/debug/deps/esp32c3-5c92695bd7d79a0b.2bt420y5da8z26cy.rcgu.o:(.text._ZN45_$LT$$LP$$RP$$u20$as$u20$core..fmt..Debug$GT$3fmt17h90ad71d777e2ba07E)
42000a9a      a9a        0     1                 
42000a9a      a9a        0     1                 
42000a9a      a9a        0     1                 
42000a9a      a9a       2c     1                 _$LT$$LP$$RP$$u20$as$u20$core..fmt..Debug$GT$::fmt::h90ad71d777e2ba07
42000a9c      a9c        0     1                 
42000a9e      a9e        0     1                 
42000aa8      aa8        0     1                 
42000abe      abe        0     1                 
42000ac6      ac6        0     1                 
42000ac6      ac6        0     1                 
42000ac6      ac6        0     1                 
42000ac6      ac6       26     2         /Users/mabez/Development/rust/embedded/experiments/esp32c3-experiments/target/riscv32imac-unknown-none-elf/debug/deps/esp32c3-5c92695bd7d79a0b.2bt420y5da8z26cy.rcgu.o:(.text._ZN4core3fmt9Arguments16new_v1_formatted17h0f91a10cbdd1a031E)
42000ac6      ac6        0     1                 
42000ac6      ac6        0     1                 
42000ac6      ac6        0     1                 
42000ac6      ac6       26     1                 core::fmt::Arguments::new_v1_formatted::h0f91a10cbdd1a031
42000ac8      ac8        0     1                 
42000ad4      ad4        0     1                 
42000ad8      ad8        0     1                 
42000ae8      ae8        0     1                 
42000aec      aec        0     1                 
42000aec      aec        0     1                 
42000aec      aec        0     1                 
42000aec      aec       7e     2         /Users/mabez/Development/rust/embedded/experiments/esp32c3-experiments/target/riscv32imac-unknown-none-elf/debug/deps/esp32c3-5c92695bd7d79a0b.2bt420y5da8z26cy.rcgu.o:(.text._ZN4core3fmt9Arguments6new_v117h6c53079f3591d921E)
42000aec      aec        0     1                 
42000aec      aec        0     1                 
42000aec      aec        0     1                 
42000aec      aec       7e     1                 core::fmt::Arguments::new_v1::h6c53079f3591d921
42000aee      aee        0     1                 
42000b00      b00        0     1                 
42000b06      b06        0     1                 
42000b0c      b0c        0     1                 
42000b10      b10        0     1                 
42000b16      b16        0     1                 
42000b18      b18        0     1                 
42000b2c      b2c        0     1                 
42000b38      b38        0     1                 
42000b3a      b3a        0     1                 
42000b4a      b4a        0     1                 
42000b4e      b4e        0     1                 
42000b6a      b6a        0     1                 
42000b6a      b6a        0     1                 
42000b6a      b6a        0     1                 
42000b6a      b6a       86     2         /Users/mabez/Development/rust/embedded/experiments/esp32c3-experiments/target/riscv32imac-unknown-none-elf/debug/deps/esp32c3-5c92695bd7d79a0b.2y0w5m30si0qvc1i.rcgu.o:(.text._ZN4core3fmt3num52_$LT$impl$u20$core..fmt..Debug$u20$for$u20$usize$GT$3fmt17hcae7ab75327104c5E)
42000b6a      b6a        0     1                 
42000b6a      b6a        0     1                 
42000b6a      b6a        0     1                 
42000b6a      b6a       86     1                 core::fmt::num::_$LT$impl$u20$core..fmt..Debug$u20$for$u20$usize$GT$::fmt::hcae7ab75327104c5
42000b6c      b6c        0     1                 
42000b6e      b6e        0     1                 
42000b7a      b7a        0     1                 
42000b86      b86        0     1                 
42000b8a      b8a        0     1                 
42000b90      b90        0     1                 
42000b9e      b9e        0     1                 
42000bb0      bb0        0     1                 
42000bb2      bb2        0     1                 
42000bbc      bbc        0     1                 
42000bc0      bc0        0     1                 
42000bc6      bc6        0     1                 
42000bd8      bd8        0     1                 
42000bea      bea        0     1                 
42000bec      bec        0     1                 
42000bee      bee        0     1                 
42000bf0      bf0        0     1                 
42000bf0      bf0        0     1                 
42000bf0      bf0        0     1                 
42000bf0      bf0       48     2         /Users/mabez/Development/rust/embedded/experiments/esp32c3-experiments/target/riscv32imac-unknown-none-elf/debug/deps/esp32c3-5c92695bd7d79a0b.36jwgnll5937lngu.rcgu.o:(.text._ZN4core4sync6atomic11AtomicUsize16compare_exchange17h08f39186a3afce95E)
42000bf0      bf0        0     1                 
42000bf0      bf0        0     1                 
42000bf0      bf0        0     1                 
42000bf0      bf0       48     1                 core::sync::atomic::AtomicUsize::compare_exchange::h08f39186a3afce95
42000bf2      bf2        0     1                 
42000bf4      bf4        0     1                 
42000c0e      c0e        0     1                 
42000c16      c16        0     1                 
42000c2e      c2e        0     1                 
42000c38      c38        0     1                 
42000c38      c38        0     1                 
42000c38      c38        0     1                 
42000c38      c38       14     2         /Users/mabez/Development/rust/embedded/experiments/esp32c3-experiments/target/riscv32imac-unknown-none-elf/debug/deps/esp32c3-5c92695bd7d79a0b.36jwgnll5937lngu.rcgu.o:(.text._ZN4core4sync6atomic11AtomicUsize3new17hb8765e2de2da80f0E)
42000c38      c38        0     1                 
42000c38      c38        0     1                 
42000c38      c38        0     1                 
42000c38      c38       14     1                 core::sync::atomic::AtomicUsize::new::hb8765e2de2da80f0
42000c3a      c3a        0     1                 
42000c3e      c3e        0     1                 
42000c3e      c3e        0     1                 
42000c40      c40        0     1                 
42000c40      c40        0     1                 
42000c44      c44        0     1                 
42000c48      c48        0     1                 
42000c4c      c4c        0     1                 
42000c4c      c4c        0     1                 
42000c4c      c4c        0     1                 
42000c4c      c4c        a     2         /Users/mabez/Development/rust/embedded/experiments/esp32c3-experiments/target/riscv32imac-unknown-none-elf/debug/deps/esp32c3-5c92695bd7d79a0b.46tzsed5680ekwya.rcgu.o:(.text._ZN4core3str8converts23from_utf8_unchecked_mut17h69e23b094c70c776E)
42000c4c      c4c        0     1                 
42000c4c      c4c        0     1                 
42000c4c      c4c        0     1                 
42000c4c      c4c        a     1                 core::str::converts::from_utf8_unchecked_mut::h69e23b094c70c776
42000c4e      c4e        0     1                 
42000c52      c52        0     1                 
42000c56      c56        0     1                 
42000c56      c56        0     1                 
42000c56      c56        0     1                 
42000c56      c56       40     2         /Users/mabez/Development/rust/embedded/experiments/esp32c3-experiments/target/riscv32imac-unknown-none-elf/debug/deps/esp32c3-5c92695bd7d79a0b.4d3o56o4s3rmpew1.rcgu.o:(.text._ZN4core3fmt5Write10write_char17hdb7984a69edcaf7aE)
42000c56      c56       40     1                 core::fmt::Write::write_char::hdb7984a69edcaf7a
42000c56      c56        0     1                 
42000c56      c56        0     1                 
42000c56      c56        0     1                 
42000c58      c58        0     1                 
42000c5a      c5a        0     1                 
42000c68      c68        0     1                 
42000c6e      c6e        0     1                 
42000c7c      c7c        0     1                 
42000c8e      c8e        0     1                 
42000c96      c96        0     1                 
42000c96      c96        0     1                 
42000c96      c96        0     1                 
42000c96      c96       3e     2         /Users/mabez/Development/rust/embedded/experiments/esp32c3-experiments/target/riscv32imac-unknown-none-elf/debug/deps/esp32c3-5c92695bd7d79a0b.4d3o56o4s3rmpew1.rcgu.o:(.text._ZN4core3fmt5Write9write_fmt17h905b0623b8ca4fbdE)
42000c96      c96        0     1                 
42000c96      c96        0     1                 
42000c96      c96        0     1                 
42000c96      c96       3e     1                 core::fmt::Write::write_fmt::h905b0623b8ca4fbd
42000c98      c98        0     1                 
42000c9a      c9a        0     1                 
42000c9c      c9c        0     1                 
42000cb4      cb4        0     1                 
42000cbc      cbc        0     1                 
42000cbc      cbc        0     1                 
42000cc0      cc0        0     1                 
42000ccc      ccc        0     1                 
42000cd4      cd4        0     1                 
42000cd4      cd4        0     1                 
42000cd4      cd4        0     1                 
42000cd4      cd4       1e     2         /Users/mabez/Development/rust/embedded/experiments/esp32c3-experiments/target/riscv32imac-unknown-none-elf/debug/deps/esp32c3-5c92695bd7d79a0b.4d3o56o4s3rmpew1.rcgu.o:(.text._ZN50_$LT$$RF$mut$u20$W$u20$as$u20$core..fmt..Write$GT$10write_char17hd0a9fa21e5ee12d5E)
42000cd4      cd4       1e     1                 _$LT$$RF$mut$u20$W$u20$as$u20$core..fmt..Write$GT$::write_char::hd0a9fa21e5ee12d5
42000cd4      cd4        0     1                 
42000cd4      cd4        0     1                 
42000cd4      cd4        0     1                 
42000cd6      cd6        0     1                 
42000cd8      cd8        0     1                 
42000cdc      cdc        0     1                 
42000cea      cea        0     1                 
42000cf2      cf2        0     1                 
42000cf2      cf2        0     1                 
42000cf2      cf2        0     1                 
42000cf2      cf2       36     2         /Users/mabez/Development/rust/embedded/experiments/esp32c3-experiments/target/riscv32imac-unknown-none-elf/debug/deps/esp32c3-5c92695bd7d79a0b.4d3o56o4s3rmpew1.rcgu.o:(.text._ZN50_$LT$$RF$mut$u20$W$u20$as$u20$core..fmt..Write$GT$9write_fmt17hc591f6cfc45b8976E)
42000cf2      cf2       36     1                 _$LT$$RF$mut$u20$W$u20$as$u20$core..fmt..Write$GT$::write_fmt::hc591f6cfc45b8976
42000cf2      cf2        0     1                 
42000cf2      cf2        0     1                 
42000cf2      cf2        0     1                 
42000cf4      cf4        0     1                 
42000cf6      cf6        0     1                 
42000cf8      cf8        0     1                 
42000cfa      cfa        0     1                 
42000d10      d10        0     1                 
42000d14      d14        0     1                 
42000d20      d20        0     1                 
42000d28      d28        0     1                 
42000d28      d28        0     1                 
42000d28      d28        0     1                 
42000d28      d28       20     2         /Users/mabez/Development/rust/embedded/experiments/esp32c3-experiments/target/riscv32imac-unknown-none-elf/debug/deps/esp32c3-5c92695bd7d79a0b.4d3o56o4s3rmpew1.rcgu.o:(.text._ZN50_$LT$$RF$mut$u20$W$u20$as$u20$core..fmt..Write$GT$9write_str17h6d97216e37ad7438E)
42000d28      d28       20     1                 _$LT$$RF$mut$u20$W$u20$as$u20$core..fmt..Write$GT$::write_str::h6d97216e37ad7438
42000d28      d28        0     1                 
42000d28      d28        0     1                 
42000d28      d28        0     1                 
42000d2a      d2a        0     1                 
42000d2c      d2c        0     1                 
42000d32      d32        0     1                 
42000d40      d40        0     1                 
42000d48      d48        0     1                 
42000d48      d48        0     1                 
42000d48      d48        0     1                 
42000d48      d48       1e     2         /Users/mabez/Development/rust/embedded/experiments/esp32c3-experiments/target/riscv32imac-unknown-none-elf/debug/deps/esp32c3-5c92695bd7d79a0b.4sieayjll78w32te.rcgu.o:(.text._ZN50_$LT$$RF$mut$u20$T$u20$as$u20$core..fmt..Debug$GT$3fmt17h8efddae1cbe719c6E)
42000d48      d48        0     1                 
42000d48      d48        0     1                 
42000d48      d48        0     1                 
42000d48      d48       1e     1                 _$LT$$RF$mut$u20$T$u20$as$u20$core..fmt..Debug$GT$::fmt::h8efddae1cbe719c6
42000d4a      d4a        0     1                 
42000d4c      d4c        0     1                 
42000d50      d50        0     1                 
42000d52      d52        0     1                 
42000d5e      d5e        0     1                 
42000d66      d66        0     1                 
42000d66      d66        0     1                 
42000d66      d66        0     1                 
42000d66      d66       3a     2         /Users/mabez/Development/rust/embedded/experiments/esp32c3-experiments/target/riscv32imac-unknown-none-elf/debug/deps/esp32c3-5c92695bd7d79a0b.57j3pmw6ctaj3l7m.rcgu.o:(.text._ZN4core6result19Result$LT$T$C$E$GT$6unwrap17h663fbc81b86a801aE)
42000d66      d66        0     1                 
42000d66      d66        0     1                 
42000d66      d66        0     1                 
42000d66      d66       3a     1                 core::result::Result$LT$T$C$E$GT$::unwrap::h663fbc81b86a801a
42000d68      d68        0     1                 
42000d70      d70        0     1                 
42000d78      d78        0     1                 
42000d7a      d7a        0     1                 
42000d7e      d7e        0     1                 
42000d7e      d7e        0     1                 
42000da0      da0        0     1                 
42000da0      da0        0     1                 
42000da0      da0        0     1                 
42000da0      da0        0     1                 
42000da0      da0       38     2         /Users/mabez/Development/rust/embedded/experiments/esp32c3-experiments/target/riscv32imac-unknown-none-elf/debug/deps/esp32c3-5c92695bd7d79a0b.57j3pmw6ctaj3l7m.rcgu.o:(.text._ZN4core6result19Result$LT$T$C$E$GT$6unwrap17hc213b6c646b44d45E)
42000da0      da0        0     1                 
42000da0      da0        0     1                 
42000da0      da0        0     1                 
42000da0      da0       38     1                 core::result::Result$LT$T$C$E$GT$::unwrap::hc213b6c646b44d45
42000da2      da2        0     1                 
42000da8      da8        0     1                 
42000db0      db0        0     1                 
42000db2      db2        0     1                 
42000db6      db6        0     1                 
42000db6      db6        0     1                 
42000dd8      dd8        0     1                 
42000dd8      dd8        0     1                 
42000dd8      dd8        0     1                 
42000dd8      dd8        0     1                 
42000dd8      dd8       3a     2         /Users/mabez/Development/rust/embedded/experiments/esp32c3-experiments/target/riscv32imac-unknown-none-elf/debug/deps/esp32c3-5c92695bd7d79a0b.57j3pmw6ctaj3l7m.rcgu.o:(.text._ZN4core6result19Result$LT$T$C$E$GT$6unwrap17hd3996ff543ae5edeE)
42000dd8      dd8        0     1                 
42000dd8      dd8        0     1                 
42000dd8      dd8        0     1                 
42000dd8      dd8       3a     1                 core::result::Result$LT$T$C$E$GT$::unwrap::hd3996ff543ae5ede
42000dda      dda        0     1                 
42000de2      de2        0     1                 
42000dea      dea        0     1                 
42000dec      dec        0     1                 
42000df0      df0        0     1                 
42000df0      df0        0     1                 
42000e12      e12        0     1                 
42000e12      e12        0     1                 
42000e12      e12        0     1                 
42000e12      e12        0     1                 
42000e12      e12       42     2         /Users/mabez/Development/rust/embedded/experiments/esp32c3-experiments/target/riscv32imac-unknown-none-elf/debug/deps/esp32c3-5c92695bd7d79a0b.57j3pmw6ctaj3l7m.rcgu.o:(.text._ZN4core6result19Result$LT$T$C$E$GT$6unwrap17hf20148b867a925cfE)
42000e12      e12        0     1                 
42000e12      e12        0     1                 
42000e12      e12        0     1                 
42000e12      e12       42     1                 core::result::Result$LT$T$C$E$GT$::unwrap::hf20148b867a925cf
42000e14      e14        0     1                 
42000e1c      e1c        0     1                 
42000e24      e24        0     1                 
42000e26      e26        0     1                 
42000e2a      e2a        0     1                 
42000e2e      e2e        0     1                 
42000e34      e34        0     1                 
42000e34      e34        0     1                 
42000e54      e54        0     1                 
42000e54      e54        0     1                 
42000e54      e54        0     1                 
42000e54      e54        0     1                 
42000e54      e54      292     2         /Users/mabez/Development/rust/embedded/experiments/esp32c3-experiments/target/riscv32imac-unknown-none-elf/debug/deps/esp32c3-5c92695bd7d79a0b.57vaia0p0nh7h46b.rcgu.o:(.text._ZN4core4sync6atomic23atomic_compare_exchange17h3bace4b6d5f0a5bcE)
42000e54      e54        0     1                 
42000e54      e54        0     1                 
42000e54      e54        0     1                 
42000e54      e54      292     1                 core::sync::atomic::atomic_compare_exchange::h3bace4b6d5f0a5bc
42000e56      e56        0     1                 
42000e6a      e6a        0     1                 
42000e7a      e7a        0     1                 
42000e7e      e7e        0     1                 
42000e90      e90        0     1                 
42000e98      e98        0     1                 
42000e9e      e9e        0     1                 
42000ea2      ea2        0     1                 
42000ea8      ea8        0     1                 .LBB0_4
42000ea8      ea8        0     1                 
42000eae      eae        0     1                 
42000eb4      eb4        0     1                 .LBB0_5
42000eb4      eb4        0     1                 
42000eba      eba        0     1                 
42000ec0      ec0        0     1                 .LBB0_6
42000ec0      ec0        0     1                 
42000ec8      ec8        0     1                 
42000ece      ece        0     1                 
42000ed2      ed2        0     1                 
42000ed8      ed8        0     1                 .LBB0_8
42000ed8      ed8        0     1                 
42000ee0      ee0        0     1                 
42000ee6      ee6        0     1                 
42000eea      eea        0     1                 
42000ef0      ef0        0     1                 .LBB0_10
42000ef0      ef0        0     1                 
42000ef8      ef8        0     1                 
42000efe      efe        0     1                 
42000f02      f02        0     1                 
42000f08      f08        0     1                 
42000f0c      f0c        0     1                 
42000f12      f12        0     1                 
42000f34      f34        0     1                 
42000f56      f56        0     1                 
42000f78      f78        0     1                 
42000f7a      f7a        0     1                 
42000f80      f80        0     1                 
42000f8e      f8e        0     1                 
42000f8e      f8e        0     1                 
42000f94      f94        0     1                 
42000f94      f94        0     1                 
42000f96      f96        0     1                 
42000f98      f98        0     1                 
42000fba      fba        0     1                 
42000fdc      fdc        0     1                 
42000fde      fde        0     1                 
42000fe0      fe0        0     1                 
42001002     1002        0     1                 
42001024     1024        0     1                 
42001026     1026        0     1                 
42001028     1028        0     1                 
4200104a     104a        0     1                 
4200104c     104c        0     1                 
4200106e     106e        0     1                 
4200108c     108c        0     1                 
420010aa     10aa        0     1                 
420010c8     10c8        0     1                 
420010ca     10ca        0     1                 
420010ca     10ca        0     1                 
420010d2     10d2        0     1                 
420010d4     10d4        0     1                 
420010dc     10dc        0     1                 
420010de     10de        0     1                 
420010de     10de        0     1                 
420010e6     10e6        0     1                 
420010e6     10e6        0     1                 
420010e6     10e6        0     1                 
420010e6     10e6       18     2         /Users/mabez/Development/rust/embedded/experiments/esp32c3-experiments/target/riscv32imac-unknown-none-elf/debug/deps/esp32c3-5c92695bd7d79a0b.vifbgxjspdn3ixi.rcgu.o:(.text._ZN5riscv8register4mepc4read17h4fbe3055e5ac21f3E)
420010e6     10e6        0     1                 
420010e6     10e6        0     1                 
420010e6     10e6        0     1                 
420010e6     10e6       18     1                 riscv::register::mepc::read::h4fbe3055e5ac21f3
420010e8     10e8        0     1                 
420010e8     10e8        0     1                 
420010ea     10ea        0     1                 
420010f6     10f6        0     1                 
420010fe     10fe        0     1                 
420010fe     10fe        0     1                 
420010fe     10fe        0     1                 
420010fe     10fe       18     2         /Users/mabez/Development/rust/embedded/experiments/esp32c3-experiments/target/riscv32imac-unknown-none-elf/debug/deps/esp32c3-5c92695bd7d79a0b.vifbgxjspdn3ixi.rcgu.o:(.text._ZN5riscv8register4mepc5_read17h9b11a9e143a6218aE)
420010fe     10fe       18     1                 riscv::register::mepc::_read::h9b11a9e143a6218a
420010fe     10fe        0     1                 
420010fe     10fe        0     1                 
420010fe     10fe        0     1                 
42001100     1100        0     1                 
42001100     1100        0     1                 
42001102     1102        0     1                 
4200110e     110e        0     1                 
42001116     1116        0     1                 
42001116     1116        0     1                 
42001116     1116        0     1                 
42001116     1116       16     2         /Users/mabez/Development/rust/embedded/experiments/esp32c3-experiments/target/riscv32imac-unknown-none-elf/debug/deps/esp32c3-5c92695bd7d79a0b.vifbgxjspdn3ixi.rcgu.o:(.text._ZN5riscv8register4mepc5write17hdf62b2c347232575E)
42001116     1116        0     1                 
42001116     1116        0     1                 
42001116     1116        0     1                 
42001116     1116       16     1                 riscv::register::mepc::write::hdf62b2c347232575
42001118     1118        0     1                 
4200111a     111a        0     1                 
4200111c     111c        0     1                 
42001126     1126        0     1                 
4200112c     112c        0     1                 
4200112c     112c        0     1                 
4200112c     112c        0     1                 
4200112c     112c       16     2         /Users/mabez/Development/rust/embedded/experiments/esp32c3-experiments/target/riscv32imac-unknown-none-elf/debug/deps/esp32c3-5c92695bd7d79a0b.vifbgxjspdn3ixi.rcgu.o:(.text._ZN5riscv8register4mepc6_write17h13517213e5a2df6bE)
4200112c     112c       16     1                 riscv::register::mepc::_write::h13517213e5a2df6b
4200112c     112c        0     1                 
4200112c     112c        0     1                 
4200112c     112c        0     1                 
4200112e     112e        0     1                 
42001130     1130        0     1                 
42001132     1132        0     1                 
4200113c     113c        0     1                 
42001142     1142        0     1                 
42001142     1142        0     1                 
42001142     1142        0     1                 
42001142     1142       24     2         /Users/mabez/Development/rust/embedded/experiments/esp32c3-experiments/target/riscv32imac-unknown-none-elf/debug/deps/esp32c3-5c92695bd7d79a0b.w0jfp97vxp3n0e0.rcgu.o:(.text._ZN44_$LT$$RF$T$u20$as$u20$core..fmt..Display$GT$3fmt17h1e4c6995fb2ec565E)
42001142     1142        0     1                 
42001142     1142        0     1                 
42001142     1142        0     1                 
42001142     1142       24     1                 _$LT$$RF$T$u20$as$u20$core..fmt..Display$GT$::fmt::h1e4c6995fb2ec565
42001144     1144        0     1                 
42001146     1146        0     1                 
4200114e     114e        0     1                 
42001152     1152        0     1                 
4200115e     115e        0     1                 
42001166     1166        0     1                 
42001166     1166        0     1                 
42001166     1166        0     1                 
42001166     1166       22     2         /Users/mabez/Development/rust/embedded/experiments/esp32c3-experiments/target/riscv32imac-unknown-none-elf/debug/deps/esp32c3-5c92695bd7d79a0b.w0jfp97vxp3n0e0.rcgu.o:(.text._ZN4core3fmt10ArgumentV13new17h22684b01de96130dE)
42001166     1166        0     1                 
42001166     1166        0     1                 
42001166     1166        0     1                 
42001166     1166       22     1                 core::fmt::ArgumentV1::new::h22684b01de96130d
42001168     1168        0     1                 
4200116e     116e        0     1                 
42001174     1174        0     1                 
4200117c     117c        0     1                 
42001184     1184        0     1                 
42001188     1188        0     1                 
42001188     1188        0     1                 
42001188     1188        0     1                 
42001188     1188       22     2         /Users/mabez/Development/rust/embedded/experiments/esp32c3-experiments/target/riscv32imac-unknown-none-elf/debug/deps/esp32c3-5c92695bd7d79a0b.w0jfp97vxp3n0e0.rcgu.o:(.text._ZN4core3fmt10ArgumentV13new17h81c5d7e1dcb90deaE)
42001188     1188        0     1                 
42001188     1188        0     1                 
42001188     1188        0     1                 
42001188     1188       22     1                 core::fmt::ArgumentV1::new::h81c5d7e1dcb90dea
4200118a     118a        0     1                 
42001190     1190        0     1                 
42001196     1196        0     1                 
4200119e     119e        0     1                 
420011a6     11a6        0     1                 
420011aa     11aa        0     1                 
420011aa     11aa        0     1                 
420011aa     11aa        0     1                 
420011aa     11aa       22     2         /Users/mabez/Development/rust/embedded/experiments/esp32c3-experiments/target/riscv32imac-unknown-none-elf/debug/deps/esp32c3-5c92695bd7d79a0b.w0jfp97vxp3n0e0.rcgu.o:(.text._ZN4core3fmt10ArgumentV13new17hdcaa083241cab329E)
420011aa     11aa        0     1                 
420011aa     11aa        0     1                 
420011aa     11aa        0     1                 
420011aa     11aa       22     1                 core::fmt::ArgumentV1::new::hdcaa083241cab329
420011ac     11ac        0     1                 
420011b2     11b2        0     1                 
420011b8     11b8        0     1                 
420011c0     11c0        0     1                 
420011c8     11c8        0     1                 
420011cc     11cc        0     1                 
420011cc     11cc        0     1                 
420011cc     11cc        0     1                 
420011cc     11cc       d2     2         /Users/mabez/Development/rust/embedded/experiments/esp32c3-experiments/target/riscv32imac-unknown-none-elf/debug/deps/libesp32c3_lib-435c508db645f62b.rlib(esp32c3_lib-435c508db645f62b.enpltv37r0tja3s.rcgu.o):(.text._ZN11esp32c3_lib10GpioOutput3new17h5f7ff5722c3f6ff0E)
420011cc     11cc        0     1                 
420011cc     11cc        0     1                 
420011cc     11cc        0     1                 
420011cc     11cc       d2     1                 esp32c3_lib::GpioOutput::new::h5f7ff5722c3f6ff0
420011ce     11ce        0     1                 
420011d0     11d0        0     1                 
420011dc     11dc        0     1                 
420011ea     11ea        0     1                 
420011f4     11f4        0     1                 
420011fe     11fe        0     1                 
4200121c     121c        0     1                 
42001222     1222        0     1                 
42001222     1222        0     1                 
42001236     1236        0     1                 
42001236     1236        0     1                 
42001252     1252        0     1                 
42001252     1252        0     1                 
42001266     1266        0     1                 
42001284     1284        0     1                 
42001294     1294        0     1                 
42001298     1298        0     1                 
42001298     1298        0     1                 
4200129e     129e        0     1                 
4200129e     129e        0     1                 
4200129e     129e        0     1                 
4200129e     129e       58     2         /Users/mabez/Development/rust/embedded/experiments/esp32c3-experiments/target/riscv32imac-unknown-none-elf/debug/deps/libesp32c3_lib-435c508db645f62b.rlib(esp32c3_lib-435c508db645f62b.enpltv37r0tja3s.rcgu.o):(.text._ZN80_$LT$esp32c3_lib..GpioOutput$u20$as$u20$embedded_hal..digital..v2..OutputPin$GT$7set_low17h8c27730017346dd1E)
4200129e     129e        0     1                 
4200129e     129e        0     1                 
4200129e     129e        0     1                 
4200129e     129e       58     1                 _$LT$esp32c3_lib..GpioOutput$u20$as$u20$embedded_hal..digital..v2..OutputPin$GT$::set_low::h8c27730017346dd1
420012a0     12a0        0     1                 
420012a2     12a2        0     1                 
420012a4     12a4        0     1                 
420012a6     12a6        0     1                 
420012ba     12ba        0     1                 
420012cc     12cc        0     1                 
420012ea     12ea        0     1                 
420012ec     12ec        0     1                 
420012f0     12f0        0     1                 
420012f6     12f6        0     1                 
420012f6     12f6        0     1                 
420012f6     12f6        0     1                 
420012f6     12f6       58     2         /Users/mabez/Development/rust/embedded/experiments/esp32c3-experiments/target/riscv32imac-unknown-none-elf/debug/deps/libesp32c3_lib-435c508db645f62b.rlib(esp32c3_lib-435c508db645f62b.enpltv37r0tja3s.rcgu.o):(.text._ZN80_$LT$esp32c3_lib..GpioOutput$u20$as$u20$embedded_hal..digital..v2..OutputPin$GT$8set_high17hbfb327d1f4f2fff4E)
420012f6     12f6        0     1                 
420012f6     12f6        0     1                 
420012f6     12f6        0     1                 
420012f6     12f6       58     1                 _$LT$esp32c3_lib..GpioOutput$u20$as$u20$embedded_hal..digital..v2..OutputPin$GT$::set_high::hbfb327d1f4f2fff4
420012f8     12f8        0     1                 
420012fa     12fa        0     1                 
420012fc     12fc        0     1                 
420012fe     12fe        0     1                 
42001312     1312        0     1                 
42001324     1324        0     1                 
42001342     1342        0     1                 
42001344     1344        0     1                 
42001348     1348        0     1                 
4200134e     134e        0     1                 
4200134e     134e        0     1                 
4200134e     134e        0     1                 
4200134e     134e        a     2         /Users/mabez/Development/rust/embedded/experiments/esp32c3-experiments/target/riscv32imac-unknown-none-elf/debug/deps/libesp32c3_lib-435c508db645f62b.rlib(esp32c3_lib-435c508db645f62b.enpltv37r0tja3s.rcgu.o):(.text._ZN11esp32c3_lib8EtsTimer3new17hc640a8fb602febecE)
4200134e     134e        0     1                 
4200134e     134e        0     1                 
4200134e     134e        0     1                 
4200134e     134e        a     1                 esp32c3_lib::EtsTimer::new::hc640a8fb602febec
42001350     1350        0     1                 
42001352     1352        0     1                 
42001354     1354        0     1                 
42001358     1358        0     1                 
42001358     1358        0     1                 
42001358     1358        0     1                 
42001358     1358       1e     2         /Users/mabez/Development/rust/embedded/experiments/esp32c3-experiments/target/riscv32imac-unknown-none-elf/debug/deps/libesp32c3_lib-435c508db645f62b.rlib(esp32c3_lib-435c508db645f62b.enpltv37r0tja3s.rcgu.o):(.text._ZN72_$LT$esp32c3_lib..EtsTimer$u20$as$u20$embedded_hal..timer..CountDown$GT$4wait17ha521a1314993359dE)
42001358     1358        0     1                 
42001358     1358        0     1                 
42001358     1358        0     1                 
42001358     1358       1e     1                 _$LT$esp32c3_lib..EtsTimer$u20$as$u20$embedded_hal..timer..CountDown$GT$::wait::ha521a1314993359d
4200135a     135a        0     1                 
4200135c     135c        0     1                 
4200135e     135e        0     1                 
42001360     1360        0     1                 
4200136a     136a        0     1                 
4200136c     136c        0     1                 
42001370     1370        0     1                 
42001376     1376        0     1                 
42001376     1376        0     1                 
42001376     1376        0     1                 
42001376     1376       78     2         /Users/mabez/Development/rust/embedded/experiments/esp32c3-experiments/target/riscv32imac-unknown-none-elf/debug/deps/libesp32c3_lib-435c508db645f62b.rlib(esp32c3_lib-435c508db645f62b.enpltv37r0tja3s.rcgu.o):(.text._ZN54_$LT$esp32c3_lib..Uart$u20$as$u20$core..fmt..Write$GT$9write_str17hb17642a612c5bedbE)
42001376     1376        0     1                 
42001376     1376        0     1                 
42001376     1376        0     1                 
42001376     1376       78     1                 _$LT$esp32c3_lib..Uart$u20$as$u20$core..fmt..Write$GT$::write_str::hb17642a612c5bedb
42001378     1378        0     1                 
4200137a     137a        0     1                 
42001384     1384        0     1                 
42001384     1384        0     1                 
42001388     1388        0     1                 
42001388     1388        0     1                 
420013a8     13a8        0     1                 
420013a8     13a8        0     1                 
420013aa     13aa        0     1                 
420013ac     13ac        0     1                 
420013ac     13ac        0     1                 
420013ca     13ca        0     1                 
420013ca     13ca        0     1                 
420013cc     13cc        0     1                 
420013d0     13d0        0     1                 
420013d6     13d6        0     1                 
420013d6     13d6        0     1                 
420013da     13da        0     1                 
420013da     13da        0     1                 
420013dc     13dc        0     1                 
420013dc     13dc        0     1                 
420013e4     13e4        0     1                 
420013e4     13e4        0     1                 
420013ee     13ee        0     1                 
420013ee     13ee        0     1                 
420013ee     13ee        0     1                 
420013ee     13ee        0     1                 
420013ee     13ee      12c     2         /Users/mabez/Development/rust/embedded/experiments/esp32c3-experiments/target/riscv32imac-unknown-none-elf/debug/deps/libesp32c3_lib-435c508db645f62b.rlib(esp32c3_lib-435c508db645f62b.enpltv37r0tja3s.rcgu.o):(.text._ZN11esp32c3_lib12disable_wdts17h9310eb03c6470276E)
420013ee     13ee        0     1                 
420013ee     13ee        0     1                 
420013ee     13ee        0     1                 
420013ee     13ee      12c     1                 esp32c3_lib::disable_wdts::h9310eb03c6470276
420013f0     13f0        0     1                 
420013f2     13f2        0     1                 
42001402     1402        0     1                 
4200140c     140c        0     1                 
42001414     1414        0     1                 
42001420     1420        0     1                 
42001426     1426        0     1                 
42001430     1430        0     1                 
4200143a     143a        0     1                 
42001444     1444        0     1                 
4200144e     144e        0     1                 
4200145e     145e        0     1                 
42001468     1468        0     1                 
42001472     1472        0     1                 
4200147c     147c        0     1                 
42001486     1486        0     1                 
42001490     1490        0     1                 
420014a0     14a0        0     1                 
420014aa     14aa        0     1                 
420014b4     14b4        0     1                 
420014be     14be        0     1                 
420014c8     14c8        0     1                 
420014d2     14d2        0     1                 
420014e2     14e2        0     1                 
420014ec     14ec        0     1                 
420014f6     14f6        0     1                 
42001500     1500        0     1                 
4200150a     150a        0     1                 
42001514     1514        0     1                 
4200151a     151a        0     1                 
4200151a     151a        0     1                 
4200151a     151a        0     1                 
4200151a     151a       12     2         /Users/mabez/Development/rust/embedded/experiments/esp32c3-experiments/target/riscv32imac-unknown-none-elf/debug/deps/libesp32c3_lib-435c508db645f62b.rlib(esp32c3_lib-435c508db645f62b.4qunmpv8rlyr20lx.rcgu.o):(.text._ZN4core3ptr13read_volatile17he76b86a5674f72f5E)
4200151a     151a        0     1                 
4200151a     151a        0     1                 
4200151a     151a        0     1                 
4200151a     151a       12     1                 core::ptr::read_volatile::he76b86a5674f72f5
4200151c     151c        0     1                 
4200151e     151e        0     1                 
42001526     1526        0     1                 
4200152c     152c        0     1                 
4200152c     152c        0     1                 
4200152c     152c        0     1                 
4200152c     152c        e     2         /Users/mabez/Development/rust/embedded/experiments/esp32c3-experiments/target/riscv32imac-unknown-none-elf/debug/deps/libesp32c3_lib-435c508db645f62b.rlib(esp32c3_lib-435c508db645f62b.4qunmpv8rlyr20lx.rcgu.o):(.text._ZN4core3ptr14write_volatile17h6c931aa47b145a31E)
4200152c     152c        0     1                 
4200152c     152c        0     1                 
4200152c     152c        0     1                 
4200152c     152c        e     1                 core::ptr::write_volatile::h6c931aa47b145a31
4200152e     152e        0     1                 
42001532     1532        0     1                 
42001536     1536        0     1                 
4200153a     153a        0     1                 
4200153a     153a        0     1                 
4200153a     153a        0     1                 
4200153a     153a        e     2         /Users/mabez/Development/rust/embedded/experiments/esp32c3-experiments/target/riscv32imac-unknown-none-elf/debug/deps/libesp32c3_lib-435c508db645f62b.rlib(esp32c3_lib-435c508db645f62b.4qunmpv8rlyr20lx.rcgu.o):(.text._ZN4core3ptr14write_volatile17hcd8f6075b8e73fbfE)
4200153a     153a        0     1                 
4200153a     153a        0     1                 
4200153a     153a        0     1                 
4200153a     153a        e     1                 core::ptr::write_volatile::hcd8f6075b8e73fbf
4200153c     153c        0     1                 
42001540     1540        0     1                 
42001544     1544        0     1                 
42001548     1548        0     1                 
42001548     1548        0     1                 
42001548     1548        0     1                 
42001548     1548       80     2         /Users/mabez/Development/rust/embedded/experiments/esp32c3-experiments/target/riscv32imac-unknown-none-elf/debug/deps/libesp32c3_lib-435c508db645f62b.rlib(esp32c3_lib-435c508db645f62b.3xdn0a03wuv3lfvi.rcgu.o):(.text._ZN4core5slice4iter13Iter$LT$T$GT$3new17hc576f4bacbc158afE)
42001548     1548        0     1                 
42001548     1548        0     1                 
42001548     1548        0     1                 
42001548     1548       80     1                 core::slice::iter::Iter$LT$T$GT$::new::hc576f4bacbc158af
4200154a     154a        0     1                 
4200154c     154c        0     1                 
42001552     1552        0     1                 
42001562     1562        0     1                 
42001562     1562        0     1                 
4200156e     156e        0     1                 
42001570     1570        0     1                 
42001572     1572        0     1                 
42001576     1576        0     1                 
4200157c     157c        0     1                 
42001588     1588        0     1                 
42001588     1588        0     1                 
4200158e     158e        0     1                 
4200158e     158e        0     1                 
42001590     1590        0     1                 
4200159c     159c        0     1                 
4200159c     159c        0     1                 
420015a0     15a0        0     1                 
420015a0     15a0        0     1                 
420015a4     15a4        0     1                 
420015a6     15a6        0     1                 
420015a6     15a6        0     1                 
420015b4     15b4        0     1                 
420015b4     15b4        0     1                 
420015b8     15b8        0     1                 
420015ba     15ba        0     1                 
420015ba     15ba        0     1                 
420015be     15be        0     1                 
420015c2     15c2        0     1                 
420015c2     15c2        0     1                 
420015c8     15c8        0     1                 
420015c8     15c8        0     1                 
420015c8     15c8        0     1                 
420015c8     15c8       20     2         /Users/mabez/Development/rust/embedded/experiments/esp32c3-experiments/target/riscv32imac-unknown-none-elf/debug/deps/libesp32c3_lib-435c508db645f62b.rlib(esp32c3_lib-435c508db645f62b.3xdn0a03wuv3lfvi.rcgu.o):(.text._ZN4core5slice4iter87_$LT$impl$u20$core..iter..traits..collect..IntoIterator$u20$for$u20$$RF$$u5b$T$u5d$$GT$9into_iter17h8a7c9e06fc8cfc28E)
420015c8     15c8        0     1                 
420015c8     15c8        0     1                 
420015c8     15c8        0     1                 
420015c8     15c8       20     1                 core::slice::iter::_$LT$impl$u20$core..iter..traits..collect..IntoIterator$u20$for$u20$$RF$$u5b$T$u5d$$GT$::into_iter::h8a7c9e06fc8cfc28
420015ca     15ca        0     1                 
420015cc     15cc        0     1                 
420015d0     15d0        0     1                 
420015de     15de        0     1                 
420015e8     15e8        0     1                 
420015e8     15e8        0     1                 
420015e8     15e8        0     1                 
420015e8     15e8       ba     2         /Users/mabez/Development/rust/embedded/experiments/esp32c3-experiments/target/riscv32imac-unknown-none-elf/debug/deps/libesp32c3_lib-435c508db645f62b.rlib(esp32c3_lib-435c508db645f62b.3xdn0a03wuv3lfvi.rcgu.o):(.text._ZN91_$LT$core..slice..iter..Iter$LT$T$GT$$u20$as$u20$core..iter..traits..iterator..Iterator$GT$4next17h07d794351aaf7694E)
420015e8     15e8        0     1                 
420015e8     15e8        0     1                 
420015e8     15e8        0     1                 
420015e8     15e8       ba     1                 _$LT$core..slice..iter..Iter$LT$T$GT$$u20$as$u20$core..iter..traits..iterator..Iterator$GT$::next::h07d794351aaf7694
420015ea     15ea        0     1                 
420015ec     15ec        0     1                 
420015f0     15f0        0     1                 
4200160a     160a        0     1                 
4200160c     160c        0     1                 
4200160e     160e        0     1                 
42001612     1612        0     1                 
42001618     1618        0     1                 
4200161a     161a        0     1                 
42001628     1628        0     1                 
4200162a     162a        0     1                 
4200162c     162c        0     1                 
42001648     1648        0     1                 
42001652     1652        0     1                 
42001652     1652        0     1                 
42001664     1664        0     1                 
42001664     1664        0     1                 
42001674     1674        0     1                 
42001674     1674        0     1                 
42001678     1678        0     1                 
42001678     1678        0     1                 
42001684     1684        0     1                 
42001688     1688        0     1                 
4200168a     168a        0     1                 
4200168a     168a        0     1                 
4200168e     168e        0     1                 
42001690     1690        0     1                 
42001692     1692        0     1                 
42001694     1694        0     1                 
4200169c     169c        0     1                 
420016a0     16a0        0     1                 
420016a2     16a2        0     1                 
420016a2     16a2        0     1                 
420016a2     16a2        0     1                 
420016a2     16a2       20     2         /Users/mabez/Development/rust/embedded/experiments/esp32c3-experiments/target/riscv32imac-unknown-none-elf/debug/deps/libesp32c3_lib-435c508db645f62b.rlib(esp32c3_lib-435c508db645f62b.10h0j41trqvefdik.rcgu.o):(.text._ZN4core5slice29_$LT$impl$u20$$u5b$T$u5d$$GT$4iter17hb8fc0bc33e2501e5E)
420016a2     16a2        0     1                 
[...]
    28c4     28c4        0     1                 .Lline_table_start0
    2a17     2a17      381     1         /Users/mabez/Development/rust/embedded/experiments/esp32c3-experiments/target/riscv32imac-unknown-none-elf/debug/deps/libriscv_atomic_emulation_trap-9111affe446510c3.rlib(riscv_atomic_emulation_trap-9111affe446510c3.1ainjqznfmasr5um.rcgu.o):(.debug_line)
    2a17     2a17        0     1                 .Lline_table_start0
    2d98     2d98       8c     1         /Users/mabez/Development/rust/embedded/experiments/esp32c3-experiments/target/riscv32imac-unknown-none-elf/debug/deps/libriscv_atomic_emulation_trap-9111affe446510c3.rlib(riscv_atomic_emulation_trap-9111affe446510c3.1e14zek980l7c5wd.rcgu.o):(.debug_line)
    2d98     2d98        0     1                 .Lline_table_start0
    2e24     2e24      129     1         /Users/mabez/Development/rust/embedded/experiments/esp32c3-experiments/target/riscv32imac-unknown-none-elf/debug/deps/libriscv_atomic_emulation_trap-9111affe446510c3.rlib(riscv_atomic_emulation_trap-9111affe446510c3.3jxb2alfotone25d.rcgu.o):(.debug_line)
    2e24     2e24        0     1                 .Lline_table_start0
    2f4d     2f4d      394     1         /Users/mabez/Development/rust/embedded/experiments/esp32c3-experiments/target/riscv32imac-unknown-none-elf/debug/deps/libriscv_rt-792395b706c7e295.rlib(riscv_rt-792395b706c7e295.n23zmh27zi56vj2.rcgu.o):(.debug_line)
    2f4d     2f4d        0     1                 .Lline_table_start0
    32e1     32e1      24a     1         /Users/mabez/Development/rust/embedded/experiments/esp32c3-experiments/target/riscv32imac-unknown-none-elf/debug/deps/libriscv_rt-792395b706c7e295.rlib(riscv_rt-792395b706c7e295.2si3iiyx4w55gh9p.rcgu.o):(.debug_line)
    32e1     32e1        0     1                 .Lline_table_start0
    352b     352b      126     1         /Users/mabez/Development/rust/embedded/experiments/esp32c3-experiments/target/riscv32imac-unknown-none-elf/debug/deps/libriscv_rt-792395b706c7e295.rlib(riscv_rt-792395b706c7e295.nu58l7xx5z184oa.rcgu.o):(.debug_line)
    352b     352b        0     1                 .Lline_table_start0
    3651     3651       92     1         /Users/mabez/Development/rust/embedded/experiments/esp32c3-experiments/target/riscv32imac-unknown-none-elf/debug/deps/libriscv_rt-792395b706c7e295.rlib(riscv_rt-792395b706c7e295.40ecbdq24jylbsk0.rcgu.o):(.debug_line)
    3651     3651        0     1                 .Lline_table_start0
    36e3     36e3      15b     1         /Users/mabez/Development/rust/embedded/experiments/esp32c3-experiments/target/riscv32imac-unknown-none-elf/debug/deps/libriscv_rt-792395b706c7e295.rlib(riscv_rt-792395b706c7e295.4l8nnv0gz5uboi7y.rcgu.o):(.debug_line)
    36e3     36e3        0     1                 .Lline_table_start0
    383e     383e      129     1         /Users/mabez/Development/rust/embedded/experiments/esp32c3-experiments/target/riscv32imac-unknown-none-elf/debug/deps/libriscv_rt-792395b706c7e295.rlib(riscv_rt-792395b706c7e295.a1pdmtq419pk4l9.rcgu.o):(.debug_line)
    383e     383e        0     1                 .Lline_table_start0
    3967     3967      4ba     1         /Users/mabez/Development/rust/embedded/experiments/esp32c3-experiments/target/riscv32imac-unknown-none-elf/debug/deps/libriscv-58bee4c49f9f92ec.rlib(riscv-58bee4c49f9f92ec.riscv.8be94b29-cgu.0.rcgu.o):(.debug_line)
    3967     3967        0     1                 .Lline_table_start0
    3e21     3e21      2e4     1         /Users/mabez/Development/rust/embedded/experiments/esp32c3-experiments/target/riscv32imac-unknown-none-elf/debug/deps/libriscv-58bee4c49f9f92ec.rlib(riscv-58bee4c49f9f92ec.riscv.8be94b29-cgu.9.rcgu.o):(.debug_line)
    3e21     3e21        0     1                 .Lline_table_start0
    4105     4105      171     1         /Users/mabez/Development/rust/embedded/experiments/esp32c3-experiments/target/riscv32imac-unknown-none-elf/debug/deps/libriscv-58bee4c49f9f92ec.rlib(riscv-58bee4c49f9f92ec.riscv.8be94b29-cgu.4.rcgu.o):(.debug_line)
    4105     4105        0     1                 .Lline_table_start0
    4276     4276       c2     1         /Users/mabez/Development/rust/embedded/experiments/esp32c3-experiments/target/riscv32imac-unknown-none-elf/debug/deps/libriscv_rt-792395b706c7e295.rlib(riscv_rt-792395b706c7e295.2fig4fon7wqsswts.rcgu.o):(.debug_line)
    4276     4276        0     1                 .Lline_table_start0
    4338     4338       94     1         /Users/mabez/Development/rust/embedded/experiments/esp32c3-experiments/target/riscv32imac-unknown-none-elf/debug/deps/libriscv_rt-792395b706c7e295.rlib(riscv_rt-792395b706c7e295.53lukflzfjg86k6f.rcgu.o):(.debug_line)
    4338     4338        0     1                 .Lline_table_start0
    43cc     43cc       87     1         /Users/mabez/Development/rust/embedded/experiments/esp32c3-experiments/target/riscv32imac-unknown-none-elf/debug/deps/libriscv_rt-792395b706c7e295.rlib(riscv_rt-792395b706c7e295.2h85xx65g8aqsgk3.rcgu.o):(.debug_line)
    43cc     43cc        0     1                 .Lline_table_start0
    4453     4453      2e9     1         /Users/mabez/Development/rust/embedded/experiments/esp32c3-experiments/target/riscv32imac-unknown-none-elf/debug/deps/libriscv_atomic_emulation_trap-9111affe446510c3.rlib(riscv_atomic_emulation_trap-9111affe446510c3.473ch88oilsz6zg3.rcgu.o):(.debug_line)
    4453     4453        0     1                 .Lline_table_start0
    473c     473c       c0     1         /Users/mabez/Development/rust/embedded/experiments/esp32c3-experiments/target/riscv32imac-unknown-none-elf/debug/deps/libriscv_atomic_emulation_trap-9111affe446510c3.rlib(riscv_atomic_emulation_trap-9111affe446510c3.1x01haq1ilk8wjw8.rcgu.o):(.debug_line)
    473c     473c        0     1                 .Lline_table_start0
    47fc     47fc       ae     1         /Users/mabez/Development/rust/embedded/experiments/esp32c3-experiments/target/riscv32imac-unknown-none-elf/debug/deps/libriscv_atomic_emulation_trap-9111affe446510c3.rlib(riscv_atomic_emulation_trap-9111affe446510c3.3eam8rvf5fviumdo.rcgu.o):(.debug_line)
    47fc     47fc        0     1                 .Lline_table_start0
    48aa     48aa       b3     1         /Users/mabez/Development/rust/embedded/experiments/esp32c3-experiments/target/riscv32imac-unknown-none-elf/debug/deps/libriscv_atomic_emulation_trap-9111affe446510c3.rlib(riscv_atomic_emulation_trap-9111affe446510c3.92c3mso3f7tifm.rcgu.o):(.debug_line)
    48aa     48aa        0     1                 .Lline_table_start0
    495d     495d      194     1         /Users/mabez/Development/rust/embedded/experiments/esp32c3-experiments/target/riscv32imac-unknown-none-elf/debug/deps/libriscv_atomic_emulation_trap-9111affe446510c3.rlib(riscv_atomic_emulation_trap-9111affe446510c3.1ujfldlpaqv6u59a.rcgu.o):(.debug_line)
    495d     495d        0     1                 .Lline_table_start0
    4af1     4af1       c5     1         /Users/mabez/Development/rust/embedded/experiments/esp32c3-experiments/target/riscv32imac-unknown-none-elf/debug/deps/libriscv_atomic_emulation_trap-9111affe446510c3.rlib(riscv_atomic_emulation_trap-9111affe446510c3.5dmrm1faws2v64w9.rcgu.o):(.debug_line)
    4af1     4af1        0     1                 .Lline_table_start0
    4bb6     4bb6       ca     1         /Users/mabez/Development/rust/embedded/experiments/esp32c3-experiments/target/riscv32imac-unknown-none-elf/debug/deps/libriscv_atomic_emulation_trap-9111affe446510c3.rlib(riscv_atomic_emulation_trap-9111affe446510c3.32s2sfn2d8x0z4vp.rcgu.o):(.debug_line)
    4bb6     4bb6        0     1                 .Lline_table_start0
    4c80     4c80       a1     1         /Users/mabez/Development/rust/embedded/experiments/esp32c3-experiments/target/riscv32imac-unknown-none-elf/debug/deps/libriscv_atomic_emulation_trap-9111affe446510c3.rlib(riscv_atomic_emulation_trap-9111affe446510c3.iorsoyj01ig67gw.rcgu.o):(.debug_line)
    4c80     4c80        0     1                 .Lline_table_start0
    4d21     4d21       be     1         /Users/mabez/Development/rust/embedded/experiments/esp32c3-experiments/target/riscv32imac-unknown-none-elf/debug/deps/libriscv_atomic_emulation_trap-9111affe446510c3.rlib(riscv_atomic_emulation_trap-9111affe446510c3.koyzaehax49d9k4.rcgu.o):(.debug_line)
    4d21     4d21        0     1                 .Lline_table_start0
    4ddf     4ddf       b3     1         /Users/mabez/Development/rust/embedded/experiments/esp32c3-experiments/target/riscv32imac-unknown-none-elf/debug/deps/libriscv_atomic_emulation_trap-9111affe446510c3.rlib(riscv_atomic_emulation_trap-9111affe446510c3.r9quz5yo0c3c66a.rcgu.o):(.debug_line)
    4ddf     4ddf        0     1                 .Lline_table_start0
    4e92     4e92       ab     1         /Users/mabez/Development/rust/embedded/experiments/esp32c3-experiments/target/riscv32imac-unknown-none-elf/debug/deps/libriscv_atomic_emulation_trap-9111affe446510c3.rlib(riscv_atomic_emulation_trap-9111affe446510c3.um9btop5pm89mqk.rcgu.o):(.debug_line)
    4e92     4e92        0     1                 .Lline_table_start0
    4f3d     4f3d      4ba     1         /Users/mabez/Development/rust/embedded/experiments/esp32c3-experiments/target/riscv32imac-unknown-none-elf/debug/deps/libriscv-e6570dc03e37c02b.rlib(riscv-e6570dc03e37c02b.riscv.6a3f384f-cgu.0.rcgu.o):(.debug_line)
    4f3d     4f3d        0     1                 .Lline_table_start0
    53f7     53f7      2df     1         /Users/mabez/Development/rust/embedded/experiments/esp32c3-experiments/target/riscv32imac-unknown-none-elf/debug/deps/libriscv-e6570dc03e37c02b.rlib(riscv-e6570dc03e37c02b.riscv.6a3f384f-cgu.10.rcgu.o):(.debug_line)
    53f7     53f7        0     1                 .Lline_table_start0
    56d6     56d6      1f4     1         /Users/mabez/Development/rust/embedded/experiments/esp32c3-experiments/target/riscv32imac-unknown-none-elf/debug/deps/libriscv-e6570dc03e37c02b.rlib(riscv-e6570dc03e37c02b.riscv.6a3f384f-cgu.11.rcgu.o):(.debug_line)
    56d6     56d6        0     1                 .Lline_table_start0
    58ca     58ca      171     1         /Users/mabez/Development/rust/embedded/experiments/esp32c3-experiments/target/riscv32imac-unknown-none-elf/debug/deps/libriscv-e6570dc03e37c02b.rlib(riscv-e6570dc03e37c02b.riscv.6a3f384f-cgu.4.rcgu.o):(.debug_line)
    58ca     58ca        0     1                 .Lline_table_start0
    5a3b     5a3b      25b     1         /Users/mabez/Development/rust/embedded/experiments/esp32c3-experiments/target/riscv32imac-unknown-none-elf/debug/deps/libriscv-e6570dc03e37c02b.rlib(riscv-e6570dc03e37c02b.riscv.6a3f384f-cgu.8.rcgu.o):(.debug_line)
    5a3b     5a3b        0     1                 .Lline_table_start0
    5c96     5c96       bf     1         /Users/mabez/Development/rust/embedded/experiments/esp32c3-experiments/target/riscv32imac-unknown-none-elf/debug/deps/libvoid-d8bfa8eb72c6fce6.rlib(void-d8bfa8eb72c6fce6.void.0c48974b-cgu.0.rcgu.o):(.debug_line)
    5c96     5c96        0     1                 .Lline_table_start0
    5d55     5d55    27ac0     1         /Users/mabez/.rustup/toolchains/nightly-aarch64-apple-darwin/lib/rustlib/riscv32imac-unknown-none-elf/lib/libcore-081fd8405fc18f2e.rlib(core-081fd8405fc18f2e.core.756fe54c-cgu.0.rcgu.o):(.debug_line)
    5d55     5d55        0     1                 .Lline_table_start0
   2d815    2d815      20f     1         /Users/mabez/.rustup/toolchains/nightly-aarch64-apple-darwin/lib/rustlib/riscv32imac-unknown-none-elf/lib/libcompiler_builtins-1e32d751d3fb162c.rlib(compiler_builtins-1e32d751d3fb162c.compiler_builtins.864c03ce-cgu.104.rcgu.o):(.debug_line)
   2d815    2d815        0     1                 .Lline_table_start0
   2da24    2da24      41a     1         /Users/mabez/.rustup/toolchains/nightly-aarch64-apple-darwin/lib/rustlib/riscv32imac-unknown-none-elf/lib/libcompiler_builtins-1e32d751d3fb162c.rlib(compiler_builtins-1e32d751d3fb162c.compiler_builtins.864c03ce-cgu.106.rcgu.o):(.debug_line)
   2da24    2da24        0     1                 .Lline_table_start0
   2de3e    2de3e      191     1         /Users/mabez/.rustup/toolchains/nightly-aarch64-apple-darwin/lib/rustlib/riscv32imac-unknown-none-elf/lib/libcompiler_builtins-1e32d751d3fb162c.rlib(compiler_builtins-1e32d751d3fb162c.compiler_builtins.864c03ce-cgu.11.rcgu.o):(.debug_line)
   2de3e    2de3e        0     1                 .Lline_table_start0
   2dfcf    2dfcf      30a     1         /Users/mabez/.rustup/toolchains/nightly-aarch64-apple-darwin/lib/rustlib/riscv32imac-unknown-none-elf/lib/libcompiler_builtins-1e32d751d3fb162c.rlib(compiler_builtins-1e32d751d3fb162c.compiler_builtins.864c03ce-cgu.111.rcgu.o):(.debug_line)
   2dfcf    2dfcf        0     1                 .Lline_table_start0
   2e2d9    2e2d9      245     1         /Users/mabez/.rustup/toolchains/nightly-aarch64-apple-darwin/lib/rustlib/riscv32imac-unknown-none-elf/lib/libcompiler_builtins-1e32d751d3fb162c.rlib(compiler_builtins-1e32d751d3fb162c.compiler_builtins.864c03ce-cgu.2.rcgu.o):(.debug_line)
   2e2d9    2e2d9        0     1                 .Lline_table_start0
   2e51e    2e51e      682     1         /Users/mabez/.rustup/toolchains/nightly-aarch64-apple-darwin/lib/rustlib/riscv32imac-unknown-none-elf/lib/libcompiler_builtins-1e32d751d3fb162c.rlib(compiler_builtins-1e32d751d3fb162c.compiler_builtins.864c03ce-cgu.20.rcgu.o):(.debug_line)
   2e51e    2e51e        0     1                 .Lline_table_start0
   2eba0    2eba0       fc     1         /Users/mabez/.rustup/toolchains/nightly-aarch64-apple-darwin/lib/rustlib/riscv32imac-unknown-none-elf/lib/libcompiler_builtins-1e32d751d3fb162c.rlib(compiler_builtins-1e32d751d3fb162c.compiler_builtins.864c03ce-cgu.21.rcgu.o):(.debug_line)
   2eba0    2eba0        0     1                 .Lline_table_start0
   2ec9c    2ec9c      269     1         /Users/mabez/.rustup/toolchains/nightly-aarch64-apple-darwin/lib/rustlib/riscv32imac-unknown-none-elf/lib/libcompiler_builtins-1e32d751d3fb162c.rlib(compiler_builtins-1e32d751d3fb162c.compiler_builtins.864c03ce-cgu.27.rcgu.o):(.debug_line)
   2ec9c    2ec9c        0     1                 .Lline_table_start0
   2ef05    2ef05       fc     1         /Users/mabez/.rustup/toolchains/nightly-aarch64-apple-darwin/lib/rustlib/riscv32imac-unknown-none-elf/lib/libcompiler_builtins-1e32d751d3fb162c.rlib(compiler_builtins-1e32d751d3fb162c.compiler_builtins.864c03ce-cgu.28.rcgu.o):(.debug_line)
   2ef05    2ef05        0     1                 .Lline_table_start0
   2f001    2f001      28a     1         /Users/mabez/.rustup/toolchains/nightly-aarch64-apple-darwin/lib/rustlib/riscv32imac-unknown-none-elf/lib/libcompiler_builtins-1e32d751d3fb162c.rlib(compiler_builtins-1e32d751d3fb162c.compiler_builtins.864c03ce-cgu.69.rcgu.o):(.debug_line)
   2f001    2f001        0     1                 .Lline_table_start0
   2f28b    2f28b      33a     1         /Users/mabez/.rustup/toolchains/nightly-aarch64-apple-darwin/lib/rustlib/riscv32imac-unknown-none-elf/lib/libcompiler_builtins-1e32d751d3fb162c.rlib(compiler_builtins-1e32d751d3fb162c.compiler_builtins.864c03ce-cgu.7.rcgu.o):(.debug_line)
   2f28b    2f28b        0     1                 .Lline_table_start0
   2f5c5    2f5c5       fc     1         /Users/mabez/.rustup/toolchains/nightly-aarch64-apple-darwin/lib/rustlib/riscv32imac-unknown-none-elf/lib/libcompiler_builtins-1e32d751d3fb162c.rlib(compiler_builtins-1e32d751d3fb162c.compiler_builtins.864c03ce-cgu.70.rcgu.o):(.debug_line)
   2f5c5    2f5c5        0     1                 .Lline_table_start0
   2f6c1    2f6c1      245     1         /Users/mabez/.rustup/toolchains/nightly-aarch64-apple-darwin/lib/rustlib/riscv32imac-unknown-none-elf/lib/libcompiler_builtins-1e32d751d3fb162c.rlib(compiler_builtins-1e32d751d3fb162c.compiler_builtins.864c03ce-cgu.71.rcgu.o):(.debug_line)
   2f6c1    2f6c1        0     1                 .Lline_table_start0
   2f906    2f906      211     1         /Users/mabez/.rustup/toolchains/nightly-aarch64-apple-darwin/lib/rustlib/riscv32imac-unknown-none-elf/lib/libcompiler_builtins-1e32d751d3fb162c.rlib(compiler_builtins-1e32d751d3fb162c.compiler_builtins.864c03ce-cgu.79.rcgu.o):(.debug_line)
   2f906    2f906        0     1                 .Lline_table_start0
   2fb17    2fb17      41a     1         /Users/mabez/.rustup/toolchains/nightly-aarch64-apple-darwin/lib/rustlib/riscv32imac-unknown-none-elf/lib/libcompiler_builtins-1e32d751d3fb162c.rlib(compiler_builtins-1e32d751d3fb162c.compiler_builtins.864c03ce-cgu.8.rcgu.o):(.debug_line)
   2fb17    2fb17        0     1                 .Lline_table_start0
   2ff31    2ff31      b8c     1         /Users/mabez/.rustup/toolchains/nightly-aarch64-apple-darwin/lib/rustlib/riscv32imac-unknown-none-elf/lib/libcompiler_builtins-1e32d751d3fb162c.rlib(compiler_builtins-1e32d751d3fb162c.compiler_builtins.864c03ce-cgu.82.rcgu.o):(.debug_line)
   2ff31    2ff31        0     1                 .Lline_table_start0
   30abd    30abd      28e     1         /Users/mabez/.rustup/toolchains/nightly-aarch64-apple-darwin/lib/rustlib/riscv32imac-unknown-none-elf/lib/libcompiler_builtins-1e32d751d3fb162c.rlib(compiler_builtins-1e32d751d3fb162c.compiler_builtins.864c03ce-cgu.120.rcgu.o):(.debug_line)
   30abd    30abd        0     1                 .Lline_table_start0
   30d4b    30d4b      211     1         /Users/mabez/.rustup/toolchains/nightly-aarch64-apple-darwin/lib/rustlib/riscv32imac-unknown-none-elf/lib/libcompiler_builtins-1e32d751d3fb162c.rlib(compiler_builtins-1e32d751d3fb162c.compiler_builtins.864c03ce-cgu.92.rcgu.o):(.debug_line)
   30d4b    30d4b        0     1                 .Lline_table_start0
   30f5c    30f5c      25a     1         /Users/mabez/Development/rust/embedded/experiments/esp32c3-experiments/target/riscv32imac-unknown-none-elf/debug/deps/libriscv_rt-792395b706c7e295.rlib(riscv-rt.o):(.debug_line)
   311b6    311b6      1de     1         /Users/mabez/Development/rust/embedded/experiments/esp32c3-experiments/target/riscv32imac-unknown-none-elf/debug/deps/libriscv_atomic_emulation_trap-9111affe446510c3.rlib(riscv-atomic-emulation-trap.o):(.debug_line)
       0        0       70     1 .debug_loc
       0        0       38     1         /Users/mabez/Development/rust/embedded/experiments/esp32c3-experiments/target/riscv32imac-unknown-none-elf/debug/deps/esp32c3-5c92695bd7d79a0b.4d3o56o4s3rmpew1.rcgu.o:(.debug_loc)
       0        0        0     1                 
      1c       1c        0     1                 
      38       38       38     1         /Users/mabez/Development/rust/embedded/experiments/esp32c3-experiments/target/riscv32imac-unknown-none-elf/debug/deps/libriscv_atomic_emulation_trap-9111affe446510c3.rlib(riscv_atomic_emulation_trap-9111affe446510c3.4em3hgrap6mo60l5.rcgu.o):(.debug_loc)
      38       38        0     1                 
      54       54        0     1                 
       0        0       10     1 .debug_line_str
       0        0       10     1         <internal>:(.debug_line_str)
       0        0       20     1 .debug_rnglists
       0        0       20     1         /Users/mabez/Development/rust/embedded/experiments/esp32c3-experiments/target/riscv32imac-unknown-none-elf/debug/deps/libriscv_rt-792395b706c7e295.rlib(riscv-rt.o):(.debug_rnglists)
       c        c        0     1                 .L0 
       0        0       13     1 .comment
       0        0       13     1         <internal>:(.comment)
       0        0    1c430     4 .symtab
       0        0    1c430     4         <internal>:(.symtab)
       0        0      120     1 .shstrtab
       0        0      120     1         <internal>:(.shstrtab)
       0        0     4d7e     1 .strtab
       0        0     4d7e     1         <internal>:(.strtab)
