     VMA      LMA     Size Align Out     In      Symbol
42000000        0        8     1 .header
42000000        0        4     1         LONG ( 0xaedb041d )
42000004        4        4     1         LONG ( 0xaedb041d )
42000008        8        0     1 _stext = ORIGIN ( IROM ) + 8
42000008        8        0     1 PROVIDE ( _stack_start = ORIGIN ( REGION_STACK ) + LENGTH ( REGION_STACK ) )
42000008        8        0     1 PROVIDE ( _max_hart_id = 0 )
42000008        8        0     1 PROVIDE ( _hart_stack_size = 2K )
42000008        8        0     1 PROVIDE ( _heap_size = 0 )
42000008        8        0     1 PROVIDE ( UserSoft = DefaultHandler )
42000008        8        0     1 PROVIDE ( SupervisorSoft = DefaultHandler )
42000008        8        0     1 PROVIDE ( MachineSoft = DefaultHandler )
42000008        8        0     1 PROVIDE ( UserTimer = DefaultHandler )
42000008        8        0     1 PROVIDE ( SupervisorTimer = DefaultHandler )
42000008        8        0     1 PROVIDE ( MachineTimer = DefaultHandler )
42000008        8        0     1 PROVIDE ( UserExternal = DefaultHandler )
42000008        8        0     1 PROVIDE ( SupervisorExternal = DefaultHandler )
42000008        8        0     1 PROVIDE ( MachineExternal = DefaultHandler )
42000008        8        0     1 PROVIDE ( DefaultHandler = DefaultInterruptHandler )
42000008        8        0     1 PROVIDE ( __pre_init = default_pre_init )
42000008        8        0     1 PROVIDE ( _setup_interrupts = default_setup_interrupts )
42000008        8        0     1 PROVIDE ( _mp_hook = default_mp_hook )
42000008        8        0     1 .text.dummy
42000008        8        0     1         . = ABSOLUTE ( _stext )
42000008        8     6c5a     2 .text
42000008        8       82     1         /home/mabez/development/rust/embedded/experiments/esp32c3/target/riscv32imac-unknown-none-elf/debug/deps/libriscv_rt-9f6ededa1f4c9759.rlib(riscv-rt.o):(.init)
42000008        8        0     1                 .L0 
42000008        8        0     1                 .L0 
42000008        8        0     1                 .L0 
42000008        8        0     1                 _start
4200000c        c        0     1                 .L0 
42000010       10        0     1                 _abs_start
42000010       10        0     1                 .L0 
42000010       10        0     1                 .L0 
42000012       12        0     1                 .L0 
42000014       14        0     1                 .L0 
42000016       16        0     1                 .L0 
42000018       18        0     1                 .L0 
4200001a       1a        0     1                 .L0 
4200001c       1c        0     1                 .L0 
4200001e       1e        0     1                 .L0 
42000020       20        0     1                 .L0 
42000022       22        0     1                 .L0 
42000024       24        0     1                 .L0 
42000026       26        0     1                 .L0 
42000028       28        0     1                 .L0 
4200002a       2a        0     1                 .L0 
4200002c       2c        0     1                 .L0 
4200002e       2e        0     1                 .L0 
42000030       30        0     1                 .L0 
42000032       32        0     1                 .L0 
42000034       34        0     1                 .L0 
42000036       36        0     1                 .L0 
42000038       38        0     1                 .L0 
4200003a       3a        0     1                 .L0 
4200003c       3c        0     1                 .L0 
4200003e       3e        0     1                 .L0 
42000040       40        0     1                 .L0 
42000042       42        0     1                 .L0 
42000044       44        0     1                 .L0 
42000046       46        0     1                 .L0 
42000048       48        0     1                 .L0 
4200004a       4a        0     1                 .L0 
4200004c       4c        0     1                 .L0 
4200004e       4e        0     1                 .L0 
4200004e       4e        0     1                 .L0 
42000056       56        0     1                 .L0 
4200005a       5a        0     1                 .L0 
4200005e       5e        0     1                 .L0 
42000062       62        0     1                 .L0 
4200006a       6a        0     1                 .L0 
4200006a       6a        0     1                 .L0 
42000072       72        0     1                 .L0 
42000076       76        0     1                 .L0 
4200007a       7a        0     1                 .L0 
4200007e       7e        0     1                 .L0 
42000082       82        0     1                 .L0 
42000086       86        0     1                 .L0 
4200008a       8a        0     1                 .L0 
4200008a       8a        0     1                 .L0 
4200008a       8a        0     1                 .L0 
4200008a       8a       74     2         /home/mabez/development/rust/embedded/experiments/esp32c3/target/riscv32imac-unknown-none-elf/debug/deps/libriscv_rt-9f6ededa1f4c9759.rlib(riscv_rt-9f6ededa1f4c9759.riscv_rt.da5378fb-cgu.3.rcgu.o):(.init.rust)
4200008a       8a        0     1                 
4200008a       8a        0     1                 
4200008a       8a        0     1                 
4200008a       8a       74     1                 _start_rust
4200008c       8c        0     1                 
4200008c       8c        0     1                 
4200008e       8e        0     1                 
4200009a       9a        0     1                 
4200009e       9e        0     1                 
420000a4       a4        0     1                 
420000ae       ae        0     1                 
420000b8       b8        0     1                 
420000d2       d2        0     1                 
420000f4       f4        0     1                 
420000fe       fe        0     1                 
420000fe       fe        0     1                 
420000fe       fe        0     1                 
420000fe       fe        2     1         . = ALIGN ( 4 )
42000100      100       98     1         /home/mabez/development/rust/embedded/experiments/esp32c3/target/riscv32imac-unknown-none-elf/debug/deps/libriscv_atomic_emulation_trap-fab535a27fe2d765.rlib(riscv-atomic-emulation-trap.o):(.trap)
42000100      100        0     1                 .L0 
42000100      100        0     1                 .L0 
42000100      100        0     1                 _start_trap
42000102      102        0     1                 .L0 
42000104      104        0     1                 .L0 
42000106      106        0     1                 .L0 
42000108      108        0     1                 .L0 
4200010a      10a        0     1                 .L0 
4200010c      10c        0     1                 .L0 
4200010e      10e        0     1                 .L0 
42000110      110        0     1                 .L0 
42000112      112        0     1                 .L0 
42000114      114        0     1                 .L0 
42000116      116        0     1                 .L0 
42000118      118        0     1                 .L0 
4200011a      11a        0     1                 .L0 
4200011c      11c        0     1                 .L0 
4200011e      11e        0     1                 .L0 
42000120      120        0     1                 .L0 
42000122      122        0     1                 .L0 
42000124      124        0     1                 .L0 
42000126      126        0     1                 .L0 
42000128      128        0     1                 .L0 
4200012a      12a        0     1                 .L0 
4200012c      12c        0     1                 .L0 
4200012e      12e        0     1                 .L0 
42000130      130        0     1                 .L0 
42000132      132        0     1                 .L0 
42000134      134        0     1                 .L0 
42000136      136        0     1                 .L0 
42000138      138        0     1                 .L0 
4200013a      13a        0     1                 .L0 
4200013c      13c        0     1                 .L0 
4200013e      13e        0     1                 .L0 
42000140      140        0     1                 .L0 
42000144      144        0     1                 .L0 
42000146      146        0     1                 .L0 
4200014a      14a        0     1                 .L0 
4200014e      14e        0     1                 .L0 
42000150      150        0     1                 .L0 
42000152      152        0     1                 .L0 
42000154      154        0     1                 .L0 
42000156      156        0     1                 .L0 
42000158      158        0     1                 .L0 
4200015a      15a        0     1                 .L0 
4200015c      15c        0     1                 .L0 
4200015e      15e        0     1                 .L0 
42000160      160        0     1                 .L0 
42000162      162        0     1                 .L0 
42000164      164        0     1                 .L0 
42000166      166        0     1                 .L0 
42000168      168        0     1                 .L0 
4200016a      16a        0     1                 .L0 
4200016c      16c        0     1                 .L0 
4200016e      16e        0     1                 .L0 
42000170      170        0     1                 .L0 
42000172      172        0     1                 .L0 
42000174      174        0     1                 .L0 
42000176      176        0     1                 .L0 
42000178      178        0     1                 .L0 
4200017a      17a        0     1                 .L0 
4200017c      17c        0     1                 .L0 
4200017e      17e        0     1                 .L0 
42000180      180        0     1                 .L0 
42000182      182        0     1                 .L0 
42000184      184        0     1                 .L0 
42000186      186        0     1                 .L0 
42000188      188        0     1                 .L0 
4200018a      18a        0     1                 .L0 
4200018c      18c        0     1                 .L0 
4200018e      18e        0     1                 .L0 
42000192      192        0     1                 .L0 
42000194      194        0     1                 .L0 
42000198      198        0     1                 .L0 
42000198      198        0     1                 .L0 
42000198      198      14a     2         /home/mabez/development/rust/embedded/experiments/esp32c3/target/riscv32imac-unknown-none-elf/debug/deps/libriscv_atomic_emulation_trap-fab535a27fe2d765.rlib(riscv_atomic_emulation_trap-fab535a27fe2d765.riscv_atomic_emulation_trap.b3d57533-cgu.0.rcgu.o):(.trap.rust)
42000198      198        0     1                 
42000198      198        0     1                 
42000198      198        0     1                 
42000198      198      14a     1                 _start_trap_atomic_rust
4200019a      19a        0     1                 
4200019c      19c        0     1                 
420001a0      1a0        0     1                 
420001ac      1ac        0     1                 
420001ac      1ac        0     1                 
420001b2      1b2        0     1                 
420001b2      1b2        0     1                 
420001cc      1cc        0     1                 
420001d4      1d4        0     1                 
420001d6      1d6        0     1                 
420001d8      1d8        0     1                 
420001e8      1e8        0     1                 
420001f2      1f2        0     1                 
420001f2      1f2        0     1                 
420001f8      1f8        0     1                 
42000206      206        0     1                 
42000214      214        0     1                 
42000216      216        0     1                 
42000220      220        0     1                 
42000220      220        0     1                 
42000226      226        0     1                 
4200022a      22a        0     1                 
4200022a      22a        0     1                 
42000230      230        0     1                 
4200023e      23e        0     1                 
42000240      240        0     1                 
42000256      256        0     1                 
42000258      258        0     1                 
42000274      274        0     1                 
42000276      276        0     1                 
42000280      280        0     1                 
42000280      280        0     1                 
42000284      284        0     1                 
42000284      284        0     1                 
4200028a      28a        0     1                 
42000294      294        0     1                 
42000298      298        0     1                 
4200029e      29e        0     1                 
420002b0      2b0        0     1                 
420002b0      2b0        0     1                 
420002ba      2ba        0     1                 
420002ba      2ba        0     1                 
420002d0      2d0        0     1                 
420002d0      2d0        0     1                 
420002da      2da        0     1                 
420002e2      2e2        0     1                 
420002e2      2e2        0     1                 
420002e2      2e2        0     1                 
420002e2      2e2        0     1                 
420002e2      2e2       14     2         /home/mabez/development/rust/embedded/experiments/esp32c3/target/riscv32imac-unknown-none-elf/debug/deps/esp32c3-6c8eecfb34724107.16oo1rtpmbk0weq7.rcgu.o:(.text._ZN4core4sync6atomic11AtomicUsize3new17h123bbd6ddb9ec9b8E)
420002e2      2e2        0     1                 
420002e2      2e2        0     1                 
420002e2      2e2        0     1                 
420002e2      2e2       14     1                 core::sync::atomic::AtomicUsize::new::h123bbd6ddb9ec9b8
420002e4      2e4        0     1                 
420002e8      2e8        0     1                 
420002e8      2e8        0     1                 
420002ea      2ea        0     1                 
420002ea      2ea        0     1                 
420002ee      2ee        0     1                 
420002f2      2f2        0     1                 
420002f6      2f6        0     1                 
420002f6      2f6        0     1                 
420002f6      2f6        0     1                 
420002f6      2f6       2e     2         /home/mabez/development/rust/embedded/experiments/esp32c3/target/riscv32imac-unknown-none-elf/debug/deps/esp32c3-6c8eecfb34724107.16oo1rtpmbk0weq7.rcgu.o:(.text._ZN4core4sync6atomic11AtomicUsize4load17h266574b8433f6f67E)
420002f6      2f6        0     1                 
420002f6      2f6        0     1                 
420002f6      2f6        0     1                 
420002f6      2f6       2e     1                 core::sync::atomic::AtomicUsize::load::h266574b8433f6f67
420002f8      2f8        0     1                 
420002fa      2fa        0     1                 
42000304      304        0     1                 
4200030c      30c        0     1                 
4200031c      31c        0     1                 
42000324      324        0     1                 
42000324      324        0     1                 
42000324      324        0     1                 
42000324      324       48     2         /home/mabez/development/rust/embedded/experiments/esp32c3/target/riscv32imac-unknown-none-elf/debug/deps/esp32c3-6c8eecfb34724107.16oo1rtpmbk0weq7.rcgu.o:(.text._ZN4core4sync6atomic11AtomicUsize16compare_exchange17h2762e720ab09cea1E)
42000324      324        0     1                 
42000324      324        0     1                 
42000324      324        0     1                 
42000324      324       48     1                 core::sync::atomic::AtomicUsize::compare_exchange::h2762e720ab09cea1
42000326      326        0     1                 
42000328      328        0     1                 
42000342      342        0     1                 
4200034a      34a        0     1                 
42000362      362        0     1                 
4200036c      36c        0     1                 
4200036c      36c        0     1                 
4200036c      36c        0     1                 
4200036c      36c       34     2         /home/mabez/development/rust/embedded/experiments/esp32c3/target/riscv32imac-unknown-none-elf/debug/deps/esp32c3-6c8eecfb34724107.16oo1rtpmbk0weq7.rcgu.o:(.text._ZN4core4sync6atomic11AtomicUsize9fetch_add17hf7d3297706c05e34E)
4200036c      36c        0     1                 
4200036c      36c        0     1                 
4200036c      36c        0     1                 
4200036c      36c       34     1                 core::sync::atomic::AtomicUsize::fetch_add::hf7d3297706c05e34
4200036e      36e        0     1                 
42000370      370        0     1                 
4200037e      37e        0     1                 
42000386      386        0     1                 
42000398      398        0     1                 
420003a0      3a0        0     1                 
420003a0      3a0        0     1                 
420003a0      3a0        0     1                 
420003a0      3a0       24     2         /home/mabez/development/rust/embedded/experiments/esp32c3/target/riscv32imac-unknown-none-elf/debug/deps/esp32c3-6c8eecfb34724107.1idhibzi0mpmbahx.rcgu.o:(.text._ZN4core10intrinsics11write_bytes17h2e5bf02c86b3f990E)
420003a0      3a0        0     1                 
420003a0      3a0        0     1                 
420003a0      3a0        0     1                 
420003a0      3a0       24     1                 core::intrinsics::write_bytes::h2e5bf02c86b3f990
420003a2      3a2        0     1                 
420003a4      3a4        0     1                 
420003b0      3b0        0     1                 
420003be      3be        0     1                 
420003c4      3c4        0     1                 
420003c4      3c4        0     1                 
420003c4      3c4        0     1                 
420003c4      3c4       3a     2         /home/mabez/development/rust/embedded/experiments/esp32c3/target/riscv32imac-unknown-none-elf/debug/deps/esp32c3-6c8eecfb34724107.1phwpl9yylfc3qa9.rcgu.o:(.text._ZN4core6result19Result$LT$T$C$E$GT$6unwrap17h1a61df70740135aaE)
420003c4      3c4        0     1                 
420003c4      3c4        0     1                 
420003c4      3c4        0     1                 
420003c4      3c4       3a     1                 core::result::Result$LT$T$C$E$GT$::unwrap::h1a61df70740135aa
420003c6      3c6        0     1                 
420003ce      3ce        0     1                 
420003d6      3d6        0     1                 
420003d8      3d8        0     1                 
420003dc      3dc        0     1                 
420003dc      3dc        0     1                 
420003fe      3fe        0     1                 
420003fe      3fe        0     1                 
420003fe      3fe        0     1                 
420003fe      3fe        0     1                 
420003fe      3fe       38     2         /home/mabez/development/rust/embedded/experiments/esp32c3/target/riscv32imac-unknown-none-elf/debug/deps/esp32c3-6c8eecfb34724107.1phwpl9yylfc3qa9.rcgu.o:(.text._ZN4core6result19Result$LT$T$C$E$GT$6unwrap17ha4415297a1a8d3c4E)
420003fe      3fe        0     1                 
420003fe      3fe        0     1                 
420003fe      3fe        0     1                 
420003fe      3fe       38     1                 core::result::Result$LT$T$C$E$GT$::unwrap::ha4415297a1a8d3c4
42000400      400        0     1                 
42000406      406        0     1                 
4200040e      40e        0     1                 
42000410      410        0     1                 
42000414      414        0     1                 
42000414      414        0     1                 
42000436      436        0     1                 
42000436      436        0     1                 
42000436      436        0     1                 
42000436      436        0     1                 
42000436      436       3a     2         /home/mabez/development/rust/embedded/experiments/esp32c3/target/riscv32imac-unknown-none-elf/debug/deps/esp32c3-6c8eecfb34724107.1phwpl9yylfc3qa9.rcgu.o:(.text._ZN4core6result19Result$LT$T$C$E$GT$6unwrap17hae33489342660157E)
42000436      436        0     1                 
42000436      436        0     1                 
42000436      436        0     1                 
42000436      436       3a     1                 core::result::Result$LT$T$C$E$GT$::unwrap::hae33489342660157
42000438      438        0     1                 
42000440      440        0     1                 
42000448      448        0     1                 
4200044a      44a        0     1                 
4200044e      44e        0     1                 
4200044e      44e        0     1                 
42000470      470        0     1                 
42000470      470        0     1                 
42000470      470        0     1                 
42000470      470        0     1                 
42000470      470       42     2         /home/mabez/development/rust/embedded/experiments/esp32c3/target/riscv32imac-unknown-none-elf/debug/deps/esp32c3-6c8eecfb34724107.1phwpl9yylfc3qa9.rcgu.o:(.text._ZN4core6result19Result$LT$T$C$E$GT$6unwrap17hd65de0024e745794E)
42000470      470        0     1                 
42000470      470        0     1                 
42000470      470        0     1                 
42000470      470       42     1                 core::result::Result$LT$T$C$E$GT$::unwrap::hd65de0024e745794
42000472      472        0     1                 
4200047a      47a        0     1                 
42000482      482        0     1                 
42000484      484        0     1                 
42000488      488        0     1                 
4200048c      48c        0     1                 
42000492      492        0     1                 
42000492      492        0     1                 
420004b2      4b2        0     1                 
420004b2      4b2        0     1                 
420004b2      4b2        0     1                 
420004b2      4b2        0     1                 
420004b2      4b2       86     2         /home/mabez/development/rust/embedded/experiments/esp32c3/target/riscv32imac-unknown-none-elf/debug/deps/esp32c3-6c8eecfb34724107.31w2p0rmtqdazjy9.rcgu.o:(.text._ZN4core3fmt3num52_$LT$impl$u20$core..fmt..Debug$u20$for$u20$usize$GT$3fmt17h1ae86fc35690cd3dE)
420004b2      4b2        0     1                 
420004b2      4b2        0     1                 
420004b2      4b2        0     1                 
420004b2      4b2       86     1                 core::fmt::num::_$LT$impl$u20$core..fmt..Debug$u20$for$u20$usize$GT$::fmt::h1ae86fc35690cd3d
420004b4      4b4        0     1                 
420004b6      4b6        0     1                 
420004c2      4c2        0     1                 
420004ce      4ce        0     1                 
420004d2      4d2        0     1                 
420004d8      4d8        0     1                 
420004e6      4e6        0     1                 
420004f8      4f8        0     1                 
420004fa      4fa        0     1                 
42000504      504        0     1                 
42000508      508        0     1                 
4200050e      50e        0     1                 
42000520      520        0     1                 
42000532      532        0     1                 
42000534      534        0     1                 
42000536      536        0     1                 
42000538      538        0     1                 
42000538      538        0     1                 
42000538      538        0     1                 
42000538      538        8     2         /home/mabez/development/rust/embedded/experiments/esp32c3/target/riscv32imac-unknown-none-elf/debug/deps/esp32c3-6c8eecfb34724107.360z2ancvg6ixrl4.rcgu.o:(.text._ZN4core3ptr26drop_in_place$LT$usize$GT$17h352e7c62a4f47015E)
42000538      538        0     1                 
42000538      538        0     1                 
42000538      538        0     1                 
42000538      538        8     1                 core::ptr::drop_in_place$LT$usize$GT$::h352e7c62a4f47015
4200053a      53a        0     1                 
4200053c      53c        0     1                 
42000540      540        0     1                 
42000540      540        0     1                 
42000540      540        0     1                 
42000540      540        8     2         /home/mabez/development/rust/embedded/experiments/esp32c3/target/riscv32imac-unknown-none-elf/debug/deps/esp32c3-6c8eecfb34724107.360z2ancvg6ixrl4.rcgu.o:(.text._ZN4core3ptr29drop_in_place$LT$$LP$$RP$$GT$17h52b2ff2d4aa20ebfE)
42000540      540        0     1                 
42000540      540        0     1                 
42000540      540        0     1                 
42000540      540        8     1                 core::ptr::drop_in_place$LT$$LP$$RP$$GT$::h52b2ff2d4aa20ebf
42000542      542        0     1                 
42000544      544        0     1                 
42000548      548        0     1                 
42000548      548        0     1                 
42000548      548        0     1                 
42000548      548        8     2         /home/mabez/development/rust/embedded/experiments/esp32c3/target/riscv32imac-unknown-none-elf/debug/deps/esp32c3-6c8eecfb34724107.360z2ancvg6ixrl4.rcgu.o:(.text._ZN4core3ptr31drop_in_place$LT$void..Void$GT$17hbbeb7dfe1336f601E)
42000548      548        0     1                 
42000548      548        0     1                 
42000548      548        0     1                 
42000548      548        8     1                 core::ptr::drop_in_place$LT$void..Void$GT$::hbbeb7dfe1336f601
4200054a      54a        0     1                 
4200054c      54c        0     1                 
42000550      550        0     1                 
42000550      550        0     1                 
42000550      550        0     1                 
42000550      550        8     2         /home/mabez/development/rust/embedded/experiments/esp32c3/target/riscv32imac-unknown-none-elf/debug/deps/esp32c3-6c8eecfb34724107.360z2ancvg6ixrl4.rcgu.o:(.text._ZN4core3ptr37drop_in_place$LT$core..fmt..Error$GT$17hc3bfbab7db1d988cE)
42000550      550        0     1                 
42000550      550        0     1                 
42000550      550        0     1                 
42000550      550        8     1                 core::ptr::drop_in_place$LT$core..fmt..Error$GT$::hc3bfbab7db1d988c
42000552      552        0     1                 
42000554      554        0     1                 
42000558      558        0     1                 
42000558      558        0     1                 
42000558      558        0     1                 
42000558      558        8     2         /home/mabez/development/rust/embedded/experiments/esp32c3/target/riscv32imac-unknown-none-elf/debug/deps/esp32c3-6c8eecfb34724107.360z2ancvg6ixrl4.rcgu.o:(.text._ZN4core3ptr50drop_in_place$LT$$RF$mut$u20$esp32c3_lib..Uart$GT$17h0c5d3f5685a3b012E)
42000558      558        0     1                 
42000558      558        0     1                 
42000558      558        0     1                 
42000558      558        8     1                 core::ptr::drop_in_place$LT$$RF$mut$u20$esp32c3_lib..Uart$GT$::h0c5d3f5685a3b012
4200055a      55a        0     1                 
4200055c      55c        0     1                 
42000560      560        0     1                 
42000560      560        0     1                 
42000560      560        0     1                 
42000560      560       72     2         /home/mabez/development/rust/embedded/experiments/esp32c3/target/riscv32imac-unknown-none-elf/debug/deps/esp32c3-6c8eecfb34724107.3dax6gsnt3idpsze.rcgu.o:(.text.rust_begin_unwind)
42000560      560        0     1                 
42000560      560        0     1                 
42000560      560        0     1                 
42000560      560       72     1                 rust_begin_unwind
42000562      562        0     1                 
42000564      564        0     1                 
42000568      568        0     1                 
4200056c      56c        0     1                 
4200056c      56c        0     1                 
4200058c      58c        0     1                 
4200058c      58c        0     1                 
420005b4      5b4        0     1                 
420005b8      5b8        0     1                 
420005d0      5d0        0     1                 
420005d2      5d2        0     1                 
420005d2      5d2        0     1                 
420005d2      5d2        0     1                 
420005d2      5d2       74     2         /home/mabez/development/rust/embedded/experiments/esp32c3/target/riscv32imac-unknown-none-elf/debug/deps/esp32c3-6c8eecfb34724107.3dax6gsnt3idpsze.rcgu.o:(.text.ExceptionHandler)
420005d2      5d2        0     1                 
420005d2      5d2        0     1                 
420005d2      5d2        0     1                 
420005d2      5d2       74     1                 ExceptionHandler
420005d4      5d4        0     1                 
420005d6      5d6        0     1                 
420005d8      5d8        0     1                 
420005e4      5e4        0     1                 
420005e6      5e6        0     1                 
420005ea      5ea        0     1                 
420005ea      5ea        0     1                 
4200060a      60a        0     1                 
4200060a      60a        0     1                 
42000646      646        0     1                 
42000646      646        0     1                 
42000646      646        0     1                 
42000646      646      62c     2         /home/mabez/development/rust/embedded/experiments/esp32c3/target/riscv32imac-unknown-none-elf/debug/deps/esp32c3-6c8eecfb34724107.3dax6gsnt3idpsze.rcgu.o:(.text.main)
42000646      646        0     1                 
42000646      646        0     1                 
42000646      646        0     1                 
42000646      646      62c     1                 main
4200064a      64a        0     1                 
4200064a      64a        0     1                 
4200064a      64a        0     1                 
4200064e      64e        0     1                 
42000656      656        0     1                 
42000656      656        0     1                 
42000660      660        0     1                 
4200066c      66c        0     1                 
42000684      684        0     1                 
42000690      690        0     1                 
420006a0      6a0        0     1                 
420006a0      6a0        0     1                 
420006a4      6a4        0     1                 
420006ba      6ba        0     1                 
420006ba      6ba        0     1                 
420006c2      6c2        0     1                 
420006c2      6c2        0     1                 
420006e6      6e6        0     1                 
420006e6      6e6        0     1                 
4200072a      72a        0     1                 
42000734      734        0     1                 
42000746      746        0     1                 
42000746      746        0     1                 
42000750      750        0     1                 
42000752      752        0     1                 
4200075e      75e        0     1                 
4200075e      75e        0     1                 
4200077e      77e        0     1                 
42000782      782        0     1                 
420007a2      7a2        0     1                 
420007b0      7b0        0     1                 
420007b0      7b0        0     1                 
420007ce      7ce        0     1                 
420007ce      7ce        0     1                 
420007e8      7e8        0     1                 
420007ec      7ec        0     1                 
4200080c      80c        0     1                 
42000814      814        0     1                 
42000820      820        0     1                 
42000822      822        0     1                 
42000822      822        0     1                 
42000832      832        0     1                 
42000834      834        0     1                 
42000834      834        0     1                 
4200083a      83a        0     1                 
42000842      842        0     1                 
4200086a      86a        0     1                 
4200086c      86c        0     1                 
4200086c      86c        0     1                 
42000874      874        0     1                 
42000874      874        0     1                 
42000896      896        0     1                 
42000896      896        0     1                 
420008b0      8b0        0     1                 
420008b4      8b4        0     1                 
420008d4      8d4        0     1                 
420008d6      8d6        0     1                 
420008de      8de        0     1                 
420008ec      8ec        0     1                 
420008ee      8ee        0     1                 
420008ee      8ee        0     1                 
420008f6      8f6        0     1                 
420008f6      8f6        0     1                 
42000918      918        0     1                 
42000918      918        0     1                 
42000932      932        0     1                 
42000936      936        0     1                 
42000956      956        0     1                 
42000958      958        0     1                 
42000960      960        0     1                 
4200096e      96e        0     1                 
42000970      970        0     1                 
42000970      970        0     1                 
42000978      978        0     1                 
42000978      978        0     1                 
4200099a      99a        0     1                 
4200099a      99a        0     1                 
420009b4      9b4        0     1                 
420009b8      9b8        0     1                 
420009d8      9d8        0     1                 
420009da      9da        0     1                 
420009e0      9e0        0     1                 
420009ee      9ee        0     1                 
420009f0      9f0        0     1                 
420009f0      9f0        0     1                 
420009f8      9f8        0     1                 
420009f8      9f8        0     1                 
42000a1a      a1a        0     1                 
42000a1a      a1a        0     1                 
42000a34      a34        0     1                 
42000a38      a38        0     1                 
42000a58      a58        0     1                 
42000a6e      a6e        0     1                 
42000a70      a70        0     1                 
42000a74      a74        0     1                 
42000a74      a74        0     1                 
42000a76      a76        0     1                 
42000a96      a96        0     1                 
42000a9a      a9a        0     1                 
42000aba      aba        0     1                 
42000ad0      ad0        0     1                 
42000ad2      ad2        0     1                 
42000af2      af2        0     1                 
42000af4      af4        0     1                 
42000b0a      b0a        0     1                 
42000b12      b12        0     1                 
42000b14      b14        0     1                 
42000b26      b26        0     1                 
42000b2a      b2a        0     1                 
42000b30      b30        0     1                 
42000b50      b50        0     1                 
42000b54      b54        0     1                 
42000b74      b74        0     1                 
42000b8a      b8a        0     1                 
42000b8c      b8c        0     1                 
42000bac      bac        0     1                 
42000bae      bae        0     1                 
42000bc4      bc4        0     1                 
42000bcc      bcc        0     1                 
42000bce      bce        0     1                 
42000be0      be0        0     1                 
42000be4      be4        0     1                 
42000bea      bea        0     1                 
42000bec      bec        0     1                 
42000bf4      bf4        0     1                 
42000bf4      bf4        0     1                 
42000c16      c16        0     1                 
42000c16      c16        0     1                 
42000c30      c30        0     1                 
42000c34      c34        0     1                 
42000c3e      c3e        0     1                 
42000c54      c54        0     1                 
42000c56      c56        0     1                 
42000c72      c72        0     1                 
42000c72      c72        0     1                 
42000c72      c72        0     1                 
42000c72      c72        0     1                 
42000c72      c72       1e     2         /home/mabez/development/rust/embedded/experiments/esp32c3/target/riscv32imac-unknown-none-elf/debug/deps/esp32c3-6c8eecfb34724107.3e2vhcvnvpvomz83.rcgu.o:(.text._ZN42_$LT$$RF$T$u20$as$u20$core..fmt..Debug$GT$3fmt17h86aac747faead6e5E)
42000c72      c72        0     1                 
42000c72      c72        0     1                 
42000c72      c72        0     1                 
42000c72      c72       1e     1                 _$LT$$RF$T$u20$as$u20$core..fmt..Debug$GT$::fmt::h86aac747faead6e5
42000c74      c74        0     1                 
42000c76      c76        0     1                 
42000c7a      c7a        0     1                 
42000c7c      c7c        0     1                 
42000c88      c88        0     1                 
42000c90      c90        0     1                 
42000c90      c90        0     1                 
42000c90      c90        0     1                 
42000c90      c90       22     2         /home/mabez/development/rust/embedded/experiments/esp32c3/target/riscv32imac-unknown-none-elf/debug/deps/esp32c3-6c8eecfb34724107.3hh2vqqri9noju8i.rcgu.o:(.text._ZN4core3fmt10ArgumentV13new17h17b3bcb6b672e194E)
42000c90      c90        0     1                 
42000c90      c90        0     1                 
42000c90      c90        0     1                 
42000c90      c90       22     1                 core::fmt::ArgumentV1::new::h17b3bcb6b672e194
42000c92      c92        0     1                 
42000c98      c98        0     1                 
42000c9e      c9e        0     1                 
42000ca6      ca6        0     1                 
42000cae      cae        0     1                 
42000cb2      cb2        0     1                 
42000cb2      cb2        0     1                 
42000cb2      cb2        0     1                 
42000cb2      cb2       22     2         /home/mabez/development/rust/embedded/experiments/esp32c3/target/riscv32imac-unknown-none-elf/debug/deps/esp32c3-6c8eecfb34724107.3hh2vqqri9noju8i.rcgu.o:(.text._ZN4core3fmt10ArgumentV13new17h26085050ec4ed2ceE)
42000cb2      cb2        0     1                 
42000cb2      cb2        0     1                 
42000cb2      cb2        0     1                 
42000cb2      cb2       22     1                 core::fmt::ArgumentV1::new::h26085050ec4ed2ce
42000cb4      cb4        0     1                 
42000cba      cba        0     1                 
42000cc0      cc0        0     1                 
42000cc8      cc8        0     1                 
42000cd0      cd0        0     1                 
42000cd4      cd4        0     1                 
42000cd4      cd4        0     1                 
42000cd4      cd4        0     1                 
42000cd4      cd4       22     2         /home/mabez/development/rust/embedded/experiments/esp32c3/target/riscv32imac-unknown-none-elf/debug/deps/esp32c3-6c8eecfb34724107.3hh2vqqri9noju8i.rcgu.o:(.text._ZN4core3fmt10ArgumentV13new17ha76018350b95861aE)
42000cd4      cd4        0     1                 
42000cd4      cd4        0     1                 
42000cd4      cd4        0     1                 
42000cd4      cd4       22     1                 core::fmt::ArgumentV1::new::ha76018350b95861a
42000cd6      cd6        0     1                 
42000cdc      cdc        0     1                 
42000ce2      ce2        0     1                 
42000cea      cea        0     1                 
42000cf2      cf2        0     1                 
42000cf6      cf6        0     1                 
42000cf6      cf6        0     1                 
42000cf6      cf6        0     1                 
42000cf6      cf6       24     2         /home/mabez/development/rust/embedded/experiments/esp32c3/target/riscv32imac-unknown-none-elf/debug/deps/esp32c3-6c8eecfb34724107.3hh2vqqri9noju8i.rcgu.o:(.text._ZN44_$LT$$RF$T$u20$as$u20$core..fmt..Display$GT$3fmt17h34b4f7635c89f20dE)
42000cf6      cf6        0     1                 
42000cf6      cf6        0     1                 
42000cf6      cf6        0     1                 
42000cf6      cf6       24     1                 _$LT$$RF$T$u20$as$u20$core..fmt..Display$GT$::fmt::h34b4f7635c89f20d
42000cf8      cf8        0     1                 
42000cfa      cfa        0     1                 
42000d02      d02        0     1                 
42000d06      d06        0     1                 
42000d12      d12        0     1                 
42000d1a      d1a        0     1                 
42000d1a      d1a        0     1                 
42000d1a      d1a        0     1                 
42000d1a      d1a       9a     2         /home/mabez/development/rust/embedded/experiments/esp32c3/target/riscv32imac-unknown-none-elf/debug/deps/esp32c3-6c8eecfb34724107.46dv6jlxri7vu0zk.rcgu.o:(.text._ZN4core3fmt9Arguments6new_v117hd6f20670f698819eE)
42000d1a      d1a        0     1                 
42000d1a      d1a        0     1                 
42000d1a      d1a        0     1                 
42000d1a      d1a       9a     1                 core::fmt::Arguments::new_v1::hd6f20670f698819e
42000d1c      d1c        0     1                 
42000d1e      d1e        0     1                 
42000d30      d30        0     1                 
42000d36      d36        0     1                 
42000d3c      d3c        0     1                 
42000d40      d40        0     1                 
42000d46      d46        0     1                 
42000d48      d48        0     1                 
42000d5c      d5c        0     1                 
42000d68      d68        0     1                 
42000d6a      d6a        0     1                 
42000d7a      d7a        0     1                 
42000d80      d80        0     1                 
42000db4      db4        0     1                 
42000db4      db4        0     1                 
42000db4      db4        0     1                 
42000db4      db4       26     2         /home/mabez/development/rust/embedded/experiments/esp32c3/target/riscv32imac-unknown-none-elf/debug/deps/esp32c3-6c8eecfb34724107.46dv6jlxri7vu0zk.rcgu.o:(.text._ZN4core3fmt9Arguments16new_v1_formatted17h691945fee8f26704E)
42000db4      db4        0     1                 
42000db4      db4        0     1                 
42000db4      db4        0     1                 
42000db4      db4       26     1                 core::fmt::Arguments::new_v1_formatted::h691945fee8f26704
42000db6      db6        0     1                 
42000dc2      dc2        0     1                 
42000dc6      dc6        0     1                 
42000dd6      dd6        0     1                 
42000dda      dda        0     1                 
42000dda      dda        0     1                 
42000dda      dda        0     1                 
42000dda      dda       2c     2         /home/mabez/development/rust/embedded/experiments/esp32c3/target/riscv32imac-unknown-none-elf/debug/deps/esp32c3-6c8eecfb34724107.46dv6jlxri7vu0zk.rcgu.o:(.text._ZN45_$LT$$LP$$RP$$u20$as$u20$core..fmt..Debug$GT$3fmt17h1c5406fee3dc7a29E)
42000dda      dda        0     1                 
42000dda      dda        0     1                 
42000dda      dda        0     1                 
42000dda      dda       2c     1                 _$LT$$LP$$RP$$u20$as$u20$core..fmt..Debug$GT$::fmt::h1c5406fee3dc7a29
42000ddc      ddc        0     1                 
42000dde      dde        0     1                 
42000de8      de8        0     1                 
42000dfe      dfe        0     1                 
42000e06      e06        0     1                 
42000e06      e06        0     1                 
42000e06      e06        0     1                 
42000e06      e06        a     2         /home/mabez/development/rust/embedded/experiments/esp32c3/target/riscv32imac-unknown-none-elf/debug/deps/esp32c3-6c8eecfb34724107.59383vjg8ah1nwp0.rcgu.o:(.text._ZN4core3str8converts23from_utf8_unchecked_mut17ha2bf642a2a5c40e8E)
42000e06      e06        0     1                 
42000e06      e06        0     1                 
42000e06      e06        0     1                 
42000e06      e06        a     1                 core::str::converts::from_utf8_unchecked_mut::ha2bf642a2a5c40e8
42000e08      e08        0     1                 
42000e0c      e0c        0     1                 
42000e10      e10        0     1                 
42000e10      e10        0     1                 
42000e10      e10        0     1                 
42000e10      e10       18     2         /home/mabez/development/rust/embedded/experiments/esp32c3/target/riscv32imac-unknown-none-elf/debug/deps/esp32c3-6c8eecfb34724107.h4h1jg4d5ugkhbg.rcgu.o:(.text._ZN5riscv8register4mepc4read17h3bffc8480716a79aE)
42000e10      e10        0     1                 
42000e10      e10        0     1                 
42000e10      e10        0     1                 
42000e10      e10       18     1                 riscv::register::mepc::read::h3bffc8480716a79a
42000e12      e12        0     1                 
42000e12      e12        0     1                 
42000e14      e14        0     1                 
42000e20      e20        0     1                 
42000e28      e28        0     1                 
42000e28      e28        0     1                 
42000e28      e28        0     1                 
42000e28      e28       18     2         /home/mabez/development/rust/embedded/experiments/esp32c3/target/riscv32imac-unknown-none-elf/debug/deps/esp32c3-6c8eecfb34724107.h4h1jg4d5ugkhbg.rcgu.o:(.text._ZN5riscv8register4mepc5_read17hdd8864a24005cc7dE)
42000e28      e28       18     1                 riscv::register::mepc::_read::hdd8864a24005cc7d
42000e28      e28        0     1                 
42000e28      e28        0     1                 
42000e28      e28        0     1                 
42000e2a      e2a        0     1                 
42000e2a      e2a        0     1                 
42000e2c      e2c        0     1                 
42000e38      e38        0     1                 
42000e40      e40        0     1                 
42000e40      e40        0     1                 
42000e40      e40        0     1                 
42000e40      e40       74     2         /home/mabez/development/rust/embedded/experiments/esp32c3/target/riscv32imac-unknown-none-elf/debug/deps/esp32c3-6c8eecfb34724107.p5cpnu5dso05alz.rcgu.o:(.text._ZN4core4sync6atomic10atomic_add17h14bc10f1a0834057E)
42000e40      e40        0     1                 
42000e40      e40        0     1                 
42000e40      e40        0     1                 
42000e40      e40       74     1                 core::sync::atomic::atomic_add::h14bc10f1a0834057
42000e42      e42        0     1                 
42000e4e      e4e        0     1                 
42000e54      e54        0     1                 
42000e66      e66        0     1                 
42000e68      e68        0     1                 .LBB0_3
42000e68      e68        0     1                 
42000e74      e74        0     1                 .LBB0_4
42000e74      e74        0     1                 
42000e80      e80        0     1                 .LBB0_5
42000e80      e80        0     1                 
42000e8c      e8c        0     1                 .LBB0_6
42000e8c      e8c        0     1                 
42000e98      e98        0     1                 .LBB0_7
42000e98      e98        0     1                 
42000ea4      ea4        0     1                 
42000ea6      ea6        0     1                 
42000eac      eac        0     1                 
42000eae      eae        0     1                 
42000eb0      eb0        0     1                 
42000eb2      eb2        0     1                 
42000eb4      eb4        0     1                 
42000eb4      eb4        0     1                 
42000eb4      eb4        0     1                 
42000eb4      eb4      2d8     2         /home/mabez/development/rust/embedded/experiments/esp32c3/target/riscv32imac-unknown-none-elf/debug/deps/esp32c3-6c8eecfb34724107.p5cpnu5dso05alz.rcgu.o:(.text._ZN4core4sync6atomic23atomic_compare_exchange17haf4746b7cb18a7d1E)
42000eb4      eb4        0     1                 
42000eb4      eb4        0     1                 
42000eb4      eb4        0     1                 
42000eb4      eb4      2d8     1                 core::sync::atomic::atomic_compare_exchange::haf4746b7cb18a7d1
42000eb6      eb6        0     1                 
42000eb8      eb8        0     1                 
42000ecc      ecc        0     1                 
42000edc      edc        0     1                 
42000ee0      ee0        0     1                 
42000ef2      ef2        0     1                 
42000efa      efa        0     1                 
42000f00      f00        0     1                 
42000f04      f04        0     1                 
42000f0a      f0a        0     1                 .LBB1_4
42000f0a      f0a        0     1                 
42000f10      f10        0     1                 
42000f16      f16        0     1                 .LBB1_5
42000f16      f16        0     1                 
42000f1c      f1c        0     1                 
42000f22      f22        0     1                 .LBB1_6
42000f22      f22        0     1                 
42000f2a      f2a        0     1                 
42000f30      f30        0     1                 
42000f34      f34        0     1                 
42000f3a      f3a        0     1                 .LBB1_8
42000f3a      f3a        0     1                 
42000f42      f42        0     1                 
42000f48      f48        0     1                 
42000f4c      f4c        0     1                 
42000f52      f52        0     1                 .LBB1_10
42000f52      f52        0     1                 
42000f5a      f5a        0     1                 
42000f60      f60        0     1                 
42000f64      f64        0     1                 
42000f6a      f6a        0     1                 
42000f6e      f6e        0     1                 
42000f74      f74        0     1                 
42000f96      f96        0     1                 
42000fb8      fb8        0     1                 
42000fda      fda        0     1                 
42000fdc      fdc        0     1                 
42000fe2      fe2        0     1                 
42000ff0      ff0        0     1                 
42000ff0      ff0        0     1                 
42000ff6      ff6        0     1                 
42000ff6      ff6        0     1                 
42000ff8      ff8        0     1                 
42000ffa      ffa        0     1                 
4200101c     101c        0     1                 
4200103e     103e        0     1                 
42001040     1040        0     1                 
42001042     1042        0     1                 
42001064     1064        0     1                 
42001086     1086        0     1                 
42001088     1088        0     1                 
4200108a     108a        0     1                 
420010ac     10ac        0     1                 
420010ae     10ae        0     1                 
420010d0     10d0        0     1                 
420010f0     10f0        0     1                 
42001110     1110        0     1                 
42001130     1130        0     1                 
42001144     1144        0     1                 
42001158     1158        0     1                 
4200116c     116c        0     1                 
4200116e     116e        0     1                 
4200116e     116e        0     1                 
42001176     1176        0     1                 
42001178     1178        0     1                 
42001180     1180        0     1                 
42001182     1182        0     1                 
42001182     1182        0     1                 
4200118c     118c        0     1                 
4200118c     118c        0     1                 
4200118c     118c        0     1                 
4200118c     118c       40     2         /home/mabez/development/rust/embedded/experiments/esp32c3/target/riscv32imac-unknown-none-elf/debug/deps/esp32c3-6c8eecfb34724107.v0f7at9a6qkyll5.rcgu.o:(.text._ZN4core3fmt5Write10write_char17he283c9a1641c83e7E)
4200118c     118c       40     1                 core::fmt::Write::write_char::he283c9a1641c83e7
4200118c     118c        0     1                 
4200118c     118c        0     1                 
4200118c     118c        0     1                 
4200118e     118e        0     1                 
42001190     1190        0     1                 
4200119e     119e        0     1                 
420011a4     11a4        0     1                 
420011b2     11b2        0     1                 
420011c4     11c4        0     1                 
420011cc     11cc        0     1                 
420011cc     11cc        0     1                 
420011cc     11cc        0     1                 
420011cc     11cc       3e     2         /home/mabez/development/rust/embedded/experiments/esp32c3/target/riscv32imac-unknown-none-elf/debug/deps/esp32c3-6c8eecfb34724107.v0f7at9a6qkyll5.rcgu.o:(.text._ZN4core3fmt5Write9write_fmt17he3c55e3ab61afeeeE)
420011cc     11cc        0     1                 
420011cc     11cc        0     1                 
420011cc     11cc        0     1                 
420011cc     11cc       3e     1                 core::fmt::Write::write_fmt::he3c55e3ab61afeee
420011ce     11ce        0     1                 
420011d0     11d0        0     1                 
420011d2     11d2        0     1                 
420011ea     11ea        0     1                 
420011f2     11f2        0     1                 
420011f2     11f2        0     1                 
420011f6     11f6        0     1                 
42001202     1202        0     1                 
4200120a     120a        0     1                 
4200120a     120a        0     1                 
4200120a     120a        0     1                 
4200120a     120a       20     2         /home/mabez/development/rust/embedded/experiments/esp32c3/target/riscv32imac-unknown-none-elf/debug/deps/esp32c3-6c8eecfb34724107.v0f7at9a6qkyll5.rcgu.o:(.text._ZN50_$LT$$RF$mut$u20$W$u20$as$u20$core..fmt..Write$GT$9write_str17h04d19d02b9013575E)
4200120a     120a       20     1                 _$LT$$RF$mut$u20$W$u20$as$u20$core..fmt..Write$GT$::write_str::h04d19d02b9013575
4200120a     120a        0     1                 
4200120a     120a        0     1                 
4200120a     120a        0     1                 
4200120c     120c        0     1                 
4200120e     120e        0     1                 
42001214     1214        0     1                 
42001222     1222        0     1                 
4200122a     122a        0     1                 
4200122a     122a        0     1                 
4200122a     122a        0     1                 
4200122a     122a       1e     2         /home/mabez/development/rust/embedded/experiments/esp32c3/target/riscv32imac-unknown-none-elf/debug/deps/esp32c3-6c8eecfb34724107.v0f7at9a6qkyll5.rcgu.o:(.text._ZN50_$LT$$RF$mut$u20$W$u20$as$u20$core..fmt..Write$GT$10write_char17hd4129e65d694accfE)
4200122a     122a       1e     1                 _$LT$$RF$mut$u20$W$u20$as$u20$core..fmt..Write$GT$::write_char::hd4129e65d694accf
4200122a     122a        0     1                 
4200122a     122a        0     1                 
4200122a     122a        0     1                 
4200122c     122c        0     1                 
4200122e     122e        0     1                 
42001232     1232        0     1                 
42001240     1240        0     1                 
42001248     1248        0     1                 
42001248     1248        0     1                 
42001248     1248        0     1                 
42001248     1248       36     2         /home/mabez/development/rust/embedded/experiments/esp32c3/target/riscv32imac-unknown-none-elf/debug/deps/esp32c3-6c8eecfb34724107.v0f7at9a6qkyll5.rcgu.o:(.text._ZN50_$LT$$RF$mut$u20$W$u20$as$u20$core..fmt..Write$GT$9write_fmt17h0bd0546aae8b0406E)
42001248     1248       36     1                 _$LT$$RF$mut$u20$W$u20$as$u20$core..fmt..Write$GT$::write_fmt::h0bd0546aae8b0406
42001248     1248        0     1                 
42001248     1248        0     1                 
42001248     1248        0     1                 
4200124a     124a        0     1                 
4200124c     124c        0     1                 
4200124e     124e        0     1                 
42001250     1250        0     1                 
42001266     1266        0     1                 
4200126a     126a        0     1                 
42001276     1276        0     1                 
4200127e     127e        0     1                 
4200127e     127e        0     1                 
4200127e     127e        0     1                 
4200127e     127e       34     2         /home/mabez/development/rust/embedded/experiments/esp32c3/target/riscv32imac-unknown-none-elf/debug/deps/esp32c3-6c8eecfb34724107.zvsvxmou5gfsy4h.rcgu.o:(.text._ZN4core4char7methods22_$LT$impl$u20$char$GT$11encode_utf817hfd86a9ea3aada46dE)
4200127e     127e        0     1                 
4200127e     127e        0     1                 
4200127e     127e        0     1                 
4200127e     127e       34     1                 core::char::methods::_$LT$impl$u20$char$GT$::encode_utf8::hfd86a9ea3aada46d
42001280     1280        0     1                 
42001282     1282        0     1                 
42001288     1288        0     1                 
42001296     1296        0     1                 
420012a8     12a8        0     1                 
420012b2     12b2        0     1                 
420012b2     12b2        0     1                 
420012b2     12b2        0     1                 
420012b2     12b2       4a     2         /home/mabez/development/rust/embedded/experiments/esp32c3/target/riscv32imac-unknown-none-elf/debug/deps/esp32c3-6c8eecfb34724107.zvsvxmou5gfsy4h.rcgu.o:(.text._ZN4core4char7methods8len_utf817hc3bee023ad72c415E)
420012b2     12b2       4a     1                 core::char::methods::len_utf8::hc3bee023ad72c415
420012b2     12b2        0     1                 
420012b2     12b2        0     1                 
420012b2     12b2        0     1                 
420012b4     12b4        0     1                 
420012bc     12bc        0     1                 
420012c2     12c2        0     1                 
420012ce     12ce        0     1                 
420012d0     12d0        0     1                 
420012d2     12d2        0     1                 
420012d4     12d4        0     1                 
420012da     12da        0     1                 
420012e6     12e6        0     1                 
420012e8     12e8        0     1                 
420012ea     12ea        0     1                 
420012ec     12ec        0     1                 
420012ee     12ee        0     1                 
420012f0     12f0        0     1                 
420012f2     12f2        0     1                 
420012f4     12f4        0     1                 
420012f6     12f6        0     1                 
420012f8     12f8        0     1                 
420012fa     12fa        0     1                 
420012fc     12fc        0     1                 
420012fc     12fc        0     1                 
420012fc     12fc        0     1                 
420012fc     12fc      22e     2         /home/mabez/development/rust/embedded/experiments/esp32c3/target/riscv32imac-unknown-none-elf/debug/deps/esp32c3-6c8eecfb34724107.zvsvxmou5gfsy4h.rcgu.o:(.text._ZN4core4char7methods15encode_utf8_raw17h7617e2f967d5f132E)
420012fc     12fc      22e     1                 core::char::methods::encode_utf8_raw::h7617e2f967d5f132
420012fc     12fc        0     1                 
420012fc     12fc        0     1                 
420012fc     12fc        0     1                 
420012fe     12fe        0     1                 
42001300     1300        0     1                 
4200130a     130a        0     1                 
42001316     1316        0     1                 
42001316     1316        0     1                 
4200131c     131c        0     1                 
42001334     1334        0     1                 
42001340     1340        0     1                 
4200134c     134c        0     1                 
42001350     1350        0     1                 
42001356     1356        0     1                 
4200135a     135a        0     1                 
42001360     1360        0     1                 
42001364     1364        0     1                 
4200136a     136a        0     1                 
42001370     1370        0     1                 
42001380     1380        0     1                 
42001380     1380        0     1                 
42001396     1396        0     1                 
42001396     1396        0     1                 
420013a0     13a0        0     1                 
420013aa     13aa        0     1                 
420013b4     13b4        0     1                 
420013be     13be        0     1                 
420013c4     13c4        0     1                 
420013ca     13ca        0     1                 
420013d0     13d0        0     1                 
420013d6     13d6        0     1                 
420013d6     13d6        0     1                 
420013da     13da        0     1                 
420013dc     13dc        0     1                 
420013e4     13e4        0     1                 
420013e8     13e8        0     1                 
420013ec     13ec        0     1                 
420013f4     13f4        0     1                 
420013f8     13f8        0     1                 
420013fc     13fc        0     1                 
42001404     1404        0     1                 
42001408     1408        0     1                 
4200140c     140c        0     1                 
42001414     1414        0     1                 
42001414     1414        0     1                 
42001416     1416        0     1                 
4200141c     141c        0     1                 
4200141e     141e        0     1                 
42001434     1434        0     1                 
42001438     1438        0     1                 
4200143e     143e        0     1                 
42001444     1444        0     1                 
42001444     1444        0     1                 
42001448     1448        0     1                 
4200144a     144a        0     1                 
42001452     1452        0     1                 
42001456     1456        0     1                 
4200145a     145a        0     1                 
42001462     1462        0     1                 
42001466     1466        0     1                 
4200146a     146a        0     1                 
42001472     1472        0     1                 
42001472     1472        0     1                 
42001474     1474        0     1                 
42001478     1478        0     1                 
4200147e     147e        0     1                 
4200147e     147e        0     1                 
42001482     1482        0     1                 
42001484     1484        0     1                 
4200148c     148c        0     1                 
42001490     1490        0     1                 
42001494     1494        0     1                 
4200149c     149c        0     1                 
4200149c     149c        0     1                 
4200149e     149e        0     1                 
420014a2     14a2        0     1                 
420014a2     14a2        0     1                 
420014a4     14a4        0     1                 
420014a8     14a8        0     1                 
420014a8     14a8        0     1                 
420014aa     14aa        0     1                 
420014aa     14aa        0     1                 
420014b4     14b4        0     1                 
420014b4     14b4        0     1                 
420014fc     14fc        0     1                 
420014fc     14fc        0     1                 
4200152a     152a        0     1                 
4200152a     152a        0     1                 
4200152a     152a        0     1                 
4200152a     152a        0     1                 
4200152a     152a       9c     2         /home/mabez/development/rust/embedded/experiments/esp32c3/target/riscv32imac-unknown-none-elf/debug/deps/librtt_target-ba817fabe6541e78.rlib(rtt_target-ba817fabe6541e78.rtt_target.a5746e51-cgu.0.rcgu.o):(.text._ZN10rtt_target3rtt9RttHeader4init17h94ef0dd3435fdf2aE)
4200152a     152a        0     1                 
4200152a     152a        0     1                 
4200152a     152a        0     1                 
4200152a     152a       9c     1                 rtt_target::rtt::RttHeader::init::h94ef0dd3435fdf2a
4200152c     152c        0     1                 
4200152e     152e        0     1                 
42001538     1538        0     1                 
4200153a     153a        0     1                 
42001544     1544        0     1                 
4200154a     154a        0     1                 
42001554     1554        0     1                 
42001564     1564        0     1                 
4200157a     157a        0     1                 
4200157c     157c        0     1                 
42001580     1580        0     1                 
4200158a     158a        0     1                 
4200159a     159a        0     1                 
420015a2     15a2        0     1                 
420015a2     15a2        0     1                 
420015a8     15a8        0     1                 
420015a8     15a8        0     1                 
420015aa     15aa        0     1                 
420015c0     15c0        0     1                 
420015c6     15c6        0     1                 
420015c6     15c6        0     1                 
420015c6     15c6        0     1                 
420015c6     15c6       54     2         /home/mabez/development/rust/embedded/experiments/esp32c3/target/riscv32imac-unknown-none-elf/debug/deps/librtt_target-ba817fabe6541e78.rlib(rtt_target-ba817fabe6541e78.rtt_target.a5746e51-cgu.0.rcgu.o):(.text._ZN10rtt_target3rtt10RttChannel4init17h6f2e4d0576ce0963E)
420015c6     15c6        0     1                 
420015c6     15c6        0     1                 
420015c6     15c6        0     1                 
420015c6     15c6       54     1                 rtt_target::rtt::RttChannel::init::h6f2e4d0576ce0963
420015c8     15c8        0     1                 
420015ca     15ca        0     1                 
420015dc     15dc        0     1                 
420015e6     15e6        0     1                 
420015ec     15ec        0     1                 
420015f6     15f6        0     1                 
42001604     1604        0     1                 
4200160a     160a        0     1                 
42001614     1614        0     1                 
4200161a     161a        0     1                 
4200161a     161a        0     1                 
4200161a     161a        0     1                 
4200161a     161a       3e     2         /home/mabez/development/rust/embedded/experiments/esp32c3/target/riscv32imac-unknown-none-elf/debug/deps/librtt_target-ba817fabe6541e78.rlib(rtt_target-ba817fabe6541e78.rtt_target.a5746e51-cgu.0.rcgu.o):(.text._ZN10rtt_target3rtt10RttChannel4mode17ha60e08364829c966E)
4200161a     161a        0     1                 
4200161a     161a        0     1                 
4200161a     161a        0     1                 
4200161a     161a       3e     1                 rtt_target::rtt::RttChannel::mode::ha60e08364829c966
4200161c     161c        0     1                 
4200161e     161e        0     1                 
42001620     1620        0     1                 
42001624     1624        0     1                 
42001628     1628        0     1                 
4200163e     163e        0     1                 
4200163e     163e        0     1                 
42001644     1644        0     1                 
42001646     1646        0     1                 
42001648     1648        0     1                 
4200164a     164a        0     1                 
42001650     1650        0     1                 
42001650     1650        0     1                 
42001658     1658        0     1                 
42001658     1658        0     1                 
42001658     1658        0     1                 
42001658     1658       40     2         /home/mabez/development/rust/embedded/experiments/esp32c3/target/riscv32imac-unknown-none-elf/debug/deps/librtt_target-ba817fabe6541e78.rlib(rtt_target-ba817fabe6541e78.rtt_target.a5746e51-cgu.0.rcgu.o):(.text._ZN10rtt_target3rtt10RttChannel8set_mode17h1e7051abfc07f9b3E)
42001658     1658        0     1                 
42001658     1658        0     1                 
42001658     1658        0     1                 
42001658     1658       40     1                 rtt_target::rtt::RttChannel::set_mode::h1e7051abfc07f9b3
4200165a     165a        0     1                 
4200165c     165c        0     1                 
42001662     1662        0     1                 
42001668     1668        0     1                 
4200166c     166c        0     1                 
42001678     1678        0     1                 
42001684     1684        0     1                 
42001688     1688        0     1                 
42001692     1692        0     1                 
42001698     1698        0     1                 
42001698     1698        0     1                 
42001698     1698        0     1                 
42001698     1698       32     2         /home/mabez/development/rust/embedded/experiments/esp32c3/target/riscv32imac-unknown-none-elf/debug/deps/librtt_target-ba817fabe6541e78.rlib(rtt_target-ba817fabe6541e78.rtt_target.a5746e51-cgu.0.rcgu.o):(.text._ZN10rtt_target3rtt10RttChannel6writer17h546936b115bfa675E)
42001698     1698        0     1                 
42001698     1698        0     1                 
42001698     1698        0     1                 
42001698     1698       32     1                 rtt_target::rtt::RttChannel::writer::h546936b115bfa675
4200169a     169a        0     1                 
4200169c     169c        0     1                 
420016a6     16a6        0     1                 
420016b2     16b2        0     1                 
420016c4     16c4        0     1                 
420016ca     16ca        0     1                 
420016ca     16ca        0     1                 
420016ca     16ca        0     1                 
420016ca     16ca       b8     2         /home/mabez/development/rust/embedded/experiments/esp32c3/target/riscv32imac-unknown-none-elf/debug/deps/librtt_target-ba817fabe6541e78.rlib(rtt_target-ba817fabe6541e78.rtt_target.a5746e51-cgu.0.rcgu.o):(.text._ZN10rtt_target3rtt10RttChannel13read_pointers17h12dcd1f9ff509f36E)
420016ca     16ca       b8     1                 rtt_target::rtt::RttChannel::read_pointers::h12dcd1f9ff509f36
420016ca     16ca        0     1                 
420016ca     16ca        0     1                 
420016ca     16ca        0     1                 
420016cc     16cc        0     1                 
420016ce     16ce        0     1                 
420016d2     16d2        0     1                 
420016d6     16d6        0     1                 
420016da     16da        0     1                 
420016ea     16ea        0     1                 
420016ea     16ea        0     1                 
420016f0     16f0        0     1                 
420016f4     16f4        0     1                 
42001704     1704        0     1                 
42001704     1704        0     1                 
4200170a     170a        0     1                 
42001710     1710        0     1                 
42001716     1716        0     1                 
4200171e     171e        0     1                 
42001724     1724        0     1                 
42001726     1726        0     1                 
4200173a     173a        0     1                 
42001742     1742        0     1                 
42001742     1742        0     1                 
42001744     1744        0     1                 
42001744     1744        0     1                 
4200174a     174a        0     1                 
42001750     1750        0     1                 
4200175a     175a        0     1                 
42001760     1760        0     1                 
42001766     1766        0     1                 
42001770     1770        0     1                 
42001772     1772        0     1                 
42001776     1776        0     1                 
42001776     1776        0     1                 
42001782     1782        0     1                 
42001782     1782        0     1                 
42001782     1782        0     1                 
42001782     1782       36     2         /home/mabez/development/rust/embedded/experiments/esp32c3/target/riscv32imac-unknown-none-elf/debug/deps/librtt_target-ba817fabe6541e78.rlib(rtt_target-ba817fabe6541e78.rtt_target.a5746e51-cgu.0.rcgu.o):(.text._ZN10rtt_target3rtt9RttWriter5write17hcdfd7e05ac5fb90dE)
42001782     1782        0     1                 
42001782     1782        0     1                 
42001782     1782        0     1                 
42001782     1782       36     1                 rtt_target::rtt::RttWriter::write::hcdfd7e05ac5fb90d
42001784     1784        0     1                 
42001786     1786        0     1                 
42001792     1792        0     1                 
420017a0     17a0        0     1                 
420017b2     17b2        0     1                 
420017b8     17b8        0     1                 
420017b8     17b8        0     1                 
420017b8     17b8        0     1                 
420017b8     17b8      1b6     2         /home/mabez/development/rust/embedded/experiments/esp32c3/target/riscv32imac-unknown-none-elf/debug/deps/librtt_target-ba817fabe6541e78.rlib(rtt_target-ba817fabe6541e78.rtt_target.a5746e51-cgu.0.rcgu.o):(.text._ZN10rtt_target3rtt9RttWriter15write_with_mode17h47b06e47d627ea44E)
420017b8     17b8        0     1                 
420017b8     17b8        0     1                 
420017b8     17b8        0     1                 
420017b8     17b8      1b6     1                 rtt_target::rtt::RttWriter::write_with_mode::h47b06e47d627ea44
420017ba     17ba        0     1                 
420017bc     17bc        0     1                 
420017c6     17c6        0     1                 
420017c8     17c8        0     1                 
420017e0     17e0        0     1                 
420017e4     17e4        0     1                 
420017ea     17ea        0     1                 
420017ec     17ec        0     1                 
420017f2     17f2        0     1                 
42001802     1802        0     1                 
42001808     1808        0     1                 
4200181c     181c        0     1                 
42001822     1822        0     1                 
42001830     1830        0     1                 
42001834     1834        0     1                 
42001844     1844        0     1                 
42001848     1848        0     1                 
42001848     1848        0     1                 
4200184e     184e        0     1                 
42001854     1854        0     1                 
4200185a     185a        0     1                 
4200185e     185e        0     1                 
42001866     1866        0     1                 
42001876     1876        0     1                 
42001878     1878        0     1                 
4200187c     187c        0     1                 
42001880     1880        0     1                 
42001884     1884        0     1                 
42001884     1884        0     1                 
42001886     1886        0     1                 
4200188a     188a        0     1                 
4200188a     188a        0     1                 
4200188e     188e        0     1                 
42001892     1892        0     1                 
42001894     1894        0     1                 
4200189a     189a        0     1                 
4200189e     189e        0     1                 
420018a2     18a2        0     1                 
420018ac     18ac        0     1                 
420018b2     18b2        0     1                 
420018b8     18b8        0     1                 
420018b8     18b8        0     1                 
420018be     18be        0     1                 
420018be     18be        0     1                 
420018c0     18c0        0     1                 
420018d0     18d0        0     1                 
420018e8     18e8        0     1                 
420018f4     18f4        0     1                 
42001910     1910        0     1                 
42001916     1916        0     1                 
42001918     1918        0     1                 
4200191c     191c        0     1                 
42001922     1922        0     1                 
4200193e     193e        0     1                 
42001944     1944        0     1                 
42001946     1946        0     1                 
4200195c     195c        0     1                 
42001960     1960        0     1                 
42001962     1962        0     1                 
42001964     1964        0     1                 
4200196c     196c        0     1                 
4200196c     196c        0     1                 
4200196e     196e        0     1                 
4200196e     196e        0     1                 
4200196e     196e        0     1                 
4200196e     196e      134     2         /home/mabez/development/rust/embedded/experiments/esp32c3/target/riscv32imac-unknown-none-elf/debug/deps/librtt_target-ba817fabe6541e78.rlib(rtt_target-ba817fabe6541e78.rtt_target.a5746e51-cgu.0.rcgu.o):(.text._ZN10rtt_target3rtt9RttWriter19writable_contiguous17h4bbc4dc493402bccE)
4200196e     196e      134     1                 rtt_target::rtt::RttWriter::writable_contiguous::h4bbc4dc493402bcc
4200196e     196e        0     1                 
4200196e     196e        0     1                 
4200196e     196e        0     1                 
42001970     1970        0     1                 
42001972     1972        0     1                 
42001976     1976        0     1                 
4200198a     198a        0     1                 
4200198a     198a        0     1                 
4200198c     198c        0     1                 
42001992     1992        0     1                 
42001996     1996        0     1                 
4200199c     199c        0     1                 
420019a2     19a2        0     1                 
420019de     19de        0     1                 
420019e0     19e0        0     1                 
420019fe     19fe        0     1                 
[...]
    4ac9     4ac9        0     1                 .Lline_table_start0
    4b5b     4b5b       ab     1         /home/mabez/development/rust/embedded/experiments/esp32c3/target/riscv32imac-unknown-none-elf/debug/deps/libembedded_hal-09d0b07e9f5d700b.rlib(embedded_hal-09d0b07e9f5d700b.embedded_hal.a1e71ce7-cgu.10.rcgu.o):(.debug_line)
    4b5b     4b5b        0     1                 .Lline_table_start0
    4c06     4c06      33f     1         /home/mabez/development/rust/embedded/experiments/esp32c3/target/riscv32imac-unknown-none-elf/debug/deps/libembedded_hal-09d0b07e9f5d700b.rlib(embedded_hal-09d0b07e9f5d700b.embedded_hal.a1e71ce7-cgu.6.rcgu.o):(.debug_line)
    4c06     4c06        0     1                 .Lline_table_start0
    4f45     4f45       c0     1         /home/mabez/development/rust/embedded/experiments/esp32c3/target/riscv32imac-unknown-none-elf/debug/deps/libembedded_hal-09d0b07e9f5d700b.rlib(embedded_hal-09d0b07e9f5d700b.embedded_hal.a1e71ce7-cgu.4.rcgu.o):(.debug_line)
    4f45     4f45        0     1                 .Lline_table_start0
    5005     5005       ae     1         /home/mabez/development/rust/embedded/experiments/esp32c3/target/riscv32imac-unknown-none-elf/debug/deps/libembedded_hal-09d0b07e9f5d700b.rlib(embedded_hal-09d0b07e9f5d700b.embedded_hal.a1e71ce7-cgu.3.rcgu.o):(.debug_line)
    5005     5005        0     1                 .Lline_table_start0
    50b3     50b3       be     1         /home/mabez/development/rust/embedded/experiments/esp32c3/target/riscv32imac-unknown-none-elf/debug/deps/libembedded_hal-09d0b07e9f5d700b.rlib(embedded_hal-09d0b07e9f5d700b.embedded_hal.a1e71ce7-cgu.7.rcgu.o):(.debug_line)
    50b3     50b3        0     1                 .Lline_table_start0
    5171     5171       be     1         /home/mabez/development/rust/embedded/experiments/esp32c3/target/riscv32imac-unknown-none-elf/debug/deps/libvoid-9bf68c712c7c3b51.rlib(void-9bf68c712c7c3b51.void.0c241590-cgu.0.rcgu.o):(.debug_line)
    5171     5171        0     1                 .Lline_table_start0
    522f     522f    27185     1         /home/mabez/.rustup/toolchains/nightly-x86_64-unknown-linux-gnu/lib/rustlib/riscv32imac-unknown-none-elf/lib/libcore-081fd8405fc18f2e.rlib(core-081fd8405fc18f2e.core.364d98f8-cgu.0.rcgu.o):(.debug_line)
    522f     522f        0     1                 .Lline_table_start0
   2c3b4    2c3b4      245     1         /home/mabez/.rustup/toolchains/nightly-x86_64-unknown-linux-gnu/lib/rustlib/riscv32imac-unknown-none-elf/lib/libcompiler_builtins-64fdae85a7f05972.rlib(compiler_builtins-64fdae85a7f05972.compiler_builtins.ce5182a1-cgu.1.rcgu.o):(.debug_line)
   2c3b4    2c3b4        0     1                 .Lline_table_start0
   2c5f9    2c5f9      191     1         /home/mabez/.rustup/toolchains/nightly-x86_64-unknown-linux-gnu/lib/rustlib/riscv32imac-unknown-none-elf/lib/libcompiler_builtins-64fdae85a7f05972.rlib(compiler_builtins-64fdae85a7f05972.compiler_builtins.ce5182a1-cgu.104.rcgu.o):(.debug_line)
   2c5f9    2c5f9        0     1                 .Lline_table_start0
   2c78a    2c78a      211     1         /home/mabez/.rustup/toolchains/nightly-x86_64-unknown-linux-gnu/lib/rustlib/riscv32imac-unknown-none-elf/lib/libcompiler_builtins-64fdae85a7f05972.rlib(compiler_builtins-64fdae85a7f05972.compiler_builtins.ce5182a1-cgu.11.rcgu.o):(.debug_line)
   2c78a    2c78a        0     1                 .Lline_table_start0
   2c99b    2c99b      41a     1         /home/mabez/.rustup/toolchains/nightly-x86_64-unknown-linux-gnu/lib/rustlib/riscv32imac-unknown-none-elf/lib/libcompiler_builtins-64fdae85a7f05972.rlib(compiler_builtins-64fdae85a7f05972.compiler_builtins.ce5182a1-cgu.113.rcgu.o):(.debug_line)
   2c99b    2c99b        0     1                 .Lline_table_start0
   2cdb5    2cdb5      bd6     1         /home/mabez/.rustup/toolchains/nightly-x86_64-unknown-linux-gnu/lib/rustlib/riscv32imac-unknown-none-elf/lib/libcompiler_builtins-64fdae85a7f05972.rlib(compiler_builtins-64fdae85a7f05972.compiler_builtins.ce5182a1-cgu.121.rcgu.o):(.debug_line)
   2cdb5    2cdb5        0     1                 .Lline_table_start0
   2d98b    2d98b      211     1         /home/mabez/.rustup/toolchains/nightly-x86_64-unknown-linux-gnu/lib/rustlib/riscv32imac-unknown-none-elf/lib/libcompiler_builtins-64fdae85a7f05972.rlib(compiler_builtins-64fdae85a7f05972.compiler_builtins.ce5182a1-cgu.16.rcgu.o):(.debug_line)
   2d98b    2d98b        0     1                 .Lline_table_start0
   2db9c    2db9c      28a     1         /home/mabez/.rustup/toolchains/nightly-x86_64-unknown-linux-gnu/lib/rustlib/riscv32imac-unknown-none-elf/lib/libcompiler_builtins-64fdae85a7f05972.rlib(compiler_builtins-64fdae85a7f05972.compiler_builtins.ce5182a1-cgu.21.rcgu.o):(.debug_line)
   2db9c    2db9c        0     1                 .Lline_table_start0
   2de26    2de26      33a     1         /home/mabez/.rustup/toolchains/nightly-x86_64-unknown-linux-gnu/lib/rustlib/riscv32imac-unknown-none-elf/lib/libcompiler_builtins-64fdae85a7f05972.rlib(compiler_builtins-64fdae85a7f05972.compiler_builtins.ce5182a1-cgu.22.rcgu.o):(.debug_line)
   2de26    2de26        0     1                 .Lline_table_start0
   2e160    2e160      30a     1         /home/mabez/.rustup/toolchains/nightly-x86_64-unknown-linux-gnu/lib/rustlib/riscv32imac-unknown-none-elf/lib/libcompiler_builtins-64fdae85a7f05972.rlib(compiler_builtins-64fdae85a7f05972.compiler_builtins.ce5182a1-cgu.23.rcgu.o):(.debug_line)
   2e160    2e160        0     1                 .Lline_table_start0
   2e46a    2e46a      245     1         /home/mabez/.rustup/toolchains/nightly-x86_64-unknown-linux-gnu/lib/rustlib/riscv32imac-unknown-none-elf/lib/libcompiler_builtins-64fdae85a7f05972.rlib(compiler_builtins-64fdae85a7f05972.compiler_builtins.ce5182a1-cgu.42.rcgu.o):(.debug_line)
   2e46a    2e46a        0     1                 .Lline_table_start0
   2e6af    2e6af       fc     1         /home/mabez/.rustup/toolchains/nightly-x86_64-unknown-linux-gnu/lib/rustlib/riscv32imac-unknown-none-elf/lib/libcompiler_builtins-64fdae85a7f05972.rlib(compiler_builtins-64fdae85a7f05972.compiler_builtins.ce5182a1-cgu.58.rcgu.o):(.debug_line)
   2e6af    2e6af        0     1                 .Lline_table_start0
   2e7ab    2e7ab      41a     1         /home/mabez/.rustup/toolchains/nightly-x86_64-unknown-linux-gnu/lib/rustlib/riscv32imac-unknown-none-elf/lib/libcompiler_builtins-64fdae85a7f05972.rlib(compiler_builtins-64fdae85a7f05972.compiler_builtins.ce5182a1-cgu.62.rcgu.o):(.debug_line)
   2e7ab    2e7ab        0     1                 .Lline_table_start0
   2ebc5    2ebc5      20f     1         /home/mabez/.rustup/toolchains/nightly-x86_64-unknown-linux-gnu/lib/rustlib/riscv32imac-unknown-none-elf/lib/libcompiler_builtins-64fdae85a7f05972.rlib(compiler_builtins-64fdae85a7f05972.compiler_builtins.ce5182a1-cgu.7.rcgu.o):(.debug_line)
   2ebc5    2ebc5        0     1                 .Lline_table_start0
   2edd4    2edd4      269     1         /home/mabez/.rustup/toolchains/nightly-x86_64-unknown-linux-gnu/lib/rustlib/riscv32imac-unknown-none-elf/lib/libcompiler_builtins-64fdae85a7f05972.rlib(compiler_builtins-64fdae85a7f05972.compiler_builtins.ce5182a1-cgu.79.rcgu.o):(.debug_line)
   2edd4    2edd4        0     1                 .Lline_table_start0
   2f03d    2f03d      b8c     1         /home/mabez/.rustup/toolchains/nightly-x86_64-unknown-linux-gnu/lib/rustlib/riscv32imac-unknown-none-elf/lib/libcompiler_builtins-64fdae85a7f05972.rlib(compiler_builtins-64fdae85a7f05972.compiler_builtins.ce5182a1-cgu.86.rcgu.o):(.debug_line)
   2f03d    2f03d        0     1                 .Lline_table_start0
   2fbc9    2fbc9      28e     1         /home/mabez/.rustup/toolchains/nightly-x86_64-unknown-linux-gnu/lib/rustlib/riscv32imac-unknown-none-elf/lib/libcompiler_builtins-64fdae85a7f05972.rlib(compiler_builtins-64fdae85a7f05972.compiler_builtins.ce5182a1-cgu.66.rcgu.o):(.debug_line)
   2fbc9    2fbc9        0     1                 .Lline_table_start0
   2fe57    2fe57       fc     1         /home/mabez/.rustup/toolchains/nightly-x86_64-unknown-linux-gnu/lib/rustlib/riscv32imac-unknown-none-elf/lib/libcompiler_builtins-64fdae85a7f05972.rlib(compiler_builtins-64fdae85a7f05972.compiler_builtins.ce5182a1-cgu.96.rcgu.o):(.debug_line)
   2fe57    2fe57        0     1                 .Lline_table_start0
   2ff53    2ff53       fc     1         /home/mabez/.rustup/toolchains/nightly-x86_64-unknown-linux-gnu/lib/rustlib/riscv32imac-unknown-none-elf/lib/libcompiler_builtins-64fdae85a7f05972.rlib(compiler_builtins-64fdae85a7f05972.compiler_builtins.ce5182a1-cgu.98.rcgu.o):(.debug_line)
   2ff53    2ff53        0     1                 .Lline_table_start0
   3004f    3004f      3a2     1         /home/mabez/development/rust/embedded/experiments/esp32c3/target/riscv32imac-unknown-none-elf/debug/deps/libriscv_rt-9f6ededa1f4c9759.rlib(riscv_rt-9f6ededa1f4c9759.riscv_rt.da5378fb-cgu.3.rcgu.o):(.debug_line)
   3004f    3004f        0     1                 .Lline_table_start0
   303f1    303f1      249     1         /home/mabez/development/rust/embedded/experiments/esp32c3/target/riscv32imac-unknown-none-elf/debug/deps/libriscv_rt-9f6ededa1f4c9759.rlib(riscv_rt-9f6ededa1f4c9759.riscv_rt.da5378fb-cgu.5.rcgu.o):(.debug_line)
   303f1    303f1        0     1                 .Lline_table_start0
   3063a    3063a      15b     1         /home/mabez/development/rust/embedded/experiments/esp32c3/target/riscv32imac-unknown-none-elf/debug/deps/libriscv_rt-9f6ededa1f4c9759.rlib(riscv_rt-9f6ededa1f4c9759.riscv_rt.da5378fb-cgu.0.rcgu.o):(.debug_line)
   3063a    3063a        0     1                 .Lline_table_start0
   30795    30795      126     1         /home/mabez/development/rust/embedded/experiments/esp32c3/target/riscv32imac-unknown-none-elf/debug/deps/libriscv_rt-9f6ededa1f4c9759.rlib(riscv_rt-9f6ededa1f4c9759.riscv_rt.da5378fb-cgu.1.rcgu.o):(.debug_line)
   30795    30795        0     1                 .Lline_table_start0
   308bb    308bb       92     1         /home/mabez/development/rust/embedded/experiments/esp32c3/target/riscv32imac-unknown-none-elf/debug/deps/libriscv_rt-9f6ededa1f4c9759.rlib(riscv_rt-9f6ededa1f4c9759.riscv_rt.da5378fb-cgu.6.rcgu.o):(.debug_line)
   308bb    308bb        0     1                 .Lline_table_start0
   3094d    3094d      128     1         /home/mabez/development/rust/embedded/experiments/esp32c3/target/riscv32imac-unknown-none-elf/debug/deps/libriscv_rt-9f6ededa1f4c9759.rlib(riscv_rt-9f6ededa1f4c9759.riscv_rt.da5378fb-cgu.4.rcgu.o):(.debug_line)
   3094d    3094d        0     1                 .Lline_table_start0
   30a75    30a75      4ae     1         /home/mabez/development/rust/embedded/experiments/esp32c3/target/riscv32imac-unknown-none-elf/debug/deps/libriscv-39f7ce6f6030497b.rlib(riscv-39f7ce6f6030497b.riscv.b201b7e1-cgu.0.rcgu.o):(.debug_line)
   30a75    30a75        0     1                 .Lline_table_start0
   30f23    30f23      2d5     1         /home/mabez/development/rust/embedded/experiments/esp32c3/target/riscv32imac-unknown-none-elf/debug/deps/libriscv-39f7ce6f6030497b.rlib(riscv-39f7ce6f6030497b.riscv.b201b7e1-cgu.9.rcgu.o):(.debug_line)
   30f23    30f23        0     1                 .Lline_table_start0
   311f8    311f8      171     1         /home/mabez/development/rust/embedded/experiments/esp32c3/target/riscv32imac-unknown-none-elf/debug/deps/libriscv-39f7ce6f6030497b.rlib(riscv-39f7ce6f6030497b.riscv.b201b7e1-cgu.4.rcgu.o):(.debug_line)
   311f8    311f8        0     1                 .Lline_table_start0
   31369    31369       c1     1         /home/mabez/development/rust/embedded/experiments/esp32c3/target/riscv32imac-unknown-none-elf/debug/deps/libriscv_rt-9f6ededa1f4c9759.rlib(riscv_rt-9f6ededa1f4c9759.riscv_rt.da5378fb-cgu.8.rcgu.o):(.debug_line)
   31369    31369        0     1                 .Lline_table_start0
   3142a    3142a       93     1         /home/mabez/development/rust/embedded/experiments/esp32c3/target/riscv32imac-unknown-none-elf/debug/deps/libriscv_rt-9f6ededa1f4c9759.rlib(riscv_rt-9f6ededa1f4c9759.riscv_rt.da5378fb-cgu.7.rcgu.o):(.debug_line)
   3142a    3142a        0     1                 .Lline_table_start0
   314bd    314bd       87     1         /home/mabez/development/rust/embedded/experiments/esp32c3/target/riscv32imac-unknown-none-elf/debug/deps/libriscv_rt-9f6ededa1f4c9759.rlib(riscv_rt-9f6ededa1f4c9759.riscv_rt.da5378fb-cgu.2.rcgu.o):(.debug_line)
   314bd    314bd        0     1                 .Lline_table_start0
   31544    31544      25a     1         /home/mabez/development/rust/embedded/experiments/esp32c3/target/riscv32imac-unknown-none-elf/debug/deps/libriscv_rt-9f6ededa1f4c9759.rlib(riscv-rt.o):(.debug_line)
   3179e    3179e      1ea     1         /home/mabez/development/rust/embedded/experiments/esp32c3/target/riscv32imac-unknown-none-elf/debug/deps/libriscv_atomic_emulation_trap-fab535a27fe2d765.rlib(riscv-atomic-emulation-trap.o):(.debug_line)
   31988    31988      aa7     1         /home/mabez/development/rust/embedded/experiments/esp32c3/target/riscv32imac-unknown-none-elf/debug/deps/libriscv_atomic_emulation_trap-fab535a27fe2d765.rlib(riscv_atomic_emulation_trap-fab535a27fe2d765.riscv_atomic_emulation_trap.b3d57533-cgu.0.rcgu.o):(.debug_line)
   31988    31988        0     1                 .Lline_table_start0
   3242f    3242f       b3     1         /home/mabez/development/rust/embedded/experiments/esp32c3/target/riscv32imac-unknown-none-elf/debug/deps/libriscv_atomic_emulation_trap-fab535a27fe2d765.rlib(riscv_atomic_emulation_trap-fab535a27fe2d765.riscv_atomic_emulation_trap.b3d57533-cgu.2.rcgu.o):(.debug_line)
   3242f    3242f        0     1                 .Lline_table_start0
   324e2    324e2       99     1         /home/mabez/development/rust/embedded/experiments/esp32c3/target/riscv32imac-unknown-none-elf/debug/deps/libriscv_atomic_emulation_trap-fab535a27fe2d765.rlib(riscv_atomic_emulation_trap-fab535a27fe2d765.riscv_atomic_emulation_trap.b3d57533-cgu.1.rcgu.o):(.debug_line)
   324e2    324e2        0     1                 .Lline_table_start0
   3257b    3257b       9e     1         /home/mabez/development/rust/embedded/experiments/esp32c3/target/riscv32imac-unknown-none-elf/debug/deps/libriscv_atomic_emulation_trap-fab535a27fe2d765.rlib(riscv_atomic_emulation_trap-fab535a27fe2d765.riscv_atomic_emulation_trap.b3d57533-cgu.6.rcgu.o):(.debug_line)
   3257b    3257b        0     1                 .Lline_table_start0
   32619    32619      170     1         /home/mabez/development/rust/embedded/experiments/esp32c3/target/riscv32imac-unknown-none-elf/debug/deps/libriscv_atomic_emulation_trap-fab535a27fe2d765.rlib(riscv_atomic_emulation_trap-fab535a27fe2d765.riscv_atomic_emulation_trap.b3d57533-cgu.3.rcgu.o):(.debug_line)
   32619    32619        0     1                 .Lline_table_start0
   32789    32789      4ae     1         /home/mabez/development/rust/embedded/experiments/esp32c3/target/riscv32imac-unknown-none-elf/debug/deps/libriscv-2df4d94086d6ad3d.rlib(riscv-2df4d94086d6ad3d.riscv.9f9f37cf-cgu.0.rcgu.o):(.debug_line)
   32789    32789        0     1                 .Lline_table_start0
   32c37    32c37      2d6     1         /home/mabez/development/rust/embedded/experiments/esp32c3/target/riscv32imac-unknown-none-elf/debug/deps/libriscv-2df4d94086d6ad3d.rlib(riscv-2df4d94086d6ad3d.riscv.9f9f37cf-cgu.10.rcgu.o):(.debug_line)
   32c37    32c37        0     1                 .Lline_table_start0
   32f0d    32f0d      257     1         /home/mabez/development/rust/embedded/experiments/esp32c3/target/riscv32imac-unknown-none-elf/debug/deps/libriscv-2df4d94086d6ad3d.rlib(riscv-2df4d94086d6ad3d.riscv.9f9f37cf-cgu.8.rcgu.o):(.debug_line)
   32f0d    32f0d        0     1                 .Lline_table_start0
   33164    33164      171     1         /home/mabez/development/rust/embedded/experiments/esp32c3/target/riscv32imac-unknown-none-elf/debug/deps/libriscv-2df4d94086d6ad3d.rlib(riscv-2df4d94086d6ad3d.riscv.9f9f37cf-cgu.4.rcgu.o):(.debug_line)
   33164    33164        0     1                 .Lline_table_start0
   332d5    332d5      1f2     1         /home/mabez/development/rust/embedded/experiments/esp32c3/target/riscv32imac-unknown-none-elf/debug/deps/libriscv-2df4d94086d6ad3d.rlib(riscv-2df4d94086d6ad3d.riscv.9f9f37cf-cgu.11.rcgu.o):(.debug_line)
   332d5    332d5        0     1                 .Lline_table_start0
   334c7    334c7      28d     1         /home/mabez/development/rust/embedded/experiments/esp32c3/target/riscv32imac-unknown-none-elf/debug/deps/libriscv_atomic_emulation_trap-fab535a27fe2d765.rlib(riscv_atomic_emulation_trap-fab535a27fe2d765.riscv_atomic_emulation_trap.b3d57533-cgu.5.rcgu.o):(.debug_line)
   334c7    334c7        0     1                 .Lline_table_start0
   33754    33754      111     1         /home/mabez/development/rust/embedded/experiments/esp32c3/target/riscv32imac-unknown-none-elf/debug/deps/libriscv_atomic_emulation_trap-fab535a27fe2d765.rlib(riscv_atomic_emulation_trap-fab535a27fe2d765.riscv_atomic_emulation_trap.b3d57533-cgu.7.rcgu.o):(.debug_line)
   33754    33754        0     1                 .Lline_table_start0
   33865    33865      1b1     1         /home/mabez/development/rust/embedded/experiments/esp32c3/target/riscv32imac-unknown-none-elf/debug/deps/libriscv_atomic_emulation_trap-fab535a27fe2d765.rlib(riscv_atomic_emulation_trap-fab535a27fe2d765.riscv_atomic_emulation_trap.b3d57533-cgu.4.rcgu.o):(.debug_line)
   33865    33865        0     1                 .Lline_table_start0
       0        0      168     1 .debug_loc
       0        0       38     1         /home/mabez/development/rust/embedded/experiments/esp32c3/target/riscv32imac-unknown-none-elf/debug/deps/esp32c3-6c8eecfb34724107.v0f7at9a6qkyll5.rcgu.o:(.debug_loc)
       0        0        0     1                 
      1c       1c        0     1                 
      38       38       61     1         /home/mabez/development/rust/embedded/experiments/esp32c3/target/riscv32imac-unknown-none-elf/debug/deps/librtt_target-ba817fabe6541e78.rlib(rtt_target-ba817fabe6541e78.rtt_target.a5746e51-cgu.0.rcgu.o):(.debug_loc)
      38       38        0     1                 
      61       61        0     1                 
      7d       7d        0     1                 
      99       99       61     1         /home/mabez/development/rust/embedded/experiments/esp32c3/target/riscv32imac-unknown-none-elf/debug/deps/librtt_target-ba817fabe6541e78.rlib(rtt_target-ba817fabe6541e78.rtt_target.a5746e51-cgu.3.rcgu.o):(.debug_loc)
      99       99        0     1                 
      c2       c2        0     1                 
      de       de        0     1                 
      fa       fa       6e     1         /home/mabez/development/rust/embedded/experiments/esp32c3/target/riscv32imac-unknown-none-elf/debug/deps/librtt_target-ba817fabe6541e78.rlib(rtt_target-ba817fabe6541e78.rtt_target.a5746e51-cgu.6.rcgu.o):(.debug_loc)
      fa       fa        0     1                 
     123      123        0     1                 
     13f      13f        0     1                 
       0        0       10     1 .debug_line_str
       0        0       10     1         <internal>:(.debug_line_str)
       0        0       20     1 .debug_rnglists
       0        0       20     1         /home/mabez/development/rust/embedded/experiments/esp32c3/target/riscv32imac-unknown-none-elf/debug/deps/libriscv_rt-9f6ededa1f4c9759.rlib(riscv-rt.o):(.debug_rnglists)
       c        c        0     1                 .L0 
       0        0       13     1 .comment
       0        0       13     1         <internal>:(.comment)
       0        0    22710     4 .symtab
       0        0    22710     4         <internal>:(.symtab)
       0        0      120     1 .shstrtab
       0        0      120     1         <internal>:(.shstrtab)
       0        0     6c88     1 .strtab
       0        0     6c88     1         <internal>:(.strtab)
