     VMA      LMA     Size Align Out     In      Symbol
42000000        0        8     1 .header
42000000        0        4     1         LONG ( 0xaedb041d )
42000004        4        4     1         LONG ( 0xaedb041d )
42000008        8        0     1 _stext = ORIGIN ( IROM ) + 8
42000008        8        0     1 PROVIDE ( _stack_start = ORIGIN ( REGION_STACK ) + LENGTH ( REGION_STACK ) )
42000008        8        0     1 PROVIDE ( _max_hart_id = 0 )
42000008        8        0     1 PROVIDE ( _hart_stack_size = 2K )
42000008        8        0     1 PROVIDE ( _heap_size = 0 )
42000008        8        0     1 PROVIDE ( UserSoft = DefaultHandler )
42000008        8        0     1 PROVIDE ( SupervisorSoft = DefaultHandler )
42000008        8        0     1 PROVIDE ( MachineSoft = DefaultHandler )
42000008        8        0     1 PROVIDE ( UserTimer = DefaultHandler )
42000008        8        0     1 PROVIDE ( SupervisorTimer = DefaultHandler )
42000008        8        0     1 PROVIDE ( MachineTimer = DefaultHandler )
42000008        8        0     1 PROVIDE ( UserExternal = DefaultHandler )
42000008        8        0     1 PROVIDE ( SupervisorExternal = DefaultHandler )
42000008        8        0     1 PROVIDE ( MachineExternal = DefaultHandler )
42000008        8        0     1 PROVIDE ( DefaultHandler = DefaultInterruptHandler )
42000008        8        0     1 PROVIDE ( __pre_init = default_pre_init )
42000008        8        0     1 PROVIDE ( _setup_interrupts = default_setup_interrupts )
42000008        8        0     1 PROVIDE ( _mp_hook = default_mp_hook )
42000008        8        0     1 .text.dummy
42000008        8        0     1         . = ABSOLUTE ( _stext )
42000008        8     6be2     2 .text
42000008        8       82     1         /Users/mabez/Development/rust/embedded/experiments/esp32c3-experiments/target/riscv32imac-unknown-none-elf/debug/deps/libriscv_rt-792395b706c7e295.rlib(riscv-rt.o):(.init)
42000008        8        0     1                 .L0 
42000008        8        0     1                 .L0 
42000008        8        0     1                 .L0 
42000008        8        0     1                 _start
4200000c        c        0     1                 .L0 
42000010       10        0     1                 _abs_start
42000010       10        0     1                 .L0 
42000010       10        0     1                 .L0 
42000012       12        0     1                 .L0 
42000014       14        0     1                 .L0 
42000016       16        0     1                 .L0 
42000018       18        0     1                 .L0 
4200001a       1a        0     1                 .L0 
4200001c       1c        0     1                 .L0 
4200001e       1e        0     1                 .L0 
42000020       20        0     1                 .L0 
42000022       22        0     1                 .L0 
42000024       24        0     1                 .L0 
42000026       26        0     1                 .L0 
42000028       28        0     1                 .L0 
4200002a       2a        0     1                 .L0 
4200002c       2c        0     1                 .L0 
4200002e       2e        0     1                 .L0 
42000030       30        0     1                 .L0 
42000032       32        0     1                 .L0 
42000034       34        0     1                 .L0 
42000036       36        0     1                 .L0 
42000038       38        0     1                 .L0 
4200003a       3a        0     1                 .L0 
4200003c       3c        0     1                 .L0 
4200003e       3e        0     1                 .L0 
42000040       40        0     1                 .L0 
42000042       42        0     1                 .L0 
42000044       44        0     1                 .L0 
42000046       46        0     1                 .L0 
42000048       48        0     1                 .L0 
4200004a       4a        0     1                 .L0 
4200004c       4c        0     1                 .L0 
4200004e       4e        0     1                 .L0 
4200004e       4e        0     1                 .L0 
42000056       56        0     1                 .L0 
4200005a       5a        0     1                 .L0 
4200005e       5e        0     1                 .L0 
42000062       62        0     1                 .L0 
4200006a       6a        0     1                 .L0 
4200006a       6a        0     1                 .L0 
42000072       72        0     1                 .L0 
42000076       76        0     1                 .L0 
4200007a       7a        0     1                 .L0 
4200007e       7e        0     1                 .L0 
42000082       82        0     1                 .L0 
42000086       86        0     1                 .L0 
4200008a       8a        0     1                 .L0 
4200008a       8a        0     1                 .L0 
4200008a       8a        0     1                 .L0 
4200008a       8a       74     2         /Users/mabez/Development/rust/embedded/experiments/esp32c3-experiments/target/riscv32imac-unknown-none-elf/debug/deps/libriscv_rt-792395b706c7e295.rlib(riscv_rt-792395b706c7e295.n23zmh27zi56vj2.rcgu.o):(.init.rust)
4200008a       8a        0     1                 
4200008a       8a        0     1                 
4200008a       8a        0     1                 
4200008a       8a       74     1                 _start_rust
4200008c       8c        0     1                 
4200008c       8c        0     1                 
4200008e       8e        0     1                 
4200009a       9a        0     1                 
4200009e       9e        0     1                 
420000a4       a4        0     1                 
420000ae       ae        0     1                 
420000b8       b8        0     1                 
420000d2       d2        0     1                 
420000f4       f4        0     1                 
420000fe       fe        0     1                 
420000fe       fe        0     1                 
420000fe       fe        0     1                 
420000fe       fe        2     1         . = ALIGN ( 4 )
42000100      100       98     1         /Users/mabez/Development/rust/embedded/experiments/esp32c3-experiments/target/riscv32imac-unknown-none-elf/debug/deps/libriscv_atomic_emulation_trap-36c6147cf3a7da2f.rlib(riscv-atomic-emulation-trap.o):(.trap)
42000100      100        0     1                 .L0 
42000100      100        0     1                 .L0 
42000100      100        0     1                 _start_trap
42000102      102        0     1                 .L0 
42000104      104        0     1                 .L0 
42000106      106        0     1                 .L0 
42000108      108        0     1                 .L0 
4200010a      10a        0     1                 .L0 
4200010c      10c        0     1                 .L0 
4200010e      10e        0     1                 .L0 
42000110      110        0     1                 .L0 
42000112      112        0     1                 .L0 
42000114      114        0     1                 .L0 
42000116      116        0     1                 .L0 
42000118      118        0     1                 .L0 
4200011a      11a        0     1                 .L0 
4200011c      11c        0     1                 .L0 
4200011e      11e        0     1                 .L0 
42000120      120        0     1                 .L0 
42000122      122        0     1                 .L0 
42000124      124        0     1                 .L0 
42000126      126        0     1                 .L0 
42000128      128        0     1                 .L0 
4200012a      12a        0     1                 .L0 
4200012c      12c        0     1                 .L0 
4200012e      12e        0     1                 .L0 
42000130      130        0     1                 .L0 
42000132      132        0     1                 .L0 
42000134      134        0     1                 .L0 
42000136      136        0     1                 .L0 
42000138      138        0     1                 .L0 
4200013a      13a        0     1                 .L0 
4200013c      13c        0     1                 .L0 
4200013e      13e        0     1                 .L0 
42000140      140        0     1                 .L0 
42000144      144        0     1                 .L0 
42000146      146        0     1                 .L0 
4200014a      14a        0     1                 .L0 
4200014e      14e        0     1                 .L0 
42000150      150        0     1                 .L0 
42000152      152        0     1                 .L0 
42000154      154        0     1                 .L0 
42000156      156        0     1                 .L0 
42000158      158        0     1                 .L0 
4200015a      15a        0     1                 .L0 
4200015c      15c        0     1                 .L0 
4200015e      15e        0     1                 .L0 
42000160      160        0     1                 .L0 
42000162      162        0     1                 .L0 
42000164      164        0     1                 .L0 
42000166      166        0     1                 .L0 
42000168      168        0     1                 .L0 
4200016a      16a        0     1                 .L0 
4200016c      16c        0     1                 .L0 
4200016e      16e        0     1                 .L0 
42000170      170        0     1                 .L0 
42000172      172        0     1                 .L0 
42000174      174        0     1                 .L0 
42000176      176        0     1                 .L0 
42000178      178        0     1                 .L0 
4200017a      17a        0     1                 .L0 
4200017c      17c        0     1                 .L0 
4200017e      17e        0     1                 .L0 
42000180      180        0     1                 .L0 
42000182      182        0     1                 .L0 
42000184      184        0     1                 .L0 
42000186      186        0     1                 .L0 
42000188      188        0     1                 .L0 
4200018a      18a        0     1                 .L0 
4200018c      18c        0     1                 .L0 
4200018e      18e        0     1                 .L0 
42000192      192        0     1                 .L0 
42000194      194        0     1                 .L0 
42000198      198        0     1                 .L0 
42000198      198        0     1                 .L0 
42000198      198      14a     2         /Users/mabez/Development/rust/embedded/experiments/esp32c3-experiments/target/riscv32imac-unknown-none-elf/debug/deps/libriscv_atomic_emulation_trap-36c6147cf3a7da2f.rlib(riscv_atomic_emulation_trap-36c6147cf3a7da2f.192heijy3m9d29qe.rcgu.o):(.trap.rust)
42000198      198        0     1                 
42000198      198        0     1                 
42000198      198        0     1                 
42000198      198      14a     1                 _start_trap_atomic_rust
4200019a      19a        0     1                 
4200019c      19c        0     1                 
420001a0      1a0        0     1                 
420001ac      1ac        0     1                 
420001ac      1ac        0     1                 
420001b2      1b2        0     1                 
420001b2      1b2        0     1                 
420001cc      1cc        0     1                 
420001d4      1d4        0     1                 
420001d6      1d6        0     1                 
420001d8      1d8        0     1                 
420001e8      1e8        0     1                 
420001f2      1f2        0     1                 
420001f2      1f2        0     1                 
420001f8      1f8        0     1                 
42000206      206        0     1                 
42000214      214        0     1                 
42000216      216        0     1                 
42000220      220        0     1                 
42000220      220        0     1                 
42000226      226        0     1                 
4200022a      22a        0     1                 
4200022a      22a        0     1                 
42000230      230        0     1                 
4200023e      23e        0     1                 
42000240      240        0     1                 
42000256      256        0     1                 
42000258      258        0     1                 
42000274      274        0     1                 
42000276      276        0     1                 
42000280      280        0     1                 
42000280      280        0     1                 
42000284      284        0     1                 
42000284      284        0     1                 
4200028a      28a        0     1                 
42000294      294        0     1                 
42000298      298        0     1                 
4200029e      29e        0     1                 
420002b0      2b0        0     1                 
420002b0      2b0        0     1                 
420002ba      2ba        0     1                 
420002ba      2ba        0     1                 
420002d0      2d0        0     1                 
420002d0      2d0        0     1                 
420002da      2da        0     1                 
420002e2      2e2        0     1                 
420002e2      2e2        0     1                 
420002e2      2e2        0     1                 
420002e2      2e2        0     1                 
420002e2      2e2       3a     2         /Users/mabez/Development/rust/embedded/experiments/esp32c3-experiments/target/riscv32imac-unknown-none-elf/debug/deps/esp32c3-0792fe58911f872d.1e78zwiugb76rjx.rcgu.o:(.text._ZN4core6result19Result$LT$T$C$E$GT$6unwrap17h7942e8911baf2cd6E)
420002e2      2e2        0     1                 
420002e2      2e2        0     1                 
420002e2      2e2        0     1                 
420002e2      2e2       3a     1                 core::result::Result$LT$T$C$E$GT$::unwrap::h7942e8911baf2cd6
420002e4      2e4        0     1                 
420002ec      2ec        0     1                 
420002f4      2f4        0     1                 
420002f6      2f6        0     1                 
420002fa      2fa        0     1                 
420002fa      2fa        0     1                 
4200031c      31c        0     1                 
4200031c      31c        0     1                 
4200031c      31c        0     1                 
4200031c      31c        0     1                 
4200031c      31c       42     2         /Users/mabez/Development/rust/embedded/experiments/esp32c3-experiments/target/riscv32imac-unknown-none-elf/debug/deps/esp32c3-0792fe58911f872d.1e78zwiugb76rjx.rcgu.o:(.text._ZN4core6result19Result$LT$T$C$E$GT$6unwrap17h7bf9df7136b95f38E)
4200031c      31c        0     1                 
4200031c      31c        0     1                 
4200031c      31c        0     1                 
4200031c      31c       42     1                 core::result::Result$LT$T$C$E$GT$::unwrap::h7bf9df7136b95f38
4200031e      31e        0     1                 
42000326      326        0     1                 
4200032e      32e        0     1                 
42000330      330        0     1                 
42000334      334        0     1                 
42000338      338        0     1                 
4200033e      33e        0     1                 
4200033e      33e        0     1                 
4200035e      35e        0     1                 
4200035e      35e        0     1                 
4200035e      35e        0     1                 
4200035e      35e        0     1                 
4200035e      35e       38     2         /Users/mabez/Development/rust/embedded/experiments/esp32c3-experiments/target/riscv32imac-unknown-none-elf/debug/deps/esp32c3-0792fe58911f872d.1e78zwiugb76rjx.rcgu.o:(.text._ZN4core6result19Result$LT$T$C$E$GT$6unwrap17h8a70bf0de0389ed4E)
4200035e      35e        0     1                 
4200035e      35e        0     1                 
4200035e      35e        0     1                 
4200035e      35e       38     1                 core::result::Result$LT$T$C$E$GT$::unwrap::h8a70bf0de0389ed4
42000360      360        0     1                 
42000366      366        0     1                 
4200036e      36e        0     1                 
42000370      370        0     1                 
42000374      374        0     1                 
42000374      374        0     1                 
42000396      396        0     1                 
42000396      396        0     1                 
42000396      396        0     1                 
42000396      396        0     1                 
42000396      396       3a     2         /Users/mabez/Development/rust/embedded/experiments/esp32c3-experiments/target/riscv32imac-unknown-none-elf/debug/deps/esp32c3-0792fe58911f872d.1e78zwiugb76rjx.rcgu.o:(.text._ZN4core6result19Result$LT$T$C$E$GT$6unwrap17hf05282f66b06cdc8E)
42000396      396        0     1                 
42000396      396        0     1                 
42000396      396        0     1                 
42000396      396       3a     1                 core::result::Result$LT$T$C$E$GT$::unwrap::hf05282f66b06cdc8
42000398      398        0     1                 
420003a0      3a0        0     1                 
420003a8      3a8        0     1                 
420003aa      3aa        0     1                 
420003ae      3ae        0     1                 
420003ae      3ae        0     1                 
420003d0      3d0        0     1                 
420003d0      3d0        0     1                 
420003d0      3d0        0     1                 
420003d0      3d0        0     1                 
420003d0      3d0       18     2         /Users/mabez/Development/rust/embedded/experiments/esp32c3-experiments/target/riscv32imac-unknown-none-elf/debug/deps/esp32c3-0792fe58911f872d.1gcjs714mi186sn9.rcgu.o:(.text._ZN5riscv8register4mepc4read17ha63467ed3824251cE)
420003d0      3d0        0     1                 
420003d0      3d0        0     1                 
420003d0      3d0        0     1                 
420003d0      3d0       18     1                 riscv::register::mepc::read::ha63467ed3824251c
420003d2      3d2        0     1                 
420003d2      3d2        0     1                 
420003d4      3d4        0     1                 
420003e0      3e0        0     1                 
420003e8      3e8        0     1                 
420003e8      3e8        0     1                 
420003e8      3e8        0     1                 
420003e8      3e8       18     2         /Users/mabez/Development/rust/embedded/experiments/esp32c3-experiments/target/riscv32imac-unknown-none-elf/debug/deps/esp32c3-0792fe58911f872d.1gcjs714mi186sn9.rcgu.o:(.text._ZN5riscv8register4mepc5_read17h21bb73e145b6653cE)
420003e8      3e8       18     1                 riscv::register::mepc::_read::h21bb73e145b6653c
420003e8      3e8        0     1                 
420003e8      3e8        0     1                 
420003e8      3e8        0     1                 
420003ea      3ea        0     1                 
420003ea      3ea        0     1                 
420003ec      3ec        0     1                 
420003f8      3f8        0     1                 
42000400      400        0     1                 
42000400      400        0     1                 
42000400      400        0     1                 
42000400      400       74     2         /Users/mabez/Development/rust/embedded/experiments/esp32c3-experiments/target/riscv32imac-unknown-none-elf/debug/deps/esp32c3-0792fe58911f872d.1nerp55l46tnskb3.rcgu.o:(.text._ZN4core4sync6atomic10atomic_add17h4cf74e1f4500bec4E)
42000400      400        0     1                 
42000400      400        0     1                 
42000400      400        0     1                 
42000400      400       74     1                 core::sync::atomic::atomic_add::h4cf74e1f4500bec4
42000402      402        0     1                 
4200040e      40e        0     1                 
42000414      414        0     1                 
42000426      426        0     1                 
42000428      428        0     1                 .LBB0_3
42000428      428        0     1                 
42000434      434        0     1                 .LBB0_4
42000434      434        0     1                 
42000440      440        0     1                 .LBB0_5
42000440      440        0     1                 
4200044c      44c        0     1                 .LBB0_6
4200044c      44c        0     1                 
42000458      458        0     1                 .LBB0_7
42000458      458        0     1                 
42000464      464        0     1                 
42000466      466        0     1                 
4200046c      46c        0     1                 
4200046e      46e        0     1                 
42000470      470        0     1                 
42000472      472        0     1                 
42000474      474        0     1                 
42000474      474        0     1                 
42000474      474        0     1                 
42000474      474      292     2         /Users/mabez/Development/rust/embedded/experiments/esp32c3-experiments/target/riscv32imac-unknown-none-elf/debug/deps/esp32c3-0792fe58911f872d.1nerp55l46tnskb3.rcgu.o:(.text._ZN4core4sync6atomic23atomic_compare_exchange17h1bbe87a9f68e5ef8E)
42000474      474        0     1                 
42000474      474        0     1                 
42000474      474        0     1                 
42000474      474      292     1                 core::sync::atomic::atomic_compare_exchange::h1bbe87a9f68e5ef8
42000476      476        0     1                 
4200048a      48a        0     1                 
4200049a      49a        0     1                 
4200049e      49e        0     1                 
420004b0      4b0        0     1                 
420004b8      4b8        0     1                 
420004be      4be        0     1                 
420004c2      4c2        0     1                 
420004c8      4c8        0     1                 .LBB1_4
420004c8      4c8        0     1                 
420004ce      4ce        0     1                 
420004d4      4d4        0     1                 .LBB1_5
420004d4      4d4        0     1                 
420004da      4da        0     1                 
420004e0      4e0        0     1                 .LBB1_6
420004e0      4e0        0     1                 
420004e8      4e8        0     1                 
420004ee      4ee        0     1                 
420004f2      4f2        0     1                 
420004f8      4f8        0     1                 .LBB1_8
420004f8      4f8        0     1                 
42000500      500        0     1                 
42000506      506        0     1                 
4200050a      50a        0     1                 
42000510      510        0     1                 .LBB1_10
42000510      510        0     1                 
42000518      518        0     1                 
4200051e      51e        0     1                 
42000522      522        0     1                 
42000528      528        0     1                 
4200052c      52c        0     1                 
42000532      532        0     1                 
42000554      554        0     1                 
42000576      576        0     1                 
42000598      598        0     1                 
4200059a      59a        0     1                 
420005a0      5a0        0     1                 
420005ae      5ae        0     1                 
420005ae      5ae        0     1                 
420005b4      5b4        0     1                 
420005b4      5b4        0     1                 
420005b6      5b6        0     1                 
420005b8      5b8        0     1                 
420005da      5da        0     1                 
420005fc      5fc        0     1                 
420005fe      5fe        0     1                 
42000600      600        0     1                 
42000622      622        0     1                 
42000644      644        0     1                 
42000646      646        0     1                 
42000648      648        0     1                 
4200066a      66a        0     1                 
4200066c      66c        0     1                 
4200068e      68e        0     1                 
420006ac      6ac        0     1                 
420006ca      6ca        0     1                 
420006e8      6e8        0     1                 
420006ea      6ea        0     1                 
420006ea      6ea        0     1                 
420006f2      6f2        0     1                 
420006f4      6f4        0     1                 
420006fc      6fc        0     1                 
420006fe      6fe        0     1                 
420006fe      6fe        0     1                 
42000706      706        0     1                 
42000706      706        0     1                 
42000706      706        0     1                 
42000706      706       2c     2         /Users/mabez/Development/rust/embedded/experiments/esp32c3-experiments/target/riscv32imac-unknown-none-elf/debug/deps/esp32c3-0792fe58911f872d.297xt9owoyeiose3.rcgu.o:(.text._ZN45_$LT$$LP$$RP$$u20$as$u20$core..fmt..Debug$GT$3fmt17hf2b57382918a5624E)
42000706      706        0     1                 
42000706      706        0     1                 
42000706      706        0     1                 
42000706      706       2c     1                 _$LT$$LP$$RP$$u20$as$u20$core..fmt..Debug$GT$::fmt::hf2b57382918a5624
42000708      708        0     1                 
4200070a      70a        0     1                 
42000714      714        0     1                 
4200072a      72a        0     1                 
42000732      732        0     1                 
42000732      732        0     1                 
42000732      732        0     1                 
42000732      732       26     2         /Users/mabez/Development/rust/embedded/experiments/esp32c3-experiments/target/riscv32imac-unknown-none-elf/debug/deps/esp32c3-0792fe58911f872d.297xt9owoyeiose3.rcgu.o:(.text._ZN4core3fmt9Arguments16new_v1_formatted17hee85ac4cfdf23beaE)
42000732      732        0     1                 
42000732      732        0     1                 
42000732      732        0     1                 
42000732      732       26     1                 core::fmt::Arguments::new_v1_formatted::hee85ac4cfdf23bea
42000734      734        0     1                 
42000740      740        0     1                 
42000744      744        0     1                 
42000754      754        0     1                 
42000758      758        0     1                 
42000758      758        0     1                 
42000758      758        0     1                 
42000758      758       7e     2         /Users/mabez/Development/rust/embedded/experiments/esp32c3-experiments/target/riscv32imac-unknown-none-elf/debug/deps/esp32c3-0792fe58911f872d.297xt9owoyeiose3.rcgu.o:(.text._ZN4core3fmt9Arguments6new_v117h48759c6692677d2dE)
42000758      758        0     1                 
42000758      758        0     1                 
42000758      758        0     1                 
42000758      758       7e     1                 core::fmt::Arguments::new_v1::h48759c6692677d2d
4200075a      75a        0     1                 
4200076c      76c        0     1                 
42000772      772        0     1                 
42000778      778        0     1                 
4200077c      77c        0     1                 
42000782      782        0     1                 
42000784      784        0     1                 
42000798      798        0     1                 
420007a4      7a4        0     1                 
420007a6      7a6        0     1                 
420007b6      7b6        0     1                 
420007ba      7ba        0     1                 
420007d6      7d6        0     1                 
420007d6      7d6        0     1                 
420007d6      7d6        0     1                 
420007d6      7d6       40     2         /Users/mabez/Development/rust/embedded/experiments/esp32c3-experiments/target/riscv32imac-unknown-none-elf/debug/deps/esp32c3-0792fe58911f872d.31cobsrxn8v7n7js.rcgu.o:(.text._ZN4core3fmt5Write10write_char17h44255d0f07e2248eE)
420007d6      7d6       40     1                 core::fmt::Write::write_char::h44255d0f07e2248e
420007d6      7d6        0     1                 
420007d6      7d6        0     1                 
420007d6      7d6        0     1                 
420007d8      7d8        0     1                 
420007da      7da        0     1                 
420007e8      7e8        0     1                 
420007ee      7ee        0     1                 
420007fc      7fc        0     1                 
4200080e      80e        0     1                 
42000816      816        0     1                 
42000816      816        0     1                 
42000816      816        0     1                 
42000816      816       3e     2         /Users/mabez/Development/rust/embedded/experiments/esp32c3-experiments/target/riscv32imac-unknown-none-elf/debug/deps/esp32c3-0792fe58911f872d.31cobsrxn8v7n7js.rcgu.o:(.text._ZN4core3fmt5Write9write_fmt17hb39829715f9bf17dE)
42000816      816        0     1                 
42000816      816        0     1                 
42000816      816        0     1                 
42000816      816       3e     1                 core::fmt::Write::write_fmt::hb39829715f9bf17d
42000818      818        0     1                 
4200081a      81a        0     1                 
4200081c      81c        0     1                 
42000834      834        0     1                 
4200083c      83c        0     1                 
4200083c      83c        0     1                 
42000840      840        0     1                 
4200084c      84c        0     1                 
42000854      854        0     1                 
42000854      854        0     1                 
42000854      854        0     1                 
42000854      854       1e     2         /Users/mabez/Development/rust/embedded/experiments/esp32c3-experiments/target/riscv32imac-unknown-none-elf/debug/deps/esp32c3-0792fe58911f872d.31cobsrxn8v7n7js.rcgu.o:(.text._ZN50_$LT$$RF$mut$u20$W$u20$as$u20$core..fmt..Write$GT$10write_char17hbb3d0f4c7502fffaE)
42000854      854       1e     1                 _$LT$$RF$mut$u20$W$u20$as$u20$core..fmt..Write$GT$::write_char::hbb3d0f4c7502fffa
42000854      854        0     1                 
42000854      854        0     1                 
42000854      854        0     1                 
42000856      856        0     1                 
42000858      858        0     1                 
4200085c      85c        0     1                 
4200086a      86a        0     1                 
42000872      872        0     1                 
42000872      872        0     1                 
42000872      872        0     1                 
42000872      872       36     2         /Users/mabez/Development/rust/embedded/experiments/esp32c3-experiments/target/riscv32imac-unknown-none-elf/debug/deps/esp32c3-0792fe58911f872d.31cobsrxn8v7n7js.rcgu.o:(.text._ZN50_$LT$$RF$mut$u20$W$u20$as$u20$core..fmt..Write$GT$9write_fmt17h7e973b7aca049931E)
42000872      872       36     1                 _$LT$$RF$mut$u20$W$u20$as$u20$core..fmt..Write$GT$::write_fmt::h7e973b7aca049931
42000872      872        0     1                 
42000872      872        0     1                 
42000872      872        0     1                 
42000874      874        0     1                 
42000876      876        0     1                 
42000878      878        0     1                 
4200087a      87a        0     1                 
42000890      890        0     1                 
42000894      894        0     1                 
420008a0      8a0        0     1                 
420008a8      8a8        0     1                 
420008a8      8a8        0     1                 
420008a8      8a8        0     1                 
420008a8      8a8       20     2         /Users/mabez/Development/rust/embedded/experiments/esp32c3-experiments/target/riscv32imac-unknown-none-elf/debug/deps/esp32c3-0792fe58911f872d.31cobsrxn8v7n7js.rcgu.o:(.text._ZN50_$LT$$RF$mut$u20$W$u20$as$u20$core..fmt..Write$GT$9write_str17h007b0618d99ee4abE)
420008a8      8a8       20     1                 _$LT$$RF$mut$u20$W$u20$as$u20$core..fmt..Write$GT$::write_str::h007b0618d99ee4ab
420008a8      8a8        0     1                 
420008a8      8a8        0     1                 
420008a8      8a8        0     1                 
420008aa      8aa        0     1                 
420008ac      8ac        0     1                 
420008b2      8b2        0     1                 
420008c0      8c0        0     1                 
420008c8      8c8        0     1                 
420008c8      8c8        0     1                 
420008c8      8c8        0     1                 
420008c8      8c8       72     2         /Users/mabez/Development/rust/embedded/experiments/esp32c3-experiments/target/riscv32imac-unknown-none-elf/debug/deps/esp32c3-0792fe58911f872d.346chqw3v9dutnx9.rcgu.o:(.text.rust_begin_unwind)
420008c8      8c8        0     1                 
420008c8      8c8        0     1                 
420008c8      8c8        0     1                 
420008c8      8c8       72     1                 rust_begin_unwind
420008ca      8ca        0     1                 
420008cc      8cc        0     1                 
420008d0      8d0        0     1                 
420008d4      8d4        0     1                 
420008d4      8d4        0     1                 
420008f4      8f4        0     1                 
420008f4      8f4        0     1                 
4200091c      91c        0     1                 
42000920      920        0     1                 
42000938      938        0     1                 
4200093a      93a        0     1                 
4200093a      93a        0     1                 
4200093a      93a        0     1                 
4200093a      93a       74     2         /Users/mabez/Development/rust/embedded/experiments/esp32c3-experiments/target/riscv32imac-unknown-none-elf/debug/deps/esp32c3-0792fe58911f872d.346chqw3v9dutnx9.rcgu.o:(.text.ExceptionHandler)
4200093a      93a        0     1                 
4200093a      93a        0     1                 
4200093a      93a        0     1                 
4200093a      93a       74     1                 ExceptionHandler
4200093c      93c        0     1                 
4200093e      93e        0     1                 
42000940      940        0     1                 
4200094c      94c        0     1                 
4200094e      94e        0     1                 
42000952      952        0     1                 
42000952      952        0     1                 
42000972      972        0     1                 
42000972      972        0     1                 
420009ae      9ae        0     1                 
420009ae      9ae        0     1                 
420009ae      9ae        0     1                 
420009ae      9ae      62c     2         /Users/mabez/Development/rust/embedded/experiments/esp32c3-experiments/target/riscv32imac-unknown-none-elf/debug/deps/esp32c3-0792fe58911f872d.346chqw3v9dutnx9.rcgu.o:(.text.main)
420009ae      9ae        0     1                 
420009ae      9ae        0     1                 
420009ae      9ae        0     1                 
420009ae      9ae      62c     1                 main
420009b2      9b2        0     1                 
420009b2      9b2        0     1                 
420009b2      9b2        0     1                 
420009b6      9b6        0     1                 
420009be      9be        0     1                 
420009be      9be        0     1                 
420009c8      9c8        0     1                 
420009d4      9d4        0     1                 
420009ec      9ec        0     1                 
420009f8      9f8        0     1                 
42000a08      a08        0     1                 
42000a08      a08        0     1                 
42000a0c      a0c        0     1                 
42000a22      a22        0     1                 
42000a22      a22        0     1                 
42000a2a      a2a        0     1                 
42000a2a      a2a        0     1                 
42000a4e      a4e        0     1                 
42000a4e      a4e        0     1                 
42000a92      a92        0     1                 
42000a9c      a9c        0     1                 
42000aae      aae        0     1                 
42000aae      aae        0     1                 
42000ab8      ab8        0     1                 
42000aba      aba        0     1                 
42000ac6      ac6        0     1                 
42000ac6      ac6        0     1                 
42000ae6      ae6        0     1                 
42000aea      aea        0     1                 
42000b0a      b0a        0     1                 
42000b18      b18        0     1                 
42000b18      b18        0     1                 
42000b36      b36        0     1                 
42000b36      b36        0     1                 
42000b50      b50        0     1                 
42000b54      b54        0     1                 
42000b74      b74        0     1                 
42000b7c      b7c        0     1                 
42000b88      b88        0     1                 
42000b8a      b8a        0     1                 
42000b8a      b8a        0     1                 
42000b9a      b9a        0     1                 
42000b9c      b9c        0     1                 
42000b9c      b9c        0     1                 
42000ba2      ba2        0     1                 
42000baa      baa        0     1                 
42000bd2      bd2        0     1                 
42000bd4      bd4        0     1                 
42000bd4      bd4        0     1                 
42000bdc      bdc        0     1                 
42000bdc      bdc        0     1                 
42000bfe      bfe        0     1                 
42000bfe      bfe        0     1                 
42000c18      c18        0     1                 
42000c1c      c1c        0     1                 
42000c3c      c3c        0     1                 
42000c3e      c3e        0     1                 
42000c46      c46        0     1                 
42000c54      c54        0     1                 
42000c56      c56        0     1                 
42000c56      c56        0     1                 
42000c5e      c5e        0     1                 
42000c5e      c5e        0     1                 
42000c80      c80        0     1                 
42000c80      c80        0     1                 
42000c9a      c9a        0     1                 
42000c9e      c9e        0     1                 
42000cbe      cbe        0     1                 
42000cc0      cc0        0     1                 
42000cc8      cc8        0     1                 
42000cd6      cd6        0     1                 
42000cd8      cd8        0     1                 
42000cd8      cd8        0     1                 
42000ce0      ce0        0     1                 
42000ce0      ce0        0     1                 
42000d02      d02        0     1                 
42000d02      d02        0     1                 
42000d1c      d1c        0     1                 
42000d20      d20        0     1                 
42000d40      d40        0     1                 
42000d42      d42        0     1                 
42000d48      d48        0     1                 
42000d56      d56        0     1                 
42000d58      d58        0     1                 
42000d58      d58        0     1                 
42000d60      d60        0     1                 
42000d60      d60        0     1                 
42000d82      d82        0     1                 
42000d82      d82        0     1                 
42000d9c      d9c        0     1                 
42000da0      da0        0     1                 
42000dc0      dc0        0     1                 
42000dd6      dd6        0     1                 
42000dd8      dd8        0     1                 
42000ddc      ddc        0     1                 
42000ddc      ddc        0     1                 
42000dde      dde        0     1                 
42000dfe      dfe        0     1                 
42000e02      e02        0     1                 
42000e22      e22        0     1                 
42000e38      e38        0     1                 
42000e3a      e3a        0     1                 
42000e5a      e5a        0     1                 
42000e5c      e5c        0     1                 
42000e72      e72        0     1                 
42000e7a      e7a        0     1                 
42000e7c      e7c        0     1                 
42000e8e      e8e        0     1                 
42000e92      e92        0     1                 
42000e98      e98        0     1                 
42000eb8      eb8        0     1                 
42000ebc      ebc        0     1                 
42000edc      edc        0     1                 
42000ef2      ef2        0     1                 
42000ef4      ef4        0     1                 
42000f14      f14        0     1                 
42000f16      f16        0     1                 
42000f2c      f2c        0     1                 
42000f34      f34        0     1                 
42000f36      f36        0     1                 
42000f48      f48        0     1                 
42000f4c      f4c        0     1                 
42000f52      f52        0     1                 
42000f54      f54        0     1                 
42000f5c      f5c        0     1                 
42000f5c      f5c        0     1                 
42000f7e      f7e        0     1                 
42000f7e      f7e        0     1                 
42000f98      f98        0     1                 
42000f9c      f9c        0     1                 
42000fa6      fa6        0     1                 
42000fbc      fbc        0     1                 
42000fbe      fbe        0     1                 
42000fda      fda        0     1                 
42000fda      fda        0     1                 
42000fda      fda        0     1                 
42000fda      fda        0     1                 
42000fda      fda      232     2         /Users/mabez/Development/rust/embedded/experiments/esp32c3-experiments/target/riscv32imac-unknown-none-elf/debug/deps/esp32c3-0792fe58911f872d.3xtnx60qzz8qc3n4.rcgu.o:(.text._ZN4core4char7methods15encode_utf8_raw17h5da80e2f26e23142E)
42000fda      fda      232     1                 core::char::methods::encode_utf8_raw::h5da80e2f26e23142
42000fda      fda        0     1                 
42000fda      fda        0     1                 
42000fda      fda        0     1                 
42000fdc      fdc        0     1                 
42000fde      fde        0     1                 
42000fe8      fe8        0     1                 
42000ff4      ff4        0     1                 
42000ff4      ff4        0     1                 
42000ffa      ffa        0     1                 
42001012     1012        0     1                 
4200101e     101e        0     1                 
4200102a     102a        0     1                 
4200102e     102e        0     1                 
42001034     1034        0     1                 
42001038     1038        0     1                 
4200103e     103e        0     1                 
42001042     1042        0     1                 
42001048     1048        0     1                 
4200104e     104e        0     1                 
42001062     1062        0     1                 
42001062     1062        0     1                 
42001078     1078        0     1                 
42001078     1078        0     1                 
42001082     1082        0     1                 
4200108c     108c        0     1                 
42001096     1096        0     1                 
420010a0     10a0        0     1                 
420010a6     10a6        0     1                 
420010ac     10ac        0     1                 
420010b2     10b2        0     1                 
420010b8     10b8        0     1                 
420010b8     10b8        0     1                 
420010bc     10bc        0     1                 
420010be     10be        0     1                 
420010c6     10c6        0     1                 
420010ca     10ca        0     1                 
420010ce     10ce        0     1                 
420010d6     10d6        0     1                 
420010da     10da        0     1                 
420010de     10de        0     1                 
420010e6     10e6        0     1                 
420010ea     10ea        0     1                 
420010ee     10ee        0     1                 
420010f6     10f6        0     1                 
420010f6     10f6        0     1                 
420010f8     10f8        0     1                 
420010fe     10fe        0     1                 
42001100     1100        0     1                 
42001116     1116        0     1                 
4200111a     111a        0     1                 
42001120     1120        0     1                 
42001126     1126        0     1                 
42001126     1126        0     1                 
4200112a     112a        0     1                 
4200112c     112c        0     1                 
42001134     1134        0     1                 
42001138     1138        0     1                 
4200113c     113c        0     1                 
42001144     1144        0     1                 
42001148     1148        0     1                 
4200114c     114c        0     1                 
42001154     1154        0     1                 
42001154     1154        0     1                 
42001156     1156        0     1                 
4200115a     115a        0     1                 
42001160     1160        0     1                 
42001160     1160        0     1                 
42001164     1164        0     1                 
42001166     1166        0     1                 
4200116e     116e        0     1                 
42001172     1172        0     1                 
42001176     1176        0     1                 
4200117e     117e        0     1                 
4200117e     117e        0     1                 
42001180     1180        0     1                 
42001184     1184        0     1                 
42001184     1184        0     1                 
42001186     1186        0     1                 
4200118a     118a        0     1                 
4200118a     118a        0     1                 
4200118c     118c        0     1                 
4200118c     118c        0     1                 
42001196     1196        0     1                 
42001196     1196        0     1                 
420011de     11de        0     1                 
420011de     11de        0     1                 
4200120c     120c        0     1                 
4200120c     120c        0     1                 
4200120c     120c        0     1                 
4200120c     120c        0     1                 
4200120c     120c       34     2         /Users/mabez/Development/rust/embedded/experiments/esp32c3-experiments/target/riscv32imac-unknown-none-elf/debug/deps/esp32c3-0792fe58911f872d.3xtnx60qzz8qc3n4.rcgu.o:(.text._ZN4core4char7methods22_$LT$impl$u20$char$GT$11encode_utf817he0edade1bb21bdccE)
4200120c     120c        0     1                 
4200120c     120c        0     1                 
4200120c     120c        0     1                 
4200120c     120c       34     1                 core::char::methods::_$LT$impl$u20$char$GT$::encode_utf8::he0edade1bb21bdcc
4200120e     120e        0     1                 
42001210     1210        0     1                 
42001216     1216        0     1                 
42001224     1224        0     1                 
42001236     1236        0     1                 
42001240     1240        0     1                 
42001240     1240        0     1                 
42001240     1240        0     1                 
42001240     1240       4a     2         /Users/mabez/Development/rust/embedded/experiments/esp32c3-experiments/target/riscv32imac-unknown-none-elf/debug/deps/esp32c3-0792fe58911f872d.3xtnx60qzz8qc3n4.rcgu.o:(.text._ZN4core4char7methods8len_utf817h3f0b6692b9a9092aE)
42001240     1240       4a     1                 core::char::methods::len_utf8::h3f0b6692b9a9092a
42001240     1240        0     1                 
42001240     1240        0     1                 
42001240     1240        0     1                 
42001242     1242        0     1                 
4200124a     124a        0     1                 
42001250     1250        0     1                 
4200125c     125c        0     1                 
4200125e     125e        0     1                 
42001260     1260        0     1                 
42001262     1262        0     1                 
42001268     1268        0     1                 
42001274     1274        0     1                 
42001276     1276        0     1                 
42001278     1278        0     1                 
4200127a     127a        0     1                 
4200127c     127c        0     1                 
4200127e     127e        0     1                 
42001280     1280        0     1                 
42001282     1282        0     1                 
42001284     1284        0     1                 
42001286     1286        0     1                 
42001288     1288        0     1                 
4200128a     128a        0     1                 
4200128a     128a        0     1                 
4200128a     128a        0     1                 
4200128a     128a       24     2         /Users/mabez/Development/rust/embedded/experiments/esp32c3-experiments/target/riscv32imac-unknown-none-elf/debug/deps/esp32c3-0792fe58911f872d.4iv9b3d8r40y3mky.rcgu.o:(.text._ZN4core10intrinsics11write_bytes17hab28d79a49335502E)
4200128a     128a        0     1                 
4200128a     128a        0     1                 
4200128a     128a        0     1                 
4200128a     128a       24     1                 core::intrinsics::write_bytes::hab28d79a49335502
4200128c     128c        0     1                 
4200128e     128e        0     1                 
4200129a     129a        0     1                 
420012a8     12a8        0     1                 
420012ae     12ae        0     1                 
420012ae     12ae        0     1                 
420012ae     12ae        0     1                 
420012ae     12ae        8     2         /Users/mabez/Development/rust/embedded/experiments/esp32c3-experiments/target/riscv32imac-unknown-none-elf/debug/deps/esp32c3-0792fe58911f872d.4kaxk1bfd3ykn70p.rcgu.o:(.text._ZN4core3ptr26drop_in_place$LT$usize$GT$17h3e0dd6d9289a94c3E)
420012ae     12ae        0     1                 
420012ae     12ae        0     1                 
420012ae     12ae        0     1                 
420012ae     12ae        8     1                 core::ptr::drop_in_place$LT$usize$GT$::h3e0dd6d9289a94c3
420012b0     12b0        0     1                 
420012b2     12b2        0     1                 
420012b6     12b6        0     1                 
420012b6     12b6        0     1                 
420012b6     12b6        0     1                 
420012b6     12b6        8     2         /Users/mabez/Development/rust/embedded/experiments/esp32c3-experiments/target/riscv32imac-unknown-none-elf/debug/deps/esp32c3-0792fe58911f872d.4kaxk1bfd3ykn70p.rcgu.o:(.text._ZN4core3ptr29drop_in_place$LT$$LP$$RP$$GT$17h53906e8e81b3a26fE)
420012b6     12b6        0     1                 
420012b6     12b6        0     1                 
420012b6     12b6        0     1                 
420012b6     12b6        8     1                 core::ptr::drop_in_place$LT$$LP$$RP$$GT$::h53906e8e81b3a26f
420012b8     12b8        0     1                 
420012ba     12ba        0     1                 
420012be     12be        0     1                 
420012be     12be        0     1                 
420012be     12be        0     1                 
420012be     12be        8     2         /Users/mabez/Development/rust/embedded/experiments/esp32c3-experiments/target/riscv32imac-unknown-none-elf/debug/deps/esp32c3-0792fe58911f872d.4kaxk1bfd3ykn70p.rcgu.o:(.text._ZN4core3ptr31drop_in_place$LT$void..Void$GT$17h1148a90824e1be90E)
420012be     12be        0     1                 
420012be     12be        0     1                 
420012be     12be        0     1                 
420012be     12be        8     1                 core::ptr::drop_in_place$LT$void..Void$GT$::h1148a90824e1be90
420012c0     12c0        0     1                 
420012c2     12c2        0     1                 
420012c6     12c6        0     1                 
420012c6     12c6        0     1                 
420012c6     12c6        0     1                 
420012c6     12c6        8     2         /Users/mabez/Development/rust/embedded/experiments/esp32c3-experiments/target/riscv32imac-unknown-none-elf/debug/deps/esp32c3-0792fe58911f872d.4kaxk1bfd3ykn70p.rcgu.o:(.text._ZN4core3ptr37drop_in_place$LT$core..fmt..Error$GT$17h6babaf0163f06a86E)
420012c6     12c6        0     1                 
420012c6     12c6        0     1                 
420012c6     12c6        0     1                 
420012c6     12c6        8     1                 core::ptr::drop_in_place$LT$core..fmt..Error$GT$::h6babaf0163f06a86
420012c8     12c8        0     1                 
420012ca     12ca        0     1                 
420012ce     12ce        0     1                 
420012ce     12ce        0     1                 
420012ce     12ce        0     1                 
420012ce     12ce        8     2         /Users/mabez/Development/rust/embedded/experiments/esp32c3-experiments/target/riscv32imac-unknown-none-elf/debug/deps/esp32c3-0792fe58911f872d.4kaxk1bfd3ykn70p.rcgu.o:(.text._ZN4core3ptr50drop_in_place$LT$$RF$mut$u20$esp32c3_lib..Uart$GT$17h40093b4ce0dedbacE)
420012ce     12ce        0     1                 
420012ce     12ce        0     1                 
420012ce     12ce        0     1                 
420012ce     12ce        8     1                 core::ptr::drop_in_place$LT$$RF$mut$u20$esp32c3_lib..Uart$GT$::h40093b4ce0dedbac
420012d0     12d0        0     1                 
420012d2     12d2        0     1                 
420012d6     12d6        0     1                 
420012d6     12d6        0     1                 
420012d6     12d6        0     1                 
420012d6     12d6       48     2         /Users/mabez/Development/rust/embedded/experiments/esp32c3-experiments/target/riscv32imac-unknown-none-elf/debug/deps/esp32c3-0792fe58911f872d.4mcsimr84tlfxm5.rcgu.o:(.text._ZN4core4sync6atomic11AtomicUsize16compare_exchange17h9786935b160ba941E)
420012d6     12d6        0     1                 
420012d6     12d6        0     1                 
420012d6     12d6        0     1                 
420012d6     12d6       48     1                 core::sync::atomic::AtomicUsize::compare_exchange::h9786935b160ba941
420012d8     12d8        0     1                 
420012da     12da        0     1                 
420012f4     12f4        0     1                 
420012fc     12fc        0     1                 
42001314     1314        0     1                 
4200131e     131e        0     1                 
4200131e     131e        0     1                 
4200131e     131e        0     1                 
4200131e     131e       14     2         /Users/mabez/Development/rust/embedded/experiments/esp32c3-experiments/target/riscv32imac-unknown-none-elf/debug/deps/esp32c3-0792fe58911f872d.4mcsimr84tlfxm5.rcgu.o:(.text._ZN4core4sync6atomic11AtomicUsize3new17hebf1a389c8ac79f9E)
4200131e     131e        0     1                 
4200131e     131e        0     1                 
4200131e     131e        0     1                 
4200131e     131e       14     1                 core::sync::atomic::AtomicUsize::new::hebf1a389c8ac79f9
42001320     1320        0     1                 
42001324     1324        0     1                 
42001324     1324        0     1                 
42001326     1326        0     1                 
42001326     1326        0     1                 
4200132a     132a        0     1                 
4200132e     132e        0     1                 
42001332     1332        0     1                 
42001332     1332        0     1                 
42001332     1332        0     1                 
42001332     1332       2e     2         /Users/mabez/Development/rust/embedded/experiments/esp32c3-experiments/target/riscv32imac-unknown-none-elf/debug/deps/esp32c3-0792fe58911f872d.4mcsimr84tlfxm5.rcgu.o:(.text._ZN4core4sync6atomic11AtomicUsize4load17hec795f0b9f922f85E)
42001332     1332        0     1                 
42001332     1332        0     1                 
42001332     1332        0     1                 
42001332     1332       2e     1                 core::sync::atomic::AtomicUsize::load::hec795f0b9f922f85
42001334     1334        0     1                 
42001336     1336        0     1                 
42001340     1340        0     1                 
42001348     1348        0     1                 
42001358     1358        0     1                 
42001360     1360        0     1                 
42001360     1360        0     1                 
42001360     1360        0     1                 
42001360     1360       34     2         /Users/mabez/Development/rust/embedded/experiments/esp32c3-experiments/target/riscv32imac-unknown-none-elf/debug/deps/esp32c3-0792fe58911f872d.4mcsimr84tlfxm5.rcgu.o:(.text._ZN4core4sync6atomic11AtomicUsize9fetch_add17hceba989a4187c109E)
42001360     1360        0     1                 
42001360     1360        0     1                 
42001360     1360        0     1                 
42001360     1360       34     1                 core::sync::atomic::AtomicUsize::fetch_add::hceba989a4187c109
42001362     1362        0     1                 
42001364     1364        0     1                 
42001372     1372        0     1                 
4200137a     137a        0     1                 
4200138c     138c        0     1                 
42001394     1394        0     1                 
42001394     1394        0     1                 
42001394     1394        0     1                 
42001394     1394       86     2         /Users/mabez/Development/rust/embedded/experiments/esp32c3-experiments/target/riscv32imac-unknown-none-elf/debug/deps/esp32c3-0792fe58911f872d.4zdnir3iq20zjvph.rcgu.o:(.text._ZN4core3fmt3num52_$LT$impl$u20$core..fmt..Debug$u20$for$u20$usize$GT$3fmt17h5506760918695048E)
42001394     1394        0     1                 
42001394     1394        0     1                 
42001394     1394        0     1                 
42001394     1394       86     1                 core::fmt::num::_$LT$impl$u20$core..fmt..Debug$u20$for$u20$usize$GT$::fmt::h5506760918695048
42001396     1396        0     1                 
42001398     1398        0     1                 
420013a4     13a4        0     1                 
420013b0     13b0        0     1                 
420013b4     13b4        0     1                 
420013ba     13ba        0     1                 
420013c8     13c8        0     1                 
420013da     13da        0     1                 
420013dc     13dc        0     1                 
420013e6     13e6        0     1                 
420013ea     13ea        0     1                 
420013f0     13f0        0     1                 
42001402     1402        0     1                 
42001414     1414        0     1                 
42001416     1416        0     1                 
42001418     1418        0     1                 
4200141a     141a        0     1                 
4200141a     141a        0     1                 
4200141a     141a        0     1                 
4200141a     141a       24     2         /Users/mabez/Development/rust/embedded/experiments/esp32c3-experiments/target/riscv32imac-unknown-none-elf/debug/deps/esp32c3-0792fe58911f872d.52qxoexx5thxmllb.rcgu.o:(.text._ZN44_$LT$$RF$T$u20$as$u20$core..fmt..Display$GT$3fmt17hf6882428ffa82c75E)
4200141a     141a        0     1                 
4200141a     141a        0     1                 
4200141a     141a        0     1                 
4200141a     141a       24     1                 _$LT$$RF$T$u20$as$u20$core..fmt..Display$GT$::fmt::hf6882428ffa82c75
4200141c     141c        0     1                 
4200141e     141e        0     1                 
42001426     1426        0     1                 
4200142a     142a        0     1                 
42001436     1436        0     1                 
4200143e     143e        0     1                 
4200143e     143e        0     1                 
4200143e     143e        0     1                 
4200143e     143e       22     2         /Users/mabez/Development/rust/embedded/experiments/esp32c3-experiments/target/riscv32imac-unknown-none-elf/debug/deps/esp32c3-0792fe58911f872d.52qxoexx5thxmllb.rcgu.o:(.text._ZN4core3fmt10ArgumentV13new17h0852de1aefe33fc2E)
4200143e     143e        0     1                 
4200143e     143e        0     1                 
4200143e     143e        0     1                 
4200143e     143e       22     1                 core::fmt::ArgumentV1::new::h0852de1aefe33fc2
42001440     1440        0     1                 
42001446     1446        0     1                 
4200144c     144c        0     1                 
42001454     1454        0     1                 
4200145c     145c        0     1                 
42001460     1460        0     1                 
42001460     1460        0     1                 
42001460     1460        0     1                 
42001460     1460       22     2         /Users/mabez/Development/rust/embedded/experiments/esp32c3-experiments/target/riscv32imac-unknown-none-elf/debug/deps/esp32c3-0792fe58911f872d.52qxoexx5thxmllb.rcgu.o:(.text._ZN4core3fmt10ArgumentV13new17h167765044246e96fE)
42001460     1460        0     1                 
42001460     1460        0     1                 
42001460     1460        0     1                 
42001460     1460       22     1                 core::fmt::ArgumentV1::new::h167765044246e96f
42001462     1462        0     1                 
42001468     1468        0     1                 
4200146e     146e        0     1                 
42001476     1476        0     1                 
4200147e     147e        0     1                 
42001482     1482        0     1                 
42001482     1482        0     1                 
42001482     1482        0     1                 
42001482     1482       22     2         /Users/mabez/Development/rust/embedded/experiments/esp32c3-experiments/target/riscv32imac-unknown-none-elf/debug/deps/esp32c3-0792fe58911f872d.52qxoexx5thxmllb.rcgu.o:(.text._ZN4core3fmt10ArgumentV13new17hdc341d13aa674228E)
42001482     1482        0     1                 
42001482     1482        0     1                 
42001482     1482        0     1                 
42001482     1482       22     1                 core::fmt::ArgumentV1::new::hdc341d13aa674228
42001484     1484        0     1                 
4200148a     148a        0     1                 
42001490     1490        0     1                 
42001498     1498        0     1                 
420014a0     14a0        0     1                 
420014a4     14a4        0     1                 
420014a4     14a4        0     1                 
420014a4     14a4        0     1                 
420014a4     14a4       1e     2         /Users/mabez/Development/rust/embedded/experiments/esp32c3-experiments/target/riscv32imac-unknown-none-elf/debug/deps/esp32c3-0792fe58911f872d.rcp7xlzvmfzbh1y.rcgu.o:(.text._ZN42_$LT$$RF$T$u20$as$u20$core..fmt..Debug$GT$3fmt17h14acd21ec727fc9cE)
420014a4     14a4        0     1                 
420014a4     14a4        0     1                 
420014a4     14a4        0     1                 
420014a4     14a4       1e     1                 _$LT$$RF$T$u20$as$u20$core..fmt..Debug$GT$::fmt::h14acd21ec727fc9c
420014a6     14a6        0     1                 
420014a8     14a8        0     1                 
420014ac     14ac        0     1                 
420014ae     14ae        0     1                 
420014ba     14ba        0     1                 
420014c2     14c2        0     1                 
420014c2     14c2        0     1                 
420014c2     14c2        0     1                 
420014c2     14c2        a     2         /Users/mabez/Development/rust/embedded/experiments/esp32c3-experiments/target/riscv32imac-unknown-none-elf/debug/deps/esp32c3-0792fe58911f872d.zm6375jlykl6cny.rcgu.o:(.text._ZN4core3str8converts23from_utf8_unchecked_mut17habe44b782a420d20E)
420014c2     14c2        0     1                 
420014c2     14c2        0     1                 
420014c2     14c2        0     1                 
420014c2     14c2        a     1                 core::str::converts::from_utf8_unchecked_mut::habe44b782a420d20
420014c4     14c4        0     1                 
420014c8     14c8        0     1                 
420014cc     14cc        0     1                 
420014cc     14cc        0     1                 
420014cc     14cc        0     1                 
420014cc     14cc       20     2         /Users/mabez/Development/rust/embedded/experiments/esp32c3-experiments/target/riscv32imac-unknown-none-elf/debug/deps/librtt_target-c8a503ffaa8773f6.rlib(rtt_target-c8a503ffaa8773f6.rtt_target.49ad93cd-cgu.0.rcgu.o):(.text._ZN4core3cmp9PartialEq2ne17hec0e6c937277feb3E)
420014cc     14cc        0     1                 
420014cc     14cc        0     1                 
420014cc     14cc        0     1                 
420014cc     14cc       20     1                 core::cmp::PartialEq::ne::hec0e6c937277feb3
420014ce     14ce        0     1                 
420014d0     14d0        0     1                 
420014d4     14d4        0     1                 
420014e0     14e0        0     1                 
420014e6     14e6        0     1                 
420014ec     14ec        0     1                 
420014ec     14ec        0     1                 
420014ec     14ec        0     1                 
420014ec     14ec       9c     2         /Users/mabez/Development/rust/embedded/experiments/esp32c3-experiments/target/riscv32imac-unknown-none-elf/debug/deps/librtt_target-c8a503ffaa8773f6.rlib(rtt_target-c8a503ffaa8773f6.rtt_target.49ad93cd-cgu.0.rcgu.o):(.text._ZN10rtt_target3rtt9RttHeader4init17h4d693419b8658612E)
420014ec     14ec        0     1                 
420014ec     14ec        0     1                 
420014ec     14ec        0     1                 
420014ec     14ec       9c     1                 rtt_target::rtt::RttHeader::init::h4d693419b8658612
420014ee     14ee        0     1                 
420014f0     14f0        0     1                 
420014fa     14fa        0     1                 
420014fc     14fc        0     1                 
42001506     1506        0     1                 
4200150c     150c        0     1                 
42001516     1516        0     1                 
42001526     1526        0     1                 
4200153c     153c        0     1                 
4200153e     153e        0     1                 
42001542     1542        0     1                 
4200154c     154c        0     1                 
4200155c     155c        0     1                 
42001564     1564        0     1                 
42001564     1564        0     1                 
4200156a     156a        0     1                 
4200156a     156a        0     1                 
4200156c     156c        0     1                 
42001582     1582        0     1                 
42001588     1588        0     1                 
42001588     1588        0     1                 
42001588     1588        0     1                 
42001588     1588       54     2         /Users/mabez/Development/rust/embedded/experiments/esp32c3-experiments/target/riscv32imac-unknown-none-elf/debug/deps/librtt_target-c8a503ffaa8773f6.rlib(rtt_target-c8a503ffaa8773f6.rtt_target.49ad93cd-cgu.0.rcgu.o):(.text._ZN10rtt_target3rtt10RttChannel4init17hec7e9bf6b5def9baE)
42001588     1588        0     1                 
42001588     1588        0     1                 
42001588     1588        0     1                 
42001588     1588       54     1                 rtt_target::rtt::RttChannel::init::hec7e9bf6b5def9ba
4200158a     158a        0     1                 
4200158c     158c        0     1                 
4200159e     159e        0     1                 
420015a8     15a8        0     1                 
420015ae     15ae        0     1                 
420015b8     15b8        0     1                 
420015c6     15c6        0     1                 
420015cc     15cc        0     1                 
420015d6     15d6        0     1                 
420015dc     15dc        0     1                 
420015dc     15dc        0     1                 
420015dc     15dc        0     1                 
420015dc     15dc       3e     2         /Users/mabez/Development/rust/embedded/experiments/esp32c3-experiments/target/riscv32imac-unknown-none-elf/debug/deps/librtt_target-c8a503ffaa8773f6.rlib(rtt_target-c8a503ffaa8773f6.rtt_target.49ad93cd-cgu.0.rcgu.o):(.text._ZN10rtt_target3rtt10RttChannel4mode17ha83b053b6f41e2f2E)
420015dc     15dc        0     1                 
420015dc     15dc        0     1                 
420015dc     15dc        0     1                 
420015dc     15dc       3e     1                 rtt_target::rtt::RttChannel::mode::ha83b053b6f41e2f2
420015de     15de        0     1                 
420015e0     15e0        0     1                 
420015e2     15e2        0     1                 
420015e6     15e6        0     1                 
420015ea     15ea        0     1                 
42001600     1600        0     1                 
42001600     1600        0     1                 
42001606     1606        0     1                 
42001608     1608        0     1                 
4200160a     160a        0     1                 
4200160c     160c        0     1                 
42001612     1612        0     1                 
42001612     1612        0     1                 
4200161a     161a        0     1                 
4200161a     161a        0     1                 
4200161a     161a        0     1                 
4200161a     161a       40     2         /Users/mabez/Development/rust/embedded/experiments/esp32c3-experiments/target/riscv32imac-unknown-none-elf/debug/deps/librtt_target-c8a503ffaa8773f6.rlib(rtt_target-c8a503ffaa8773f6.rtt_target.49ad93cd-cgu.0.rcgu.o):(.text._ZN10rtt_target3rtt10RttChannel8set_mode17h4bac0e8984122c31E)
4200161a     161a        0     1                 
4200161a     161a        0     1                 
4200161a     161a        0     1                 
4200161a     161a       40     1                 rtt_target::rtt::RttChannel::set_mode::h4bac0e8984122c31
4200161c     161c        0     1                 
4200161e     161e        0     1                 
42001624     1624        0     1                 
4200162a     162a        0     1                 
4200162e     162e        0     1                 
4200163a     163a        0     1                 
42001646     1646        0     1                 
4200164a     164a        0     1                 
42001654     1654        0     1                 
4200165a     165a        0     1                 
4200165a     165a        0     1                 
4200165a     165a        0     1                 
4200165a     165a       32     2         /Users/mabez/Development/rust/embedded/experiments/esp32c3-experiments/target/riscv32imac-unknown-none-elf/debug/deps/librtt_target-c8a503ffaa8773f6.rlib(rtt_target-c8a503ffaa8773f6.rtt_target.49ad93cd-cgu.0.rcgu.o):(.text._ZN10rtt_target3rtt10RttChannel6writer17h2efe1aba21462929E)
4200165a     165a        0     1                 
4200165a     165a        0     1                 
4200165a     165a        0     1                 
4200165a     165a       32     1                 rtt_target::rtt::RttChannel::writer::h2efe1aba21462929
4200165c     165c        0     1                 
4200165e     165e        0     1                 
42001668     1668        0     1                 
42001674     1674        0     1                 
42001686     1686        0     1                 
4200168c     168c        0     1                 
4200168c     168c        0     1                 
4200168c     168c        0     1                 
4200168c     168c       b8     2         /Users/mabez/Development/rust/embedded/experiments/esp32c3-experiments/target/riscv32imac-unknown-none-elf/debug/deps/librtt_target-c8a503ffaa8773f6.rlib(rtt_target-c8a503ffaa8773f6.rtt_target.49ad93cd-cgu.0.rcgu.o):(.text._ZN10rtt_target3rtt10RttChannel13read_pointers17h5aded0d9f73bac04E)
4200168c     168c       b8     1                 rtt_target::rtt::RttChannel::read_pointers::h5aded0d9f73bac04
4200168c     168c        0     1                 
4200168c     168c        0     1                 
4200168c     168c        0     1                 
4200168e     168e        0     1                 
42001690     1690        0     1                 
42001694     1694        0     1                 
42001698     1698        0     1                 
4200169c     169c        0     1                 
420016ac     16ac        0     1                 
420016ac     16ac        0     1                 
420016b2     16b2        0     1                 
420016b6     16b6        0     1                 
420016c6     16c6        0     1                 
420016c6     16c6        0     1                 
420016cc     16cc        0     1                 
420016d2     16d2        0     1                 
420016d8     16d8        0     1                 
420016e0     16e0        0     1                 
420016e6     16e6        0     1                 
420016e8     16e8        0     1                 
420016fc     16fc        0     1                 
42001704     1704        0     1                 
42001704     1704        0     1                 
42001706     1706        0     1                 
42001706     1706        0     1                 
4200170c     170c        0     1                 
42001712     1712        0     1                 
4200171c     171c        0     1                 
42001722     1722        0     1                 
42001728     1728        0     1                 
42001732     1732        0     1                 
42001734     1734        0     1                 
42001738     1738        0     1                 
42001738     1738        0     1                 
42001744     1744        0     1                 
42001744     1744        0     1                 
42001744     1744        0     1                 
42001744     1744       36     2         /Users/mabez/Development/rust/embedded/experiments/esp32c3-experiments/target/riscv32imac-unknown-none-elf/debug/deps/librtt_target-c8a503ffaa8773f6.rlib(rtt_target-c8a503ffaa8773f6.rtt_target.49ad93cd-cgu.0.rcgu.o):(.text._ZN10rtt_target3rtt9RttWriter5write17hcb1853deafcd2789E)
42001744     1744        0     1                 
42001744     1744        0     1                 
42001744     1744        0     1                 
42001744     1744       36     1                 rtt_target::rtt::RttWriter::write::hcb1853deafcd2789
42001746     1746        0     1                 
42001748     1748        0     1                 
42001754     1754        0     1                 
42001762     1762        0     1                 
42001774     1774        0     1                 
4200177a     177a        0     1                 
4200177a     177a        0     1                 
4200177a     177a        0     1                 
4200177a     177a      1b6     2         /Users/mabez/Development/rust/embedded/experiments/esp32c3-experiments/target/riscv32imac-unknown-none-elf/debug/deps/librtt_target-c8a503ffaa8773f6.rlib(rtt_target-c8a503ffaa8773f6.rtt_target.49ad93cd-cgu.0.rcgu.o):(.text._ZN10rtt_target3rtt9RttWriter15write_with_mode17h24028f9197bf41b6E)
4200177a     177a        0     1                 
4200177a     177a        0     1                 
4200177a     177a        0     1                 
4200177a     177a      1b6     1                 rtt_target::rtt::RttWriter::write_with_mode::h24028f9197bf41b6
4200177c     177c        0     1                 
4200177e     177e        0     1                 
42001788     1788        0     1                 
4200178a     178a        0     1                 
420017a2     17a2        0     1                 
420017a6     17a6        0     1                 
420017ac     17ac        0     1                 
420017ae     17ae        0     1                 
420017b4     17b4        0     1                 
420017c4     17c4        0     1                 
420017ca     17ca        0     1                 
420017de     17de        0     1                 
420017e4     17e4        0     1                 
420017f2     17f2        0     1                 
420017f6     17f6        0     1                 
42001806     1806        0     1                 
4200180a     180a        0     1                 
4200180a     180a        0     1                 
42001810     1810        0     1                 
42001816     1816        0     1                 
4200181c     181c        0     1                 
42001820     1820        0     1                 
42001828     1828        0     1                 
42001838     1838        0     1                 
4200183a     183a        0     1                 
4200183e     183e        0     1                 
42001842     1842        0     1                 
42001846     1846        0     1                 
42001846     1846        0     1                 
42001848     1848        0     1                 
4200184c     184c        0     1                 
4200184c     184c        0     1                 
42001850     1850        0     1                 
42001854     1854        0     1                 
42001856     1856        0     1                 
4200185c     185c        0     1                 
42001860     1860        0     1                 
42001864     1864        0     1                 
4200186e     186e        0     1                 
42001874     1874        0     1                 
4200187a     187a        0     1                 
4200187a     187a        0     1                 
42001880     1880        0     1                 
42001880     1880        0     1                 
42001882     1882        0     1                 
42001892     1892        0     1                 
420018aa     18aa        0     1                 
420018b6     18b6        0     1                 
420018d2     18d2        0     1                 
420018d8     18d8        0     1                 
420018da     18da        0     1                 
420018de     18de        0     1                 
420018e4     18e4        0     1                 
42001900     1900        0     1                 
42001906     1906        0     1                 
42001908     1908        0     1                 
4200191e     191e        0     1                 
42001922     1922        0     1                 
42001924     1924        0     1                 
42001926     1926        0     1                 
4200192e     192e        0     1                 
4200192e     192e        0     1                 
42001930     1930        0     1                 
[...]
    4dc8     4dc8        0     1                 .Lline_table_start0
    4e88     4e88       ae     1         /Users/mabez/Development/rust/embedded/experiments/esp32c3-experiments/target/riscv32imac-unknown-none-elf/debug/deps/libesp32c3_lib-9b353d7564fdb320.rlib(esp32c3_lib-9b353d7564fdb320.32gpmocjzndmv0ky.rcgu.o):(.debug_line)
    4e88     4e88        0     1                 .Lline_table_start0
    4f36     4f36       be     1         /Users/mabez/Development/rust/embedded/experiments/esp32c3-experiments/target/riscv32imac-unknown-none-elf/debug/deps/libesp32c3_lib-9b353d7564fdb320.rlib(esp32c3_lib-9b353d7564fdb320.47yjv4rnqkji4yx9.rcgu.o):(.debug_line)
    4f36     4f36        0     1                 .Lline_table_start0
    4ff4     4ff4       93     1         /Users/mabez/Development/rust/embedded/experiments/esp32c3-experiments/target/riscv32imac-unknown-none-elf/debug/deps/libbare_metal-82dbc08a019da008.rlib(bare_metal-82dbc08a019da008.bare_metal.233bcc8d-cgu.0.rcgu.o):(.debug_line)
    4ff4     4ff4        0     1                 .Lline_table_start0
    5087     5087       bf     1         /Users/mabez/Development/rust/embedded/experiments/esp32c3-experiments/target/riscv32imac-unknown-none-elf/debug/deps/libvoid-d8bfa8eb72c6fce6.rlib(void-d8bfa8eb72c6fce6.void.0c48974b-cgu.0.rcgu.o):(.debug_line)
    5087     5087        0     1                 .Lline_table_start0
    5146     5146    27ac0     1         /Users/mabez/.rustup/toolchains/nightly-aarch64-apple-darwin/lib/rustlib/riscv32imac-unknown-none-elf/lib/libcore-081fd8405fc18f2e.rlib(core-081fd8405fc18f2e.core.756fe54c-cgu.0.rcgu.o):(.debug_line)
    5146     5146        0     1                 .Lline_table_start0
   2cc06    2cc06      20f     1         /Users/mabez/.rustup/toolchains/nightly-aarch64-apple-darwin/lib/rustlib/riscv32imac-unknown-none-elf/lib/libcompiler_builtins-1e32d751d3fb162c.rlib(compiler_builtins-1e32d751d3fb162c.compiler_builtins.864c03ce-cgu.104.rcgu.o):(.debug_line)
   2cc06    2cc06        0     1                 .Lline_table_start0
   2ce15    2ce15      41a     1         /Users/mabez/.rustup/toolchains/nightly-aarch64-apple-darwin/lib/rustlib/riscv32imac-unknown-none-elf/lib/libcompiler_builtins-1e32d751d3fb162c.rlib(compiler_builtins-1e32d751d3fb162c.compiler_builtins.864c03ce-cgu.106.rcgu.o):(.debug_line)
   2ce15    2ce15        0     1                 .Lline_table_start0
   2d22f    2d22f      191     1         /Users/mabez/.rustup/toolchains/nightly-aarch64-apple-darwin/lib/rustlib/riscv32imac-unknown-none-elf/lib/libcompiler_builtins-1e32d751d3fb162c.rlib(compiler_builtins-1e32d751d3fb162c.compiler_builtins.864c03ce-cgu.11.rcgu.o):(.debug_line)
   2d22f    2d22f        0     1                 .Lline_table_start0
   2d3c0    2d3c0      30a     1         /Users/mabez/.rustup/toolchains/nightly-aarch64-apple-darwin/lib/rustlib/riscv32imac-unknown-none-elf/lib/libcompiler_builtins-1e32d751d3fb162c.rlib(compiler_builtins-1e32d751d3fb162c.compiler_builtins.864c03ce-cgu.111.rcgu.o):(.debug_line)
   2d3c0    2d3c0        0     1                 .Lline_table_start0
   2d6ca    2d6ca      245     1         /Users/mabez/.rustup/toolchains/nightly-aarch64-apple-darwin/lib/rustlib/riscv32imac-unknown-none-elf/lib/libcompiler_builtins-1e32d751d3fb162c.rlib(compiler_builtins-1e32d751d3fb162c.compiler_builtins.864c03ce-cgu.2.rcgu.o):(.debug_line)
   2d6ca    2d6ca        0     1                 .Lline_table_start0
   2d90f    2d90f      682     1         /Users/mabez/.rustup/toolchains/nightly-aarch64-apple-darwin/lib/rustlib/riscv32imac-unknown-none-elf/lib/libcompiler_builtins-1e32d751d3fb162c.rlib(compiler_builtins-1e32d751d3fb162c.compiler_builtins.864c03ce-cgu.20.rcgu.o):(.debug_line)
   2d90f    2d90f        0     1                 .Lline_table_start0
   2df91    2df91       fc     1         /Users/mabez/.rustup/toolchains/nightly-aarch64-apple-darwin/lib/rustlib/riscv32imac-unknown-none-elf/lib/libcompiler_builtins-1e32d751d3fb162c.rlib(compiler_builtins-1e32d751d3fb162c.compiler_builtins.864c03ce-cgu.21.rcgu.o):(.debug_line)
   2df91    2df91        0     1                 .Lline_table_start0
   2e08d    2e08d      269     1         /Users/mabez/.rustup/toolchains/nightly-aarch64-apple-darwin/lib/rustlib/riscv32imac-unknown-none-elf/lib/libcompiler_builtins-1e32d751d3fb162c.rlib(compiler_builtins-1e32d751d3fb162c.compiler_builtins.864c03ce-cgu.27.rcgu.o):(.debug_line)
   2e08d    2e08d        0     1                 .Lline_table_start0
   2e2f6    2e2f6       fc     1         /Users/mabez/.rustup/toolchains/nightly-aarch64-apple-darwin/lib/rustlib/riscv32imac-unknown-none-elf/lib/libcompiler_builtins-1e32d751d3fb162c.rlib(compiler_builtins-1e32d751d3fb162c.compiler_builtins.864c03ce-cgu.28.rcgu.o):(.debug_line)
   2e2f6    2e2f6        0     1                 .Lline_table_start0
   2e3f2    2e3f2      28a     1         /Users/mabez/.rustup/toolchains/nightly-aarch64-apple-darwin/lib/rustlib/riscv32imac-unknown-none-elf/lib/libcompiler_builtins-1e32d751d3fb162c.rlib(compiler_builtins-1e32d751d3fb162c.compiler_builtins.864c03ce-cgu.69.rcgu.o):(.debug_line)
   2e3f2    2e3f2        0     1                 .Lline_table_start0
   2e67c    2e67c      33a     1         /Users/mabez/.rustup/toolchains/nightly-aarch64-apple-darwin/lib/rustlib/riscv32imac-unknown-none-elf/lib/libcompiler_builtins-1e32d751d3fb162c.rlib(compiler_builtins-1e32d751d3fb162c.compiler_builtins.864c03ce-cgu.7.rcgu.o):(.debug_line)
   2e67c    2e67c        0     1                 .Lline_table_start0
   2e9b6    2e9b6       fc     1         /Users/mabez/.rustup/toolchains/nightly-aarch64-apple-darwin/lib/rustlib/riscv32imac-unknown-none-elf/lib/libcompiler_builtins-1e32d751d3fb162c.rlib(compiler_builtins-1e32d751d3fb162c.compiler_builtins.864c03ce-cgu.70.rcgu.o):(.debug_line)
   2e9b6    2e9b6        0     1                 .Lline_table_start0
   2eab2    2eab2      245     1         /Users/mabez/.rustup/toolchains/nightly-aarch64-apple-darwin/lib/rustlib/riscv32imac-unknown-none-elf/lib/libcompiler_builtins-1e32d751d3fb162c.rlib(compiler_builtins-1e32d751d3fb162c.compiler_builtins.864c03ce-cgu.71.rcgu.o):(.debug_line)
   2eab2    2eab2        0     1                 .Lline_table_start0
   2ecf7    2ecf7      211     1         /Users/mabez/.rustup/toolchains/nightly-aarch64-apple-darwin/lib/rustlib/riscv32imac-unknown-none-elf/lib/libcompiler_builtins-1e32d751d3fb162c.rlib(compiler_builtins-1e32d751d3fb162c.compiler_builtins.864c03ce-cgu.79.rcgu.o):(.debug_line)
   2ecf7    2ecf7        0     1                 .Lline_table_start0
   2ef08    2ef08      41a     1         /Users/mabez/.rustup/toolchains/nightly-aarch64-apple-darwin/lib/rustlib/riscv32imac-unknown-none-elf/lib/libcompiler_builtins-1e32d751d3fb162c.rlib(compiler_builtins-1e32d751d3fb162c.compiler_builtins.864c03ce-cgu.8.rcgu.o):(.debug_line)
   2ef08    2ef08        0     1                 .Lline_table_start0
   2f322    2f322      b8c     1         /Users/mabez/.rustup/toolchains/nightly-aarch64-apple-darwin/lib/rustlib/riscv32imac-unknown-none-elf/lib/libcompiler_builtins-1e32d751d3fb162c.rlib(compiler_builtins-1e32d751d3fb162c.compiler_builtins.864c03ce-cgu.82.rcgu.o):(.debug_line)
   2f322    2f322        0     1                 .Lline_table_start0
   2feae    2feae      28e     1         /Users/mabez/.rustup/toolchains/nightly-aarch64-apple-darwin/lib/rustlib/riscv32imac-unknown-none-elf/lib/libcompiler_builtins-1e32d751d3fb162c.rlib(compiler_builtins-1e32d751d3fb162c.compiler_builtins.864c03ce-cgu.120.rcgu.o):(.debug_line)
   2feae    2feae        0     1                 .Lline_table_start0
   3013c    3013c      211     1         /Users/mabez/.rustup/toolchains/nightly-aarch64-apple-darwin/lib/rustlib/riscv32imac-unknown-none-elf/lib/libcompiler_builtins-1e32d751d3fb162c.rlib(compiler_builtins-1e32d751d3fb162c.compiler_builtins.864c03ce-cgu.92.rcgu.o):(.debug_line)
   3013c    3013c        0     1                 .Lline_table_start0
   3034d    3034d      394     1         /Users/mabez/Development/rust/embedded/experiments/esp32c3-experiments/target/riscv32imac-unknown-none-elf/debug/deps/libriscv_rt-792395b706c7e295.rlib(riscv_rt-792395b706c7e295.n23zmh27zi56vj2.rcgu.o):(.debug_line)
   3034d    3034d        0     1                 .Lline_table_start0
   306e1    306e1      24a     1         /Users/mabez/Development/rust/embedded/experiments/esp32c3-experiments/target/riscv32imac-unknown-none-elf/debug/deps/libriscv_rt-792395b706c7e295.rlib(riscv_rt-792395b706c7e295.2si3iiyx4w55gh9p.rcgu.o):(.debug_line)
   306e1    306e1        0     1                 .Lline_table_start0
   3092b    3092b      126     1         /Users/mabez/Development/rust/embedded/experiments/esp32c3-experiments/target/riscv32imac-unknown-none-elf/debug/deps/libriscv_rt-792395b706c7e295.rlib(riscv_rt-792395b706c7e295.nu58l7xx5z184oa.rcgu.o):(.debug_line)
   3092b    3092b        0     1                 .Lline_table_start0
   30a51    30a51       92     1         /Users/mabez/Development/rust/embedded/experiments/esp32c3-experiments/target/riscv32imac-unknown-none-elf/debug/deps/libriscv_rt-792395b706c7e295.rlib(riscv_rt-792395b706c7e295.40ecbdq24jylbsk0.rcgu.o):(.debug_line)
   30a51    30a51        0     1                 .Lline_table_start0
   30ae3    30ae3      15b     1         /Users/mabez/Development/rust/embedded/experiments/esp32c3-experiments/target/riscv32imac-unknown-none-elf/debug/deps/libriscv_rt-792395b706c7e295.rlib(riscv_rt-792395b706c7e295.4l8nnv0gz5uboi7y.rcgu.o):(.debug_line)
   30ae3    30ae3        0     1                 .Lline_table_start0
   30c3e    30c3e      129     1         /Users/mabez/Development/rust/embedded/experiments/esp32c3-experiments/target/riscv32imac-unknown-none-elf/debug/deps/libriscv_rt-792395b706c7e295.rlib(riscv_rt-792395b706c7e295.a1pdmtq419pk4l9.rcgu.o):(.debug_line)
   30c3e    30c3e        0     1                 .Lline_table_start0
   30d67    30d67      4ba     1         /Users/mabez/Development/rust/embedded/experiments/esp32c3-experiments/target/riscv32imac-unknown-none-elf/debug/deps/libriscv-58bee4c49f9f92ec.rlib(riscv-58bee4c49f9f92ec.riscv.8be94b29-cgu.0.rcgu.o):(.debug_line)
   30d67    30d67        0     1                 .Lline_table_start0
   31221    31221      2e4     1         /Users/mabez/Development/rust/embedded/experiments/esp32c3-experiments/target/riscv32imac-unknown-none-elf/debug/deps/libriscv-58bee4c49f9f92ec.rlib(riscv-58bee4c49f9f92ec.riscv.8be94b29-cgu.9.rcgu.o):(.debug_line)
   31221    31221        0     1                 .Lline_table_start0
   31505    31505      171     1         /Users/mabez/Development/rust/embedded/experiments/esp32c3-experiments/target/riscv32imac-unknown-none-elf/debug/deps/libriscv-58bee4c49f9f92ec.rlib(riscv-58bee4c49f9f92ec.riscv.8be94b29-cgu.4.rcgu.o):(.debug_line)
   31505    31505        0     1                 .Lline_table_start0
   31676    31676       c2     1         /Users/mabez/Development/rust/embedded/experiments/esp32c3-experiments/target/riscv32imac-unknown-none-elf/debug/deps/libriscv_rt-792395b706c7e295.rlib(riscv_rt-792395b706c7e295.2fig4fon7wqsswts.rcgu.o):(.debug_line)
   31676    31676        0     1                 .Lline_table_start0
   31738    31738       94     1         /Users/mabez/Development/rust/embedded/experiments/esp32c3-experiments/target/riscv32imac-unknown-none-elf/debug/deps/libriscv_rt-792395b706c7e295.rlib(riscv_rt-792395b706c7e295.53lukflzfjg86k6f.rcgu.o):(.debug_line)
   31738    31738        0     1                 .Lline_table_start0
   317cc    317cc       87     1         /Users/mabez/Development/rust/embedded/experiments/esp32c3-experiments/target/riscv32imac-unknown-none-elf/debug/deps/libriscv_rt-792395b706c7e295.rlib(riscv_rt-792395b706c7e295.2h85xx65g8aqsgk3.rcgu.o):(.debug_line)
   317cc    317cc        0     1                 .Lline_table_start0
   31853    31853      25a     1         /Users/mabez/Development/rust/embedded/experiments/esp32c3-experiments/target/riscv32imac-unknown-none-elf/debug/deps/libriscv_rt-792395b706c7e295.rlib(riscv-rt.o):(.debug_line)
   31aad    31aad      1ea     1         /Users/mabez/Development/rust/embedded/experiments/esp32c3-experiments/target/riscv32imac-unknown-none-elf/debug/deps/libriscv_atomic_emulation_trap-36c6147cf3a7da2f.rlib(riscv-atomic-emulation-trap.o):(.debug_line)
   31c97    31c97      961     1         /Users/mabez/Development/rust/embedded/experiments/esp32c3-experiments/target/riscv32imac-unknown-none-elf/debug/deps/libriscv_atomic_emulation_trap-36c6147cf3a7da2f.rlib(riscv_atomic_emulation_trap-36c6147cf3a7da2f.192heijy3m9d29qe.rcgu.o):(.debug_line)
   31c97    31c97        0     1                 .Lline_table_start0
   325f8    325f8       b3     1         /Users/mabez/Development/rust/embedded/experiments/esp32c3-experiments/target/riscv32imac-unknown-none-elf/debug/deps/libriscv_atomic_emulation_trap-36c6147cf3a7da2f.rlib(riscv_atomic_emulation_trap-36c6147cf3a7da2f.4wwaujsdloo4dvp5.rcgu.o):(.debug_line)
   325f8    325f8        0     1                 .Lline_table_start0
   326ab    326ab       99     1         /Users/mabez/Development/rust/embedded/experiments/esp32c3-experiments/target/riscv32imac-unknown-none-elf/debug/deps/libriscv_atomic_emulation_trap-36c6147cf3a7da2f.rlib(riscv_atomic_emulation_trap-36c6147cf3a7da2f.1mk8bwfvrfakb4yc.rcgu.o):(.debug_line)
   326ab    326ab        0     1                 .Lline_table_start0
   32744    32744       9e     1         /Users/mabez/Development/rust/embedded/experiments/esp32c3-experiments/target/riscv32imac-unknown-none-elf/debug/deps/libriscv_atomic_emulation_trap-36c6147cf3a7da2f.rlib(riscv_atomic_emulation_trap-36c6147cf3a7da2f.3grzare3werdor3q.rcgu.o):(.debug_line)
   32744    32744        0     1                 .Lline_table_start0
   327e2    327e2      1b2     1         /Users/mabez/Development/rust/embedded/experiments/esp32c3-experiments/target/riscv32imac-unknown-none-elf/debug/deps/libriscv_atomic_emulation_trap-36c6147cf3a7da2f.rlib(riscv_atomic_emulation_trap-36c6147cf3a7da2f.4l7k26w2j1wwfghy.rcgu.o):(.debug_line)
   327e2    327e2        0     1                 .Lline_table_start0
   32994    32994      28d     1         /Users/mabez/Development/rust/embedded/experiments/esp32c3-experiments/target/riscv32imac-unknown-none-elf/debug/deps/libriscv_atomic_emulation_trap-36c6147cf3a7da2f.rlib(riscv_atomic_emulation_trap-36c6147cf3a7da2f.be49seve1qmvobv.rcgu.o):(.debug_line)
   32994    32994        0     1                 .Lline_table_start0
   32c21    32c21      111     1         /Users/mabez/Development/rust/embedded/experiments/esp32c3-experiments/target/riscv32imac-unknown-none-elf/debug/deps/libriscv_atomic_emulation_trap-36c6147cf3a7da2f.rlib(riscv_atomic_emulation_trap-36c6147cf3a7da2f.431el3q0783r85py.rcgu.o):(.debug_line)
   32c21    32c21        0     1                 .Lline_table_start0
   32d32    32d32      1b1     1         /Users/mabez/Development/rust/embedded/experiments/esp32c3-experiments/target/riscv32imac-unknown-none-elf/debug/deps/libriscv_atomic_emulation_trap-36c6147cf3a7da2f.rlib(riscv_atomic_emulation_trap-36c6147cf3a7da2f.4q0r5d249n6epd3q.rcgu.o):(.debug_line)
   32d32    32d32        0     1                 .Lline_table_start0
   32ee3    32ee3      171     1         /Users/mabez/Development/rust/embedded/experiments/esp32c3-experiments/target/riscv32imac-unknown-none-elf/debug/deps/libriscv_atomic_emulation_trap-36c6147cf3a7da2f.rlib(riscv_atomic_emulation_trap-36c6147cf3a7da2f.4z6enr9b9fac5dau.rcgu.o):(.debug_line)
   32ee3    32ee3        0     1                 .Lline_table_start0
   33054    33054      4ba     1         /Users/mabez/Development/rust/embedded/experiments/esp32c3-experiments/target/riscv32imac-unknown-none-elf/debug/deps/libriscv-e6570dc03e37c02b.rlib(riscv-e6570dc03e37c02b.riscv.6a3f384f-cgu.0.rcgu.o):(.debug_line)
   33054    33054        0     1                 .Lline_table_start0
   3350e    3350e      2df     1         /Users/mabez/Development/rust/embedded/experiments/esp32c3-experiments/target/riscv32imac-unknown-none-elf/debug/deps/libriscv-e6570dc03e37c02b.rlib(riscv-e6570dc03e37c02b.riscv.6a3f384f-cgu.10.rcgu.o):(.debug_line)
   3350e    3350e        0     1                 .Lline_table_start0
   337ed    337ed      25b     1         /Users/mabez/Development/rust/embedded/experiments/esp32c3-experiments/target/riscv32imac-unknown-none-elf/debug/deps/libriscv-e6570dc03e37c02b.rlib(riscv-e6570dc03e37c02b.riscv.6a3f384f-cgu.8.rcgu.o):(.debug_line)
   337ed    337ed        0     1                 .Lline_table_start0
   33a48    33a48      171     1         /Users/mabez/Development/rust/embedded/experiments/esp32c3-experiments/target/riscv32imac-unknown-none-elf/debug/deps/libriscv-e6570dc03e37c02b.rlib(riscv-e6570dc03e37c02b.riscv.6a3f384f-cgu.4.rcgu.o):(.debug_line)
   33a48    33a48        0     1                 .Lline_table_start0
   33bb9    33bb9      1f4     1         /Users/mabez/Development/rust/embedded/experiments/esp32c3-experiments/target/riscv32imac-unknown-none-elf/debug/deps/libriscv-e6570dc03e37c02b.rlib(riscv-e6570dc03e37c02b.riscv.6a3f384f-cgu.11.rcgu.o):(.debug_line)
   33bb9    33bb9        0     1                 .Lline_table_start0
       0        0      168     1 .debug_loc
       0        0       38     1         /Users/mabez/Development/rust/embedded/experiments/esp32c3-experiments/target/riscv32imac-unknown-none-elf/debug/deps/esp32c3-0792fe58911f872d.31cobsrxn8v7n7js.rcgu.o:(.debug_loc)
       0        0        0     1                 
      1c       1c        0     1                 
      38       38       61     1         /Users/mabez/Development/rust/embedded/experiments/esp32c3-experiments/target/riscv32imac-unknown-none-elf/debug/deps/librtt_target-c8a503ffaa8773f6.rlib(rtt_target-c8a503ffaa8773f6.rtt_target.49ad93cd-cgu.0.rcgu.o):(.debug_loc)
      38       38        0     1                 
      54       54        0     1                 
      70       70        0     1                 
      99       99       61     1         /Users/mabez/Development/rust/embedded/experiments/esp32c3-experiments/target/riscv32imac-unknown-none-elf/debug/deps/librtt_target-c8a503ffaa8773f6.rlib(rtt_target-c8a503ffaa8773f6.rtt_target.49ad93cd-cgu.2.rcgu.o):(.debug_loc)
      99       99        0     1                 
      b5       b5        0     1                 
      d1       d1        0     1                 
      fa       fa       6e     1         /Users/mabez/Development/rust/embedded/experiments/esp32c3-experiments/target/riscv32imac-unknown-none-elf/debug/deps/librtt_target-c8a503ffaa8773f6.rlib(rtt_target-c8a503ffaa8773f6.rtt_target.49ad93cd-cgu.5.rcgu.o):(.debug_loc)
      fa       fa        0     1                 
     123      123        0     1                 
     13f      13f        0     1                 
       0        0       10     1 .debug_line_str
       0        0       10     1         <internal>:(.debug_line_str)
       0        0       20     1 .debug_rnglists
       0        0       20     1         /Users/mabez/Development/rust/embedded/experiments/esp32c3-experiments/target/riscv32imac-unknown-none-elf/debug/deps/libriscv_rt-792395b706c7e295.rlib(riscv-rt.o):(.debug_rnglists)
       c        c        0     1                 .L0 
       0        0       13     1 .comment
       0        0       13     1         <internal>:(.comment)
       0        0    22ac0     4 .symtab
       0        0    22ac0     4         <internal>:(.symtab)
       0        0      120     1 .shstrtab
       0        0      120     1         <internal>:(.shstrtab)
       0        0     69a9     1 .strtab
       0        0     69a9     1         <internal>:(.strtab)
